{
  "scope": "Read-only saved native states/original sampled metadata/media encoding identities only. No native integration, dense-force/inertia validation or new physics/capture qualification; original closed success/failure flags preserved.",
  "passed": true,
  "trajectory_sha256": "6639eff093a6f1ba5d26540ecb77ca9cdd05e9d48ca17eb56efde4e7b95d0678",
  "render_manifest_sha256": "79b3736db15b3fb52345404c70eaa4136b57b2c69a93e8f233f6971e41ce6e6e",
  "original_saved_state_stills": 19,
  "all_original_sample_qpos_qvel_hashes_exact": true,
  "all_original_frame_indices_times_exact": true,
  "mp4_frames": 265,
  "mp4_fps": 12.0,
  "mp4_encoded_duration_s": 22.083333333333332,
  "gif_duration_ms": 22080,
  "original_prefix_bytes_unchanged": true,
  "source74_identity_unchanged": true,
  "sampled_inertia_disabled_records": 2641,
  "sampled_inertia_active_records": 1798,
  "identity_report_sha256": "73c09e18edb23ef55280a7ee631fd964a247540bb5ec689fa9dc8e204baaa49f",
  "independent_audit_binding_sha256": "4be80e698c07137d6182dffa297586af18084569d594b4dc49f47ef187f9e605",
  "original_native_passed": false,
  "original_native_partial": false,
  "original_native_aborted": {
    "phase": "reset_open_search_2",
    "time": 22.08285000017131,
    "reported_sdf_depth_m": 3.284587311867288e-08,
    "radial_offset_m": 3.382761117131849e-06,
    "bolt_tilt_rad": 0.0003429043494068644,
    "block_grip_slip_m": 8.925241940493252e-07,
    "block_grip_rotation_slip_rad": 3.831081429695265e-05,
    "bolt_grip_slip_m": 0.0,
    "world_block_support_contacts": 29,
    "minimum_native_joint_margin_rad": 0.10679990412527629,
    "warnings": 0,
    "external_drive_zero": true
  },
  "disabled_inverse_inputs_are_not_measured_mass_or_Jdot": true,
  "verification_source_sha256": "df9be163706c8f3e655b23524179b3ef1007a72bc5d56a7ed1fcf912334f6e2c"
}
