{
  "scope": "Read-only saved native states/original sampled metadata/media encoding identities only. No native integration, dense-force/inertia validation or new physics/capture qualification; original closed success/failure flags preserved.",
  "passed": true,
  "trajectory_sha256": "05ec38b0913f82aaa90d693999ce0e1c37f557d03f4727a397e3911e6af9419a",
  "render_manifest_sha256": "fc9ef4152dc122f7b242cc27139d04c8a6a9d54e8d19b7f61db28c3b7a098337",
  "original_saved_state_stills": 70,
  "all_original_sample_qpos_qvel_hashes_exact": true,
  "all_original_frame_indices_times_exact": true,
  "mp4_frames": 648,
  "mp4_fps": 12.0,
  "mp4_encoded_duration_s": 54.0,
  "gif_duration_ms": 54000,
  "original_prefix_bytes_unchanged": true,
  "source74_identity_unchanged": true,
  "sampled_inertia_disabled_records": 5403,
  "sampled_inertia_active_records": 5440,
  "identity_report_sha256": "9084f97cbd1eeeb5b46b9b0e07b73090d08f733c26f545512ed15813543de607",
  "independent_audit_binding_sha256": "6358e32d170bb9ed7710f76f1b40f51cfdb2143bdc8d5bc47f9f4b60291a51bf",
  "original_native_exit_code": 0,
  "original_native_passed": true,
  "original_native_partial": false,
  "original_native_aborted": null,
  "disabled_inverse_inputs_are_not_measured_mass_or_Jdot": true,
  "verification_source_sha256": "8d58268df1ca851f9bda89f0899349bc0f33cce0c1ec0cf4bd74bea8789dbd4e"
}
