test_all_actual_brake_jets_match_independent_coefficients (test_independent_cold_crest_inertia_audit_v5.BrakeReaderTests.test_all_actual_brake_jets_match_independent_coefficients) ... ok
test_dynamic_forward_derivative_cannot_use_a_fixed_pi_plan (test_independent_cold_crest_inertia_audit_v5.BrakeReaderTests.test_dynamic_forward_derivative_cannot_use_a_fixed_pi_plan) ... ok
test_entire_curve_peak_acceleration_inside_interval (test_independent_cold_crest_inertia_audit_v5.BrakeReaderTests.test_entire_curve_peak_acceleration_inside_interval) ... ok
test_first_ready_after_minimum_dwell_is_consumed_without_waiting_for_endpoint (test_independent_cold_crest_inertia_audit_v5.BrakeReaderTests.test_first_ready_after_minimum_dwell_is_consumed_without_waiting_for_endpoint) ... ok
test_mutated_acceleration_is_rejected (test_independent_cold_crest_inertia_audit_v5.BrakeReaderTests.test_mutated_acceleration_is_rejected) ... ok
test_premature_brake_completed_flag_is_rejected (test_independent_cold_crest_inertia_audit_v5.BrakeReaderTests.test_premature_brake_completed_flag_is_rejected) ... ok
test_start_jet_and_first_dt_are_continuous_without_instant_stop (test_independent_cold_crest_inertia_audit_v5.BrakeReaderTests.test_start_jet_and_first_dt_are_continuous_without_instant_stop) ... ok
test_stationary_endpoint_is_C2_not_C3 (test_independent_cold_crest_inertia_audit_v5.BrakeReaderTests.test_stationary_endpoint_is_C2_not_C3) ... ok
test_unavailable_readiness_never_synthesizes_an_event (test_independent_cold_crest_inertia_audit_v5.BrakeReaderTests.test_unavailable_readiness_never_synthesizes_an_event) ... ok
test_bad_contact_basis_rejected (test_independent_cold_crest_inertia_audit_v5.OriginalReaderTests.test_bad_contact_basis_rejected) ... ok
test_declared_source_bundle_binds_whole_new_observer (test_independent_cold_crest_inertia_audit_v5.OriginalReaderTests.test_declared_source_bundle_binds_whole_new_observer) ... ok
test_float_flags_cannot_claim_native_boolean_schema (test_independent_cold_crest_inertia_audit_v5.OriginalReaderTests.test_float_flags_cannot_claim_native_boolean_schema) ... ok
test_invalid_epoch_clears_current_report_without_rewriting_saved_event (test_independent_cold_crest_inertia_audit_v5.OriginalReaderTests.test_invalid_epoch_clears_current_report_without_rewriting_saved_event) ... ok
test_moving_unloaded_crest_return_only_requests_closed_braking (test_independent_cold_crest_inertia_audit_v5.OriginalReaderTests.test_moving_unloaded_crest_return_only_requests_closed_braking) ... ok
test_positive_hand_load_not_signed_cancellation (test_independent_cold_crest_inertia_audit_v5.OriginalReaderTests.test_positive_hand_load_not_signed_cancellation) ... ok
test_scalar_cannot_replace_six_axis_original_wrench (test_independent_cold_crest_inertia_audit_v5.OriginalReaderTests.test_scalar_cannot_replace_six_axis_original_wrench) ... ok
test_table_window_mean_never_waives_unloaded_endpoint (test_independent_cold_crest_inertia_audit_v5.OriginalReaderTests.test_table_window_mean_never_waives_unloaded_endpoint) ... ok
test_warm_history_never_qualifies_before_fresh_100ms (test_independent_cold_crest_inertia_audit_v5.OriginalReaderTests.test_warm_history_never_qualifies_before_fresh_100ms) ... ok
test_world_contact_action_reaction_and_moment (test_independent_cold_crest_inertia_audit_v5.OriginalReaderTests.test_world_contact_action_reaction_and_moment) ... ok
test_caps_apply_to_combined_force_and_preserve_direction (test_independent_inertia_command_math_v5.IndependentRecordedInertiaTests.test_caps_apply_to_combined_force_and_preserve_direction) ... ok
test_condition_limit_is_not_silently_clamped (test_independent_inertia_command_math_v5.IndependentRecordedInertiaTests.test_condition_limit_is_not_silently_clamped) ... ok
test_float_flag_cannot_claim_real_boolean_execution (test_independent_inertia_command_math_v5.IndependentRecordedInertiaTests.test_float_flag_cannot_claim_real_boolean_execution) ... ok
test_invalid_mass_is_not_regularized (test_independent_inertia_command_math_v5.IndependentRecordedInertiaTests.test_invalid_mass_is_not_regularized) ... ok
test_jdot_qdot_is_subtracted_before_solve (test_independent_inertia_command_math_v5.IndependentRecordedInertiaTests.test_jdot_qdot_is_subtracted_before_solve) ... ok
test_latest_post_velocity_cannot_replace_coherent_cache (test_independent_inertia_command_math_v5.IndependentRecordedInertiaTests.test_latest_post_velocity_cannot_replace_coherent_cache) ... ok
test_off_diagonal_robot_mass_requires_real_transverse_force (test_independent_inertia_command_math_v5.IndependentRecordedInertiaTests.test_off_diagonal_robot_mass_requires_real_transverse_force) ... ok
test_rank_deficient_hybrid_task_is_not_regularized (test_independent_inertia_command_math_v5.IndependentRecordedInertiaTests.test_rank_deficient_hybrid_task_is_not_regularized) ... ok
test_requested_axial_acceleration_is_excluded_from_five_axis_task (test_independent_inertia_command_math_v5.IndependentRecordedInertiaTests.test_requested_axial_acceleration_is_excluded_from_five_axis_task) ... ok
test_retained_timestamp_cannot_claim_current_force_time (test_independent_inertia_command_math_v5.IndependentRecordedInertiaTests.test_retained_timestamp_cannot_claim_current_force_time) ... ok
test_two_initial_rows_then_exact_i_minus_two_cache (test_independent_inertia_command_math_v5.IndependentRecordedInertiaTests.test_two_initial_rows_then_exact_i_minus_two_cache) ... ok
test_unarchived_or_missing_command_column_is_rejected (test_independent_inertia_command_math_v5.IndependentRecordedInertiaTests.test_unarchived_or_missing_command_column_is_rejected) ... ok

----------------------------------------------------------------------
Ran 31 tests in 1.676s

OK
