t=0.0001 phase=stabilize_table_down clock=-1.894985 thread_up=0.133598 hand_up=0.127951 overlap_mm=1.488083 formed_um=0.000 radial_um=63.763
t=0.1001 phase=stabilize_table_down clock=-1.894985 thread_up=0.308738 hand_up=-0.044812 overlap_mm=1.502950 formed_um=0.000 radial_um=73.876
t=0.2001 phase=stabilize_table_down clock=-1.894985 thread_up=0.000000 hand_up=0.260235 overlap_mm=1.511311 formed_um=0.000 radial_um=76.756
t=0.3001 phase=align_measured_head clock=-1.894985 thread_up=1.207318 hand_up=-0.945878 overlap_mm=1.519491 formed_um=0.000 radial_um=81.107
t=0.4001 phase=align_measured_head clock=-1.894985 thread_up=0.458517 hand_up=-0.196847 overlap_mm=1.473292 formed_um=0.000 radial_um=10.908
t=0.5000 phase=align_measured_head clock=-1.894985 thread_up=0.000000 hand_up=0.260465 overlap_mm=1.478091 formed_um=0.000 radial_um=16.346
t=0.6001 phase=settle_measured_grasp clock=-1.894985 thread_up=0.512197 hand_up=-0.241208 overlap_mm=1.492246 formed_um=0.000 radial_um=36.470
t=0.7001 phase=settle_measured_grasp clock=-1.894985 thread_up=0.637613 hand_up=-0.361942 overlap_mm=1.490411 formed_um=0.000 radial_um=44.942
t=0.8001 phase=settle_measured_grasp clock=-1.894985 thread_up=0.000000 hand_up=0.254725 overlap_mm=1.490299 formed_um=0.000 radial_um=45.401
t=0.9001 phase=start_thread_1 clock=-1.894985 thread_up=0.000000 hand_up=0.256890 overlap_mm=1.498200 formed_um=0.000 radial_um=46.334
t=1.0001 phase=start_thread_1 clock=-1.894809 thread_up=0.286233 hand_up=-0.022352 overlap_mm=1.502903 formed_um=0.000 radial_um=49.769
t=1.1000 phase=start_thread_1 clock=-1.893615 thread_up=0.255226 hand_up=0.007405 overlap_mm=1.510531 formed_um=0.000 radial_um=53.967
t=1.2001 phase=start_thread_1 clock=-1.890492 thread_up=0.265964 hand_up=-0.002864 overlap_mm=1.519598 formed_um=0.000 radial_um=59.337
t=1.3001 phase=start_thread_1 clock=-1.884640 thread_up=0.238310 hand_up=0.023775 overlap_mm=1.530349 formed_um=0.000 radial_um=65.741
t=1.4001 phase=start_thread_1 clock=-1.875365 thread_up=0.256974 hand_up=0.005373 overlap_mm=1.542277 formed_um=0.000 radial_um=72.682
t=1.5001 phase=start_thread_1 clock=-1.862075 thread_up=0.189887 hand_up=0.078221 overlap_mm=1.552886 formed_um=0.000 radial_um=77.000
t=1.6000 phase=start_thread_1 clock=-1.844279 thread_up=0.491135 hand_up=-0.216445 overlap_mm=1.564184 formed_um=0.000 radial_um=82.682
t=1.7001 phase=start_thread_1 clock=-1.821576 thread_up=0.229548 hand_up=0.026023 overlap_mm=1.577746 formed_um=0.000 radial_um=84.497
t=1.8001 phase=start_thread_1 clock=-1.793655 thread_up=0.376855 hand_up=-0.112771 overlap_mm=1.581819 formed_um=0.000 radial_um=83.244
t=1.9001 phase=start_thread_1 clock=-1.760291 thread_up=0.351025 hand_up=-0.090147 overlap_mm=1.580796 formed_um=0.000 radial_um=83.037
t=2.0000 phase=start_thread_1 clock=-1.721338 thread_up=0.000000 hand_up=0.258885 overlap_mm=1.586848 formed_um=0.000 radial_um=82.505
t=2.1000 phase=start_thread_1 clock=-1.676726 thread_up=0.000000 hand_up=0.257378 overlap_mm=1.583621 formed_um=0.000 radial_um=82.588
t=2.2001 phase=start_thread_1 clock=-1.626456 thread_up=0.489081 hand_up=-0.221330 overlap_mm=1.589061 formed_um=0.000 radial_um=79.708
t=2.3001 phase=start_thread_1 clock=-1.570598 thread_up=0.402474 hand_up=-0.138645 overlap_mm=1.595541 formed_um=0.000 radial_um=82.977
t=2.4001 phase=start_thread_1 clock=-1.509281 thread_up=0.639688 hand_up=-0.370582 overlap_mm=1.600711 formed_um=0.000 radial_um=85.991
t=2.5001 phase=start_thread_1 clock=-1.442695 thread_up=1.483543 hand_up=-1.190642 overlap_mm=1.605497 formed_um=0.000 radial_um=91.193
t=2.5306 phase=start_thread_1 clock=-1.421338 thread_up=3.674813 hand_up=-3.339383 overlap_mm=1.600592 formed_um=0.000 radial_um=86.419
{"all_original_guards_held": false, "aborted": {"elapsed_s": 2.5306, "failed_checks": ["bilateral_left_pad_load"]}, "actual_duration_s": 2.5306, "wall_seconds": 378.06707978500344, "ever_weight_transfer_ready": true, "final_weight_window": {"observer": "diagnostic-native-bolt-weight-transfer-v1", "ready_for_diagnostic_release_attempt": false, "bolt_weight_N": 0.26241400403581094, "required_window_s": 0.1, "observed_window_s": 0.0, "original_native_samples": 0, "mean_thread_weight_fraction": null, "mean_positive_hand_upward_weight_fraction": null, "signed_thread_gravity_opposing_impulse_Ns": 0.0, "positive_hand_upward_impulse_Ns": 0.0, "loaded_actual_interior_flank_duration_s": 0.0, "loaded_thread_gravity_support_duty_fraction": null, "entry_only_native_contact_window": false, "loaded_actual_interior_flank_contact_observed": false, "scope": "Measured bolt-weight transfer while aligned and slow. May still be cone-only; never a full-flank capture, passive reset or successful thread proof."}, "partial_formed_loaded_release_allowed": false, "final100ms": {"time_s": 12.429674999977703, "elapsed_s": 2.480625, "net_feed_N": 0.26241400403581094, "axial_motor_feed_N": 0.004866196832882576, "thread_gravity_opposing_force_N": 0.27644622386774925, "hand_gravity_opposing_force_N": -0.01390883202595888, "relative_bolt_axial_velocity_m_per_s": -2.5541035381828074e-05, "radial_offset_m": 9.252511908941608e-05, "bolt_tilt_rad": 0.011629250132480635, "thread_overlap_m": 0.0016059994438641808, "formed_flank_overlap_m": 0.0, "interior_flank_gravity_opposing_force_N": 0.0, "interior_flank_summed_normal_force_N": 0.0, "loaded_actual_interior_flank_contact_count": 0.0, "native_thread_depth_m": 2.978619576228632e-07, "right_grip_slip_m": 0.0001013260296426406, "table_upward_force_N": 3.2270534224333156, "left_hand_upward_force_N": -1.9503455690060136, "external_drive_zero": 1.0, "right_pad_gravity_opposing_force_N": -0.01390883202595888, "native_thread_contact_count": 0.9195, "bolt_world_support_contact_count": 0.0, "nonthread_block_bolt_contact_count": 0.0, "all_checks_held": 0.9995, "base_z_m": -0.02239291851006177, "yaw_unwrapped_rad": -0.11516295693670477, "desired_turn_theta_rad": -1.455819278561862, "desired_turn_angular_speed_rad_s": 0.6815056041521979, "relative_bolt_angular_speed_rad_per_s": 0.6819603075656177, "relative_hand_angular_speed_rad_per_s": 0.6817234193535028, "phase_index": 4.0, "thread_summed_normal_force_N": 1.429064473421487, "minimum_joint_margin_rad": 0.18949784958811453, "block_translation_m": 1.1562075960337264e-05, "block_rotation_rad": 7.997415636624239e-05, "block_lift_m": -1.3337026812643566e-06, "left_pad_0_N": 16.016898335844743, "left_pad_1_N": 15.96811494992601, "right_pad_0_N": 15.62713373592053, "right_pad_1_N": 16.150286717217153, "left_grip_slip_m": 1.7159416374972243e-06, "right_grip_rotation_slip_rad": 0.015636023752604096, "left_grip_rotation_slip_rad": 2.334018844005496e-05, "table_loaded_ready": 1.0}}
