{
  "mode": "closed_native",
  "frames": 648,
  "encoded_video_duration_s": 54.0,
  "gif_duration_ms": 54000,
  "native_last_time_s": 53.921050001228224,
  "trajectory_sha256": "05ec38b0913f82aaa90d693999ce0e1c37f557d03f4727a397e3911e6af9419a",
  "media_sha256": {
    "demo.mp4": "bdaf53d5348f0e290e6797500d78e6dec10f951fcb16d5668a4ed22382f07c38",
    "demo.gif": "687f96fcd6c22889574d84b040d71a87e5336cd49fba0f774fbdd3b59031ba57",
    "demo.png": "2e9bbbeec9af7e6eeca572a201085c04de4db31f8feba7a91e10bc092f1cb019",
    "initial_state.png": "99fd6ac57df479df7a65fc53da5bd71d344635f411c322615059c27cae13ba6d",
    "left_stabilized.png": "4ee1d0cd397dd7c6c6c48749c90d2b3bb68043daa90c377cb64ac270933245bc",
    "bolt_grasped.png": "729ef32fa8bb1e36a7fa3986a16dfc6131e2b2f58d1fd731ce12b63f71742f4d",
    "bolt_lifted.png": "fe7f4393a0f1bd6748d80233881c783ca1531ee6079b5f3dd1410d9dd12d4e19",
    "bolt_aligned.png": "c979073ab1dace156327230c2705314227cdcfc692e8d2ef8430618bc8667d40",
    "direction_stop_phase_end.png": "79aa83f9ea4f8d2f44637679bde923c1a02ac95242e902a78ab31d3a5e5a960b",
    "phase_stop_reverse_seat_1.png": "79aa83f9ea4f8d2f44637679bde923c1a02ac95242e902a78ab31d3a5e5a960b",
    "phase_stop_start_1.png": "439dbc41fae95c8b8aa3978112df7bb0b5010cfe1a9e41ae26330b1697bd9429",
    "phase_open_settle_search_2.png": "8c5d3d13380631fdc7710a4ed0e06595defae056940778a7b4830e072bc4de6c",
    "phase_reset_open_search_2.png": "fc863d2171f0a599fed67f763e1b96a22ed0dc6f0a6501a01d0e27864822d3fc",
    "phase_open_hold_search_2.png": "868203f139855391cd63f817a196f9f5733ce6212a491cf6fb031c5ea850c5fc",
    "phase_regrip_search_2.png": "0c257e799211332f459208c0f0f9c9a7576548b13b5188bf01452c54a289f2f9",
    "phase_settle_regrip_search_2.png": "3a4e835619c5edf3685c777213dcad3ab57e9c97057cf3d1f74cee111ef93d5a",
    "phase_stop_start_2.png": "9569bc68ca2ab5e2e64b6ab4b6ba21c9960fef7c4ed269fc4f3f488199d1a56a",
    "phase_open_settle_search_3.png": "482890496a8afdacb9ebd599f339c4b2dd6c327550d9b2d8aa96fa3ee30f6f97",
    "phase_reset_open_search_3.png": "b392d3dc8c48d55d84a9fc2704bf78a733ce34a6a2010cfdfbe335db67ab5b56",
    "phase_open_hold_search_3.png": "87e34b69f2ac4676940d9a933a6431819e0aac9c11cff1c378bb00748878d197",
    "phase_regrip_search_3.png": "f7e23a8c39710f89e2b29af42bcc7eeb6a6bf2c972a354e3042d2ee1d001d9d4",
    "phase_settle_regrip_search_3.png": "5510ba6b51a3f7365885627a554b1aaf2b1073cff4d46d0fd3594b7ce4fc935b",
    "phase_stop_start_3.png": "10db3b55df0cd6a0522fdaaa51df071ce72a7405ca551645de6754ded79a01d4",
    "phase_open_settle_1.png": "698a8a407d23eee12163bb10bf30ce9cd9ecd7e81b2cb9a85ed32026d9b56676",
    "phase_reset_open_1.png": "a010c2b3d369b89f2f722a4ce07e02af5387b0564b33517d44f75c55e75835ab",
    "phase_open_hold_1.png": "d5dee080db7ca5ff33d2ef5a734d109347e50d3cc6dfeec2df4043c6a86973d4",
    "phase_regrip_1.png": "5c4f27e82c6aec193414da1ec2798687e040482ad82057686049ae6ad2b2af01",
    "phase_settle_regrip_1.png": "2fbb7306c111a53565aa679a5af7ee1b775b1771e418eede8db703aac8c17fc2",
    "phase_stop_1.png": "867c3333a507d805ca01789a0dbee8f000979035cc5e773289b0602a61a42b25",
    "phase_open_settle_2.png": "730967cd09b840caa8bdef11c447f049ec6524ecb2eaecf47a232fc1d31abede",
    "phase_reset_open_2.png": "553fa28b7142221800d5d1b57e48f628590a78392c79ca12f72c671132a6159c",
    "phase_open_hold_2.png": "78ca6c31c053551ca3536d88e1ec0500bfb2d44be55d496b7dd89619477691d6",
    "phase_regrip_2.png": "1a06b8a7ade6551ceb3d6bf8d782b3f2a379800684a292b6a0971cdccdfb7781",
    "phase_settle_regrip_2.png": "bb34b74c06e4869a676f7c829d96a2ec7072ba1ab3b941cfa4cdf9457e4aa139",
    "phase_stop_2.png": "2e9bbbeec9af7e6eeca572a201085c04de4db31f8feba7a91e10bc092f1cb019",
    "first_contact_free_open_settle.png": "53c11fdd654c65c8cd0d737744d8c9c6b27132a01203fd25dd31deb34a45a7dc",
    "first_ready_open_settle.png": "8c5d3d13380631fdc7710a4ed0e06595defae056940778a7b4830e072bc4de6c",
    "first_forward_stop_phase_end.png": "439dbc41fae95c8b8aa3978112df7bb0b5010cfe1a9e41ae26330b1697bd9429",
    "actual_event_4_stop_reverse_seat_1.png": "79aa83f9ea4f8d2f44637679bde923c1a02ac95242e902a78ab31d3a5e5a960b",
    "actual_event_5_stop_start_1.png": "439dbc41fae95c8b8aa3978112df7bb0b5010cfe1a9e41ae26330b1697bd9429",
    "actual_event_9_settle_regrip_search_2.png": "3a4e835619c5edf3685c777213dcad3ab57e9c97057cf3d1f74cee111ef93d5a",
    "actual_event_10_settle_regrip_search_2.png": "3a4e835619c5edf3685c777213dcad3ab57e9c97057cf3d1f74cee111ef93d5a",
    "actual_event_11_stop_start_2.png": "9569bc68ca2ab5e2e64b6ab4b6ba21c9960fef7c4ed269fc4f3f488199d1a56a",
    "actual_event_15_settle_regrip_search_3.png": "5510ba6b51a3f7365885627a554b1aaf2b1073cff4d46d0fd3594b7ce4fc935b",
    "actual_event_16_settle_regrip_search_3.png": "5510ba6b51a3f7365885627a554b1aaf2b1073cff4d46d0fd3594b7ce4fc935b",
    "actual_event_17_stop_start_3.png": "10db3b55df0cd6a0522fdaaa51df071ce72a7405ca551645de6754ded79a01d4",
    "actual_event_21_settle_regrip_1.png": "2fbb7306c111a53565aa679a5af7ee1b775b1771e418eede8db703aac8c17fc2",
    "actual_event_22_settle_regrip_1.png": "2fbb7306c111a53565aa679a5af7ee1b775b1771e418eede8db703aac8c17fc2",
    "actual_event_23_stop_1.png": "867c3333a507d805ca01789a0dbee8f000979035cc5e773289b0602a61a42b25",
    "actual_event_27_settle_regrip_2.png": "bb34b74c06e4869a676f7c829d96a2ec7072ba1ab3b941cfa4cdf9457e4aa139",
    "actual_event_28_settle_regrip_2.png": "bb34b74c06e4869a676f7c829d96a2ec7072ba1ab3b941cfa4cdf9457e4aa139",
    "actual_event_29_stop_2.png": "2e9bbbeec9af7e6eeca572a201085c04de4db31f8feba7a91e10bc092f1cb019",
    "endpoint_detail.png": "7a7ed83bfdaf5a4061b8ab936e47ec658785012c499bad105d0dc1ccf97c9716",
    "initial_state_detail.png": "7ed4c44a7040dea38d00d855dafdad99bad22a85bf0aaa2e71893a1a79452d5d",
    "first_contact_free_open_settle_detail.png": "a484df80786575dbc1c192c13f1904bcb888201084e407ca4d206b84305ee7cc",
    "first_ready_open_settle_detail.png": "d5bb80f7fb3a4ad91fe4bd40cd62daf2e1ce3e529b2d125fb32858a1cce3c9b9",
    "first_forward_stop_phase_end_detail.png": "b64982e96d62644df4f312ccd8a8e6e9adf567f58f086d555a52461cc8942d3d",
    "actual_event_4_stop_reverse_seat_1_detail.png": "542f6eb100f260bf42d755d8b8dc120f65a111dadfcf2b806a3233d9e2783b3f",
    "actual_event_5_stop_start_1_detail.png": "b64982e96d62644df4f312ccd8a8e6e9adf567f58f086d555a52461cc8942d3d",
    "actual_event_9_settle_regrip_search_2_detail.png": "3558a7255ccfe223aad3f418ae937c9a61083aa9c9b14f4835d7ca82381b9977",
    "actual_event_10_settle_regrip_search_2_detail.png": "3558a7255ccfe223aad3f418ae937c9a61083aa9c9b14f4835d7ca82381b9977",
    "actual_event_11_stop_start_2_detail.png": "430a93b42313f64f2e93bcb51c9d7713a83d5f1b58de974785ef583eef6db526",
    "actual_event_15_settle_regrip_search_3_detail.png": "5109c1d61b14d0ebe73f207325c2591079720c7c7f3b914d96b6c08cba34646a",
    "actual_event_16_settle_regrip_search_3_detail.png": "5109c1d61b14d0ebe73f207325c2591079720c7c7f3b914d96b6c08cba34646a",
    "actual_event_17_stop_start_3_detail.png": "e5fd7bec7b48de39727533562b297ae9e2e7835bb1373cab737693a356176301",
    "actual_event_21_settle_regrip_1_detail.png": "4869d86e2870bdee7c77dc934c282d1fd552dd089bcbf61033a811ee1f5fa6a9",
    "actual_event_22_settle_regrip_1_detail.png": "4869d86e2870bdee7c77dc934c282d1fd552dd089bcbf61033a811ee1f5fa6a9",
    "actual_event_23_stop_1_detail.png": "19e6ac2a43c602a0506f8fa380daf8769ddb3f205a2265933e5f8a29e51e2005",
    "actual_event_27_settle_regrip_2_detail.png": "b44c3d8b8bca4d7d1c9270544e569baac7768eaaa484244c8451dc1530b148c7",
    "actual_event_28_settle_regrip_2_detail.png": "b44c3d8b8bca4d7d1c9270544e569baac7768eaaa484244c8451dc1530b148c7",
    "actual_event_29_stop_2_detail.png": "7a7ed83bfdaf5a4061b8ab936e47ec658785012c499bad105d0dc1ccf97c9716",
    "left_stabilized_detail.png": "546a8dec0c0e1e62f7d78ed510b6fca2ca9b90186ac8b0e11446b68083416cdb"
  }
}
