{"phase": "settle_table", "bolt_insertion_advance_m": -2.5374147227807953e-13, "bolt_clockwise_rotation_rad": -2.76395670795182e-08, "observed_helix_residual_m": 5.244975684753599e-12, "maximum_hand_bolt_contacts": 0, "maximum_bolt_world_support_contacts": 12, "maximum_block_world_support_contacts": 16, "maximum_head_block_seating_contacts": 0, "sampled_peak_pad_contact_torque_Nm": 0.0, "maximum_absolute_bolt_rotation_from_phase_start_rad": 3.5166309420020525e-08, "maximum_absolute_bolt_axial_motion_from_phase_start_m": 2.646771690706373e-13, "started_engaged": false, "ended_engaged": false, "final_bolt_world_support_contacts": 12, "final_block_world_support_contacts": 16, "final_block_lift_m": -1.8242939554824478e-07, "left_grasp_acquired": false, "left_pickup_verified": false, "all_substep_left_pad_loads": {"observer": "native-bilateral-pad-load-v1", "minimum_loaded_force_N": 0.1, "observed_physics_steps": 0, "observed_duration_s": 0.0, "minimum_normal_force_N": null, "unloaded_physics_steps": [0, 0], "unloaded_duration_s": [0.0, 0.0], "maximum_consecutive_unloaded_duration_s": [0.0, 0.0], "continuously_bilateral_loaded": false}, "final_thread_overlap_m": -0.3619999994398511, "final_formed_flank_overlap_m": 0.0}
{"phase": "reach_left_block", "bolt_insertion_advance_m": -4.369837824924616e-13, "bolt_clockwise_rotation_rad": 1.7669044005685919e-09, "observed_helix_residual_m": -7.884982441441037e-13, "maximum_hand_bolt_contacts": 0, "maximum_bolt_world_support_contacts": 12, "maximum_block_world_support_contacts": 16, "maximum_head_block_seating_contacts": 0, "sampled_peak_pad_contact_torque_Nm": 0.0, "maximum_absolute_bolt_rotation_from_phase_start_rad": 1.7637506566359207e-08, "maximum_absolute_bolt_axial_motion_from_phase_start_m": 4.425348976155874e-13, "started_engaged": false, "ended_engaged": false, "final_bolt_world_support_contacts": 12, "final_block_world_support_contacts": 16, "final_block_lift_m": -1.8242939554824478e-07, "left_grasp_acquired": false, "left_pickup_verified": false, "all_substep_left_pad_loads": {"observer": "native-bilateral-pad-load-v1", "minimum_loaded_force_N": 0.1, "observed_physics_steps": 0, "observed_duration_s": 0.0, "minimum_normal_force_N": null, "unloaded_physics_steps": [0, 0], "unloaded_duration_s": [0.0, 0.0], "maximum_consecutive_unloaded_duration_s": [0.0, 0.0], "continuously_bilateral_loaded": false}, "final_thread_overlap_m": -0.3619999995670332, "final_formed_flank_overlap_m": 0.0}
{"phase": "close_left_block", "bolt_insertion_advance_m": -2.769671521019035e-07, "bolt_clockwise_rotation_rad": 2.1706483350758532e-05, "observed_helix_residual_m": -2.812855197549224e-07, "maximum_hand_bolt_contacts": 0, "maximum_bolt_world_support_contacts": 12, "maximum_block_world_support_contacts": 16, "maximum_head_block_seating_contacts": 0, "sampled_peak_pad_contact_torque_Nm": 0.0, "maximum_absolute_bolt_rotation_from_phase_start_rad": 2.195242501068506e-05, "maximum_absolute_bolt_axial_motion_from_phase_start_m": 3.117211586078916e-07, "started_engaged": false, "ended_engaged": false, "final_bolt_world_support_contacts": 12, "final_block_world_support_contacts": 12, "final_block_lift_m": -1.7274914048542866e-07, "left_grasp_acquired": false, "left_pickup_verified": false, "all_substep_left_pad_loads": {"observer": "native-bilateral-pad-load-v1", "minimum_loaded_force_N": 0.1, "observed_physics_steps": 0, "observed_duration_s": 0.0, "minimum_normal_force_N": null, "unloaded_physics_steps": [0, 0], "unloaded_duration_s": [0.0, 0.0], "maximum_consecutive_unloaded_duration_s": [0.0, 0.0], "continuously_bilateral_loaded": false}, "final_thread_overlap_m": -0.3620002069882202, "final_formed_flank_overlap_m": 0.0}
{"phase": "settle_left_block", "bolt_insertion_advance_m": 1.3733249903946643e-07, "bolt_clockwise_rotation_rad": -3.151726422956358e-06, "observed_helix_residual_m": 1.3795951508882497e-07, "maximum_hand_bolt_contacts": 0, "maximum_bolt_world_support_contacts": 12, "maximum_block_world_support_contacts": 15, "maximum_head_block_seating_contacts": 0, "sampled_peak_pad_contact_torque_Nm": 0.0, "maximum_absolute_bolt_rotation_from_phase_start_rad": 3.3551479856619437e-06, "maximum_absolute_bolt_axial_motion_from_phase_start_m": 1.3733249903946643e-07, "started_engaged": false, "ended_engaged": false, "final_bolt_world_support_contacts": 12, "final_block_world_support_contacts": 15, "final_block_lift_m": -1.8217239659834572e-07, "left_grasp_acquired": true, "left_pickup_verified": false, "all_substep_left_pad_loads": {"observer": "native-bilateral-pad-load-v1", "minimum_loaded_force_N": 0.1, "observed_physics_steps": 1, "observed_duration_s": 5e-05, "minimum_normal_force_N": [15.985915814634085, 15.984269015069643], "unloaded_physics_steps": [0, 0], "unloaded_duration_s": [0.0, 0.0], "maximum_consecutive_unloaded_duration_s": [0.0, 0.0], "continuously_bilateral_loaded": true}, "final_thread_overlap_m": -0.3620001163708615, "final_formed_flank_overlap_m": 0.0}
{"phase": "lift_left_block", "bolt_insertion_advance_m": -5.533609626073854e-07, "bolt_clockwise_rotation_rad": 0.0003750021175856766, "observed_helix_residual_m": -6.279652634619962e-07, "maximum_hand_bolt_contacts": 0, "maximum_bolt_world_support_contacts": 12, "maximum_block_world_support_contacts": 15, "maximum_head_block_seating_contacts": 0, "sampled_peak_pad_contact_torque_Nm": 0.0, "maximum_absolute_bolt_rotation_from_phase_start_rad": 0.0006228147917135551, "maximum_absolute_bolt_axial_motion_from_phase_start_m": 5.165460681910705e-06, "started_engaged": false, "ended_engaged": false, "final_bolt_world_support_contacts": 12, "final_block_world_support_contacts": 0, "final_block_lift_m": 0.05996490005782493, "left_grasp_acquired": true, "left_pickup_verified": true, "all_substep_left_pad_loads": {"observer": "native-bilateral-pad-load-v1", "minimum_loaded_force_N": 0.1, "observed_physics_steps": 18000, "observed_duration_s": 0.8999999999999091, "minimum_normal_force_N": [0.0, 5.337297959478738], "unloaded_physics_steps": [3, 0], "unloaded_duration_s": [0.00015000000000000001, 0.0], "maximum_consecutive_unloaded_duration_s": [5e-05, 0.0], "continuously_bilateral_loaded": false}, "final_thread_overlap_m": -0.3620012868789066, "final_formed_flank_overlap_m": 0.0}
{"phase": "transport_left_block", "bolt_insertion_advance_m": 0.4414153007813648, "bolt_clockwise_rotation_rad": -0.23014190659386102, "observed_helix_residual_m": 0.4414610860589236, "maximum_hand_bolt_contacts": 0, "maximum_bolt_world_support_contacts": 12, "maximum_block_world_support_contacts": 0, "maximum_head_block_seating_contacts": 0, "sampled_peak_pad_contact_torque_Nm": 0.0, "maximum_absolute_bolt_rotation_from_phase_start_rad": 0.23026077275077972, "maximum_absolute_bolt_axial_motion_from_phase_start_m": 0.44150411185259986, "started_engaged": false, "ended_engaged": false, "final_bolt_world_support_contacts": 12, "final_block_world_support_contacts": 0, "final_block_lift_m": 0.04707864336525425, "left_grasp_acquired": true, "left_pickup_verified": true, "all_substep_left_pad_loads": {"observer": "native-bilateral-pad-load-v1", "minimum_loaded_force_N": 0.1, "observed_physics_steps": 60000, "observed_duration_s": 2.9999999999996776, "minimum_normal_force_N": [0.0, 0.0], "unloaded_physics_steps": [6, 6], "unloaded_duration_s": [0.00030000000000000003, 0.00030000000000000003], "maximum_consecutive_unloaded_duration_s": [5e-05, 5e-05], "continuously_bilateral_loaded": false}, "final_thread_overlap_m": -0.06341460778505847, "final_formed_flank_overlap_m": 0.0}
{"phase": "hold_left_block", "bolt_insertion_advance_m": -0.00022493971897787068, "bolt_clockwise_rotation_rad": 0.00018127239888032776, "observed_helix_residual_m": -0.0002249757819757806, "maximum_hand_bolt_contacts": 0, "maximum_bolt_world_support_contacts": 12, "maximum_block_world_support_contacts": 0, "maximum_head_block_seating_contacts": 0, "sampled_peak_pad_contact_torque_Nm": 0.0, "maximum_absolute_bolt_rotation_from_phase_start_rad": 0.00018127239888032776, "maximum_absolute_bolt_axial_motion_from_phase_start_m": 0.00022493971897787068, "started_engaged": false, "ended_engaged": false, "final_bolt_world_support_contacts": 12, "final_block_world_support_contacts": 0, "final_block_lift_m": 0.04709893727054021, "left_grasp_acquired": true, "left_pickup_verified": true, "all_substep_left_pad_loads": {"observer": "native-bilateral-pad-load-v1", "minimum_loaded_force_N": 0.1, "observed_physics_steps": 3000, "observed_duration_s": 0.14999999999999164, "minimum_normal_force_N": [16.496062852123554, 15.49735395898432], "unloaded_physics_steps": [0, 0], "unloaded_duration_s": [0.0, 0.0], "maximum_consecutive_unloaded_duration_s": [0.0, 0.0], "continuously_bilateral_loaded": true}, "final_thread_overlap_m": -0.06318966806608059, "final_formed_flank_overlap_m": 0.0}
{"phase": "secure_left", "bolt_insertion_advance_m": -5.86996416379465e-05, "bolt_clockwise_rotation_rad": 4.2592399738250464e-05, "observed_helix_residual_m": -5.870811512664211e-05, "maximum_hand_bolt_contacts": 0, "maximum_bolt_world_support_contacts": 12, "maximum_block_world_support_contacts": 0, "maximum_head_block_seating_contacts": 0, "sampled_peak_pad_contact_torque_Nm": 0.0, "maximum_absolute_bolt_rotation_from_phase_start_rad": 4.2592399738250464e-05, "maximum_absolute_bolt_axial_motion_from_phase_start_m": 5.86996416379465e-05, "started_engaged": false, "ended_engaged": false, "final_bolt_world_support_contacts": 12, "final_block_world_support_contacts": 0, "final_block_lift_m": 0.04709923289976006, "left_grasp_acquired": true, "left_pickup_verified": true, "all_substep_left_pad_loads": {"observer": "native-bilateral-pad-load-v1", "minimum_loaded_force_N": 0.1, "observed_physics_steps": 5000, "observed_duration_s": 0.24999999999998063, "minimum_normal_force_N": [16.496165740194726, 15.4974106321481], "unloaded_physics_steps": [0, 0], "unloaded_duration_s": [0.0, 0.0], "maximum_consecutive_unloaded_duration_s": [0.0, 0.0], "continuously_bilateral_loaded": true}, "final_thread_overlap_m": -0.06313096842444266, "final_formed_flank_overlap_m": 0.0}
{"phase": "reach_bolt", "bolt_insertion_advance_m": -2.742257600010789e-06, "bolt_clockwise_rotation_rad": 1.638609627097054e-06, "observed_helix_residual_m": -2.742583591038227e-06, "maximum_hand_bolt_contacts": 0, "maximum_bolt_world_support_contacts": 12, "maximum_block_world_support_contacts": 0, "maximum_head_block_seating_contacts": 0, "sampled_peak_pad_contact_torque_Nm": 0.0, "maximum_absolute_bolt_rotation_from_phase_start_rad": 1.638609627097054e-06, "maximum_absolute_bolt_axial_motion_from_phase_start_m": 2.742257600010789e-06, "started_engaged": false, "ended_engaged": false, "final_bolt_world_support_contacts": 12, "final_block_world_support_contacts": 0, "final_block_lift_m": 0.04709920847042193, "left_grasp_acquired": true, "left_pickup_verified": true, "all_substep_left_pad_loads": {"observer": "native-bilateral-pad-load-v1", "minimum_loaded_force_N": 0.1, "observed_physics_steps": 11000, "observed_duration_s": 0.5499999999999476, "minimum_normal_force_N": [16.496212123413738, 15.49741381238281], "unloaded_physics_steps": [0, 0], "unloaded_duration_s": [0.0, 0.0], "maximum_consecutive_unloaded_duration_s": [0.0, 0.0], "continuously_bilateral_loaded": true}, "final_thread_overlap_m": -0.06312822616684263, "final_formed_flank_overlap_m": 0.0}
{"phase": "close_bolt", "bolt_insertion_advance_m": -3.412364115579214e-07, "bolt_clockwise_rotation_rad": -0.0004700682987310856, "observed_helix_residual_m": -2.477192948906089e-07, "maximum_hand_bolt_contacts": 8, "maximum_bolt_world_support_contacts": 12, "maximum_block_world_support_contacts": 0, "maximum_head_block_seating_contacts": 0, "sampled_peak_pad_contact_torque_Nm": 0.001029016628097635, "maximum_absolute_bolt_rotation_from_phase_start_rad": 0.0004700682987310856, "maximum_absolute_bolt_axial_motion_from_phase_start_m": 3.4462616747832353e-07, "started_engaged": false, "ended_engaged": false, "final_bolt_world_support_contacts": 8, "final_block_world_support_contacts": 0, "final_block_lift_m": 0.04709922133393252, "left_grasp_acquired": true, "left_pickup_verified": true, "all_substep_left_pad_loads": {"observer": "native-bilateral-pad-load-v1", "minimum_loaded_force_N": 0.1, "observed_physics_steps": 5000, "observed_duration_s": 0.24999999999998063, "minimum_normal_force_N": [16.49622139053354, 15.497424116123211], "unloaded_physics_steps": [0, 0], "unloaded_duration_s": [0.0, 0.0], "maximum_consecutive_unloaded_duration_s": [0.0, 0.0], "continuously_bilateral_loaded": true}, "final_thread_overlap_m": -0.06312788493043109, "final_formed_flank_overlap_m": 0.0}
{"phase": "settle_bolt", "bolt_insertion_advance_m": -4.460314134702159e-08, "bolt_clockwise_rotation_rad": -5.781523808146005e-06, "observed_helix_residual_m": -4.3452943731184195e-08, "maximum_hand_bolt_contacts": 8, "maximum_bolt_world_support_contacts": 12, "maximum_block_world_support_contacts": 0, "maximum_head_block_seating_contacts": 0, "sampled_peak_pad_contact_torque_Nm": 7.259723395823547e-05, "maximum_absolute_bolt_rotation_from_phase_start_rad": 5.781523808146005e-06, "maximum_absolute_bolt_axial_motion_from_phase_start_m": 4.460314134702159e-08, "started_engaged": false, "ended_engaged": false, "final_bolt_world_support_contacts": 12, "final_block_world_support_contacts": 0, "final_block_lift_m": 0.04709922616012663, "left_grasp_acquired": true, "left_pickup_verified": true, "all_substep_left_pad_loads": {"observer": "native-bilateral-pad-load-v1", "minimum_loaded_force_N": 0.1, "observed_physics_steps": 2400, "observed_duration_s": 0.11999999999999494, "minimum_normal_force_N": [16.49622318643382, 15.497425909746026], "unloaded_physics_steps": [0, 0], "unloaded_duration_s": [0.0, 0.0], "maximum_consecutive_unloaded_duration_s": [0.0, 0.0], "continuously_bilateral_loaded": true}, "final_thread_overlap_m": -0.06312784032728974, "final_formed_flank_overlap_m": 0.0}
{"phase": "lift_bolt", "bolt_insertion_advance_m": -0.11030310670105153, "bolt_clockwise_rotation_rad": 0.0003590563972535321, "observed_helix_residual_m": -0.11030317813305213, "maximum_hand_bolt_contacts": 8, "maximum_bolt_world_support_contacts": 12, "maximum_block_world_support_contacts": 0, "maximum_head_block_seating_contacts": 0, "sampled_peak_pad_contact_torque_Nm": 1.1048919635361339e-05, "maximum_absolute_bolt_rotation_from_phase_start_rad": 0.0012150799520380673, "maximum_absolute_bolt_axial_motion_from_phase_start_m": 0.11032136292608982, "started_engaged": false, "ended_engaged": false, "final_bolt_world_support_contacts": 0, "final_block_world_support_contacts": 0, "final_block_lift_m": 0.04709924234784141, "left_grasp_acquired": true, "left_pickup_verified": true, "all_substep_left_pad_loads": {"observer": "native-bilateral-pad-load-v1", "minimum_loaded_force_N": 0.1, "observed_physics_steps": 13000, "observed_duration_s": 0.6499999999999366, "minimum_normal_force_N": [16.49622377434437, 15.497426496652754], "unloaded_physics_steps": [0, 0], "unloaded_duration_s": [0.0, 0.0], "maximum_consecutive_unloaded_duration_s": [0.0, 0.0], "continuously_bilateral_loaded": true}, "final_thread_overlap_m": -0.015175345623521474, "final_formed_flank_overlap_m": 0.0}
{"phase": "transport_bolt", "bolt_insertion_advance_m": 0.00020008617978273247, "bolt_clockwise_rotation_rad": 0.0004731917327940316, "observed_helix_residual_m": 0.00019999204127860197, "maximum_hand_bolt_contacts": 8, "maximum_bolt_world_support_contacts": 0, "maximum_block_world_support_contacts": 0, "maximum_head_block_seating_contacts": 0, "sampled_peak_pad_contact_torque_Nm": 2.008573702379055e-05, "maximum_absolute_bolt_rotation_from_phase_start_rad": 0.0019681178505175367, "maximum_absolute_bolt_axial_motion_from_phase_start_m": 0.00020008617978273247, "started_engaged": false, "ended_engaged": false, "final_bolt_world_support_contacts": 0, "final_block_world_support_contacts": 0, "final_block_lift_m": 0.0470992506201042, "left_grasp_acquired": true, "left_pickup_verified": true, "all_substep_left_pad_loads": {"observer": "native-bilateral-pad-load-v1", "minimum_loaded_force_N": 0.1, "observed_physics_steps": 18000, "observed_duration_s": 0.8999999999999091, "minimum_normal_force_N": [16.496225408577956, 15.49742812748838], "unloaded_physics_steps": [0, 0], "unloaded_duration_s": [0.0, 0.0], "maximum_consecutive_unloaded_duration_s": [0.0, 0.0], "continuously_bilateral_loaded": true}, "final_thread_overlap_m": -0.014976270865613733, "final_formed_flank_overlap_m": 0.0}
{"phase": "align_over_hole", "bolt_insertion_advance_m": 0.014319736201207273, "bolt_clockwise_rotation_rad": -0.0011555137482774924, "observed_helix_residual_m": 0.014319966083363334, "maximum_hand_bolt_contacts": 8, "maximum_bolt_world_support_contacts": 0, "maximum_block_world_support_contacts": 0, "maximum_head_block_seating_contacts": 0, "sampled_peak_pad_contact_torque_Nm": 2.4075991781025628e-05, "maximum_absolute_bolt_rotation_from_phase_start_rad": 0.0011555137482774924, "maximum_absolute_bolt_axial_motion_from_phase_start_m": 0.014325101860596556, "started_engaged": false, "ended_engaged": false, "final_bolt_world_support_contacts": 0, "final_block_world_support_contacts": 0, "final_block_lift_m": 0.04709925224248067, "left_grasp_acquired": true, "left_pickup_verified": true, "all_substep_left_pad_loads": {"observer": "native-bilateral-pad-load-v1", "minimum_loaded_force_N": 0.1, "observed_physics_steps": 9000, "observed_duration_s": 0.4499999999999586, "minimum_normal_force_N": [16.496226043023803, 15.497428760192442], "unloaded_physics_steps": [0, 0], "unloaded_duration_s": [0.0, 0.0], "maximum_consecutive_unloaded_duration_s": [0.0, 0.0], "continuously_bilateral_loaded": true}, "final_thread_overlap_m": -0.0006554666243262369, "final_formed_flank_overlap_m": 0.0}
{"phase": "feed_to_entry", "bolt_insertion_advance_m": 0.00020635498043221345, "bolt_clockwise_rotation_rad": 0.00026695043895630377, "observed_helix_residual_m": 0.0002063018723298129, "maximum_hand_bolt_contacts": 8, "maximum_bolt_world_support_contacts": 0, "maximum_block_world_support_contacts": 0, "maximum_head_block_seating_contacts": 0, "sampled_peak_pad_contact_torque_Nm": 1.0351323595978574e-07, "maximum_absolute_bolt_rotation_from_phase_start_rad": 0.00026695043895630377, "maximum_absolute_bolt_axial_motion_from_phase_start_m": 0.00020635498043221345, "started_engaged": false, "ended_engaged": false, "final_bolt_world_support_contacts": 0, "final_block_world_support_contacts": 0, "final_block_lift_m": 0.04709925280422686, "left_grasp_acquired": true, "left_pickup_verified": true, "all_substep_left_pad_loads": {"observer": "native-bilateral-pad-load-v1", "minimum_loaded_force_N": 0.1, "observed_physics_steps": 5000, "observed_duration_s": 0.24999999999998063, "minimum_normal_force_N": [16.496226151526024, 15.497428868358949], "unloaded_physics_steps": [0, 0], "unloaded_duration_s": [0.0, 0.0], "maximum_consecutive_unloaded_duration_s": [0.0, 0.0], "continuously_bilateral_loaded": true}, "final_thread_overlap_m": -0.0004490899685239136, "final_formed_flank_overlap_m": 0.0}
{"phase": "start_thread_1", "bolt_insertion_advance_m": 0.0018137859208192109, "bolt_clockwise_rotation_rad": 3.141893328537647, "observed_helix_residual_m": 0.0011887261034389423, "maximum_hand_bolt_contacts": 8, "maximum_bolt_world_support_contacts": 0, "maximum_block_world_support_contacts": 0, "maximum_head_block_seating_contacts": 0, "sampled_peak_pad_contact_torque_Nm": 0.0010395118756168734, "maximum_absolute_bolt_rotation_from_phase_start_rad": 3.141913999757307, "maximum_absolute_bolt_axial_motion_from_phase_start_m": 0.0018508116865070534, "started_engaged": false, "ended_engaged": false, "final_bolt_world_support_contacts": 0, "final_block_world_support_contacts": 0, "final_block_lift_m": 0.047095497776082296, "left_grasp_acquired": true, "left_pickup_verified": true, "all_substep_left_pad_loads": {"observer": "native-bilateral-pad-load-v1", "minimum_loaded_force_N": 0.1, "observed_physics_steps": 58905, "observed_duration_s": 2.945249999999805, "minimum_normal_force_N": [16.4582265187771, 14.257491778630499], "unloaded_physics_steps": [0, 0], "unloaded_duration_s": [0.0, 0.0], "maximum_consecutive_unloaded_duration_s": [0.0, 0.0], "continuously_bilateral_loaded": true}, "final_thread_overlap_m": 0.0013646709505939873, "final_formed_flank_overlap_m": 0.0}
{"phase": "stop_start_1", "bolt_insertion_advance_m": 5.676706676501636e-06, "bolt_clockwise_rotation_rad": -0.00014948272182335742, "observed_helix_residual_m": 5.7064453191079085e-06, "maximum_hand_bolt_contacts": 8, "maximum_bolt_world_support_contacts": 0, "maximum_block_world_support_contacts": 0, "maximum_head_block_seating_contacts": 0, "sampled_peak_pad_contact_torque_Nm": 1.6818028222880126e-05, "maximum_absolute_bolt_rotation_from_phase_start_rad": 0.00014948272182335742, "maximum_absolute_bolt_axial_motion_from_phase_start_m": 5.676706676501636e-06, "started_engaged": false, "ended_engaged": false, "final_bolt_world_support_contacts": 0, "final_block_world_support_contacts": 0, "final_block_lift_m": 0.047096340245339804, "left_grasp_acquired": true, "left_pickup_verified": true, "all_substep_left_pad_loads": {"observer": "native-bilateral-pad-load-v1", "minimum_loaded_force_N": 0.1, "observed_physics_steps": 2400, "observed_duration_s": 0.11999999999999494, "minimum_normal_force_N": [16.49768362441192, 15.420841733284067], "unloaded_physics_steps": [0, 0], "unloaded_duration_s": [0.0, 0.0], "maximum_consecutive_unloaded_duration_s": [0.0, 0.0], "continuously_bilateral_loaded": true}, "final_thread_overlap_m": 0.0013703429914298931, "final_formed_flank_overlap_m": 0.0}
{"phase": "release_search_2", "bolt_insertion_advance_m": 2.953685881788848e-05, "bolt_clockwise_rotation_rad": 0.00015598982140563322, "observed_helix_residual_m": 2.9505825628952568e-05, "maximum_hand_bolt_contacts": 8, "maximum_bolt_world_support_contacts": 0, "maximum_block_world_support_contacts": 0, "maximum_head_block_seating_contacts": 0, "sampled_peak_pad_contact_torque_Nm": 1.6429657358919083e-05, "maximum_absolute_bolt_rotation_from_phase_start_rad": 0.0001711947062332797, "maximum_absolute_bolt_axial_motion_from_phase_start_m": 3.252767173408597e-05, "started_engaged": false, "ended_engaged": false, "final_bolt_world_support_contacts": 0, "final_block_world_support_contacts": 0, "final_block_lift_m": 0.04708134476619087, "left_grasp_acquired": true, "left_pickup_verified": true, "all_substep_left_pad_loads": {"observer": "native-bilateral-pad-load-v1", "minimum_loaded_force_N": 0.1, "observed_physics_steps": 3000, "observed_duration_s": 0.14999999999999164, "minimum_normal_force_N": [16.498292230729252, 14.70439108173814], "unloaded_physics_steps": [0, 0], "unloaded_duration_s": [0.0, 0.0], "maximum_consecutive_unloaded_duration_s": [0.0, 0.0], "continuously_bilateral_loaded": true}, "final_thread_overlap_m": 0.0013997190605893606, "final_formed_flank_overlap_m": 0.0}
{"phase": "open_settle_search_2", "bolt_insertion_advance_m": -1.8716063216600576e-08, "bolt_clockwise_rotation_rad": 2.9810283641573676e-06, "observed_helix_residual_m": -1.9309119966166566e-08, "maximum_hand_bolt_contacts": 0, "maximum_bolt_world_support_contacts": 0, "maximum_block_world_support_contacts": 0, "maximum_head_block_seating_contacts": 0, "sampled_peak_pad_contact_torque_Nm": 0.0, "maximum_absolute_bolt_rotation_from_phase_start_rad": 2.9810283641573676e-06, "maximum_absolute_bolt_axial_motion_from_phase_start_m": 2.1677288231797265e-08, "started_engaged": false, "ended_engaged": false, "final_bolt_world_support_contacts": 0, "final_block_world_support_contacts": 0, "final_block_lift_m": 0.04708153868504057, "left_grasp_acquired": true, "left_pickup_verified": true, "all_substep_left_pad_loads": {"observer": "native-bilateral-pad-load-v1", "minimum_loaded_force_N": 0.1, "observed_physics_steps": 1600, "observed_duration_s": 0.07999999999999935, "minimum_normal_force_N": [16.6272350436272, 15.365983315640008], "unloaded_physics_steps": [0, 0], "unloaded_duration_s": [0.0, 0.0], "maximum_consecutive_unloaded_duration_s": [0.0, 0.0], "continuously_bilateral_loaded": true}, "final_thread_overlap_m": 0.001399700621641256, "final_formed_flank_overlap_m": 0.0}
{"phase": "reset_open_search_2", "bolt_insertion_advance_m": 3.4472364705828706e-08, "bolt_clockwise_rotation_rad": 3.862019263412009e-05, "observed_helix_residual_m": 2.6789121504726933e-08, "maximum_hand_bolt_contacts": 0, "maximum_bolt_world_support_contacts": 0, "maximum_block_world_support_contacts": 0, "maximum_head_block_seating_contacts": 0, "sampled_peak_pad_contact_torque_Nm": 0.0, "maximum_absolute_bolt_rotation_from_phase_start_rad": 3.862019263412009e-05, "maximum_absolute_bolt_axial_motion_from_phase_start_m": 1.1282910927432055e-07, "started_engaged": false, "ended_engaged": false, "final_bolt_world_support_contacts": 0, "final_block_world_support_contacts": 0, "final_block_lift_m": 0.047081695839053944, "left_grasp_acquired": true, "left_pickup_verified": true, "all_substep_left_pad_loads": {"observer": "native-bilateral-pad-load-v1", "minimum_loaded_force_N": 0.1, "observed_physics_steps": 29452, "observed_duration_s": 1.4726000000008954, "minimum_normal_force_N": [16.625620304913575, 15.363694426220444], "unloaded_physics_steps": [0, 0], "unloaded_duration_s": [0.0, 0.0], "maximum_consecutive_unloaded_duration_s": [0.0, 0.0], "continuously_bilateral_loaded": true}, "final_thread_overlap_m": 0.0013997425948236303, "final_formed_flank_overlap_m": 0.0}
{"phase": "open_hold_search_2", "bolt_insertion_advance_m": 1.7954854054924585e-08, "bolt_clockwise_rotation_rad": -2.154755371019945e-06, "observed_helix_residual_m": 1.838352901548913e-08, "maximum_hand_bolt_contacts": 0, "maximum_bolt_world_support_contacts": 0, "maximum_block_world_support_contacts": 0, "maximum_head_block_seating_contacts": 0, "sampled_peak_pad_contact_torque_Nm": 0.0, "maximum_absolute_bolt_rotation_from_phase_start_rad": 2.171339768874958e-06, "maximum_absolute_bolt_axial_motion_from_phase_start_m": 1.7954854054924585e-08, "started_engaged": false, "ended_engaged": false, "final_bolt_world_support_contacts": 0, "final_block_world_support_contacts": 0, "final_block_lift_m": 0.04708169678054726, "left_grasp_acquired": true, "left_pickup_verified": true, "all_substep_left_pad_loads": {"observer": "native-bilateral-pad-load-v1", "minimum_loaded_force_N": 0.1, "observed_physics_steps": 1600, "observed_duration_s": 0.07999999999999935, "minimum_normal_force_N": [16.626794509616953, 15.365770929966374], "unloaded_physics_steps": [0, 0], "unloaded_duration_s": [0.0, 0.0], "maximum_consecutive_unloaded_duration_s": [0.0, 0.0], "continuously_bilateral_loaded": true}, "final_thread_overlap_m": 0.0013997597294337465, "final_formed_flank_overlap_m": 0.0}
{"phase": "regrip_search_2", "bolt_insertion_advance_m": -2.9768257828188815e-07, "bolt_clockwise_rotation_rad": -0.00037174437104026126, "observed_helix_residual_m": -2.2372638550983164e-07, "maximum_hand_bolt_contacts": 8, "maximum_bolt_world_support_contacts": 0, "maximum_block_world_support_contacts": 0, "maximum_head_block_seating_contacts": 0, "sampled_peak_pad_contact_torque_Nm": 0.00011507535983428983, "maximum_absolute_bolt_rotation_from_phase_start_rad": 0.0006703695628451634, "maximum_absolute_bolt_axial_motion_from_phase_start_m": 8.638337225704007e-07, "started_engaged": false, "ended_engaged": false, "final_bolt_world_support_contacts": 0, "final_block_world_support_contacts": 0, "final_block_lift_m": 0.04707976104484862, "left_grasp_acquired": true, "left_pickup_verified": true, "all_substep_left_pad_loads": {"observer": "native-bilateral-pad-load-v1", "minimum_loaded_force_N": 0.1, "observed_physics_steps": 5000, "observed_duration_s": 0.24999999999998063, "minimum_normal_force_N": [16.5116294820533, 14.717157648779969], "unloaded_physics_steps": [0, 0], "unloaded_duration_s": [0.0, 0.0], "maximum_consecutive_unloaded_duration_s": [0.0, 0.0], "continuously_bilateral_loaded": true}, "final_thread_overlap_m": 0.001399491330207902, "final_formed_flank_overlap_m": 0.0}
{"phase": "settle_regrip_search_2", "bolt_insertion_advance_m": -1.5274242646037828e-07, "bolt_clockwise_rotation_rad": 5.641512869791754e-05, "observed_helix_residual_m": -1.6396585970717705e-07, "maximum_hand_bolt_contacts": 8, "maximum_bolt_world_support_contacts": 0, "maximum_block_world_support_contacts": 0, "maximum_head_block_seating_contacts": 0, "sampled_peak_pad_contact_torque_Nm": 6.027388918721733e-05, "maximum_absolute_bolt_rotation_from_phase_start_rad": 5.641512869791754e-05, "maximum_absolute_bolt_axial_motion_from_phase_start_m": 2.0241102393278587e-06, "started_engaged": false, "ended_engaged": false, "final_bolt_world_support_contacts": 0, "final_block_world_support_contacts": 0, "final_block_lift_m": 0.04709643720377449, "left_grasp_acquired": true, "left_pickup_verified": true, "all_substep_left_pad_loads": {"observer": "native-bilateral-pad-load-v1", "minimum_loaded_force_N": 0.1, "observed_physics_steps": 2400, "observed_duration_s": 0.11999999999999494, "minimum_normal_force_N": [16.49522557405746, 15.35708314565835], "unloaded_physics_steps": [0, 0], "unloaded_duration_s": [0.0, 0.0], "maximum_consecutive_unloaded_duration_s": [0.0, 0.0], "continuously_bilateral_loaded": true}, "final_thread_overlap_m": 0.0013993451051009104, "final_formed_flank_overlap_m": 0.0}
{"phase": "start_thread_2", "bolt_insertion_advance_m": -3.449225134933079e-05, "bolt_clockwise_rotation_rad": 3.141862769984014, "observed_helix_residual_m": -0.0006595459892985189, "maximum_hand_bolt_contacts": 8, "maximum_bolt_world_support_contacts": 0, "maximum_block_world_support_contacts": 0, "maximum_head_block_seating_contacts": 0, "sampled_peak_pad_contact_torque_Nm": 0.0006571925790044992, "maximum_absolute_bolt_rotation_from_phase_start_rad": 3.1418834253059185, "maximum_absolute_bolt_axial_motion_from_phase_start_m": 0.002438926405941736, "started_engaged": false, "ended_engaged": false, "final_bolt_world_support_contacts": 0, "final_block_world_support_contacts": 0, "final_block_lift_m": 0.047095616997334264, "left_grasp_acquired": true, "left_pickup_verified": true, "all_substep_left_pad_loads": {"observer": "native-bilateral-pad-load-v1", "minimum_loaded_force_N": 0.1, "observed_physics_steps": 58905, "observed_duration_s": 2.945249999999805, "minimum_normal_force_N": [16.46861237922311, 14.069403031144367], "unloaded_physics_steps": [0, 0], "unloaded_duration_s": [0.0, 0.0], "maximum_consecutive_unloaded_duration_s": [0.0, 0.0], "continuously_bilateral_loaded": true}, "final_thread_overlap_m": 0.0013649361447973449, "final_formed_flank_overlap_m": 0.0}
{"phase": "stop_start_2", "bolt_insertion_advance_m": 3.923480214506475e-06, "bolt_clockwise_rotation_rad": -0.00014995754622493251, "observed_helix_residual_m": 3.953313320426012e-06, "maximum_hand_bolt_contacts": 8, "maximum_bolt_world_support_contacts": 0, "maximum_block_world_support_contacts": 0, "maximum_head_block_seating_contacts": 0, "sampled_peak_pad_contact_torque_Nm": 9.690043422922579e-05, "maximum_absolute_bolt_rotation_from_phase_start_rad": 0.00014995754622493251, "maximum_absolute_bolt_axial_motion_from_phase_start_m": 4.207276148603112e-06, "started_engaged": false, "ended_engaged": false, "final_bolt_world_support_contacts": 0, "final_block_world_support_contacts": 0, "final_block_lift_m": 0.04709613174853078, "left_grasp_acquired": true, "left_pickup_verified": true, "all_substep_left_pad_loads": {"observer": "native-bilateral-pad-load-v1", "minimum_loaded_force_N": 0.1, "observed_physics_steps": 2400, "observed_duration_s": 0.11999999999999494, "minimum_normal_force_N": [16.49748419762828, 14.755888832910149], "unloaded_physics_steps": [0, 0], "unloaded_duration_s": [0.0, 0.0], "maximum_consecutive_unloaded_duration_s": [0.0, 0.0], "continuously_bilateral_loaded": true}, "final_thread_overlap_m": 0.0013688800698498267, "final_formed_flank_overlap_m": 0.0}
{"phase": "release_search_3", "bolt_insertion_advance_m": 0.0002802606695010944, "bolt_clockwise_rotation_rad": 0.0019426030717770715, "observed_helix_residual_m": 0.00027987420089942085, "maximum_hand_bolt_contacts": 8, "maximum_bolt_world_support_contacts": 0, "maximum_block_world_support_contacts": 0, "maximum_head_block_seating_contacts": 0, "sampled_peak_pad_contact_torque_Nm": 0.0002518037635423395, "maximum_absolute_bolt_rotation_from_phase_start_rad": 0.0019426030717770715, "maximum_absolute_bolt_axial_motion_from_phase_start_m": 0.0002802606695010944, "started_engaged": false, "ended_engaged": false, "final_bolt_world_support_contacts": 0, "final_block_world_support_contacts": 0, "final_block_lift_m": 0.04708226215315739, "left_grasp_acquired": true, "left_pickup_verified": true, "all_substep_left_pad_loads": {"observer": "native-bilateral-pad-load-v1", "minimum_loaded_force_N": 0.1, "observed_physics_steps": 1415, "observed_duration_s": 0.07075000000000037, "minimum_normal_force_N": [16.49759894071557, 13.852658328241732], "unloaded_physics_steps": [0, 0], "unloaded_duration_s": [0.0, 0.0], "maximum_consecutive_unloaded_duration_s": [0.0, 0.0], "continuously_bilateral_loaded": true}, "final_thread_overlap_m": 0.0016482778393176571, "final_formed_flank_overlap_m": 0.0}
{
  "description": "Actual YAM picks up both free workpieces from declared table/rest support, carries them, and starts the M8 thread",
  "scene_config": {
    "base": {
      "thread": {
        "timestep": 5e-05,
        "friction": 0.15,
        "contact_time_constant": 0.0005,
        "contact_margin": 0.0,
        "contact_impratio": 1.0,
        "sdf_initpoints": 40,
        "sdf_iterations": 30,
        "bolt_length": 0.016,
        "pitch": 0.00125,
        "male_pitch_diameter": 0.0071,
        "female_pitch_diameter": 0.007268,
        "nut_height": 0.016,
        "nut_across_flats": 0.016,
        "nut_mass": 0.018984665656908355,
        "nut_transverse_inertia": 6.946182225160569e-07,
        "nut_axial_inertia": 1.1886877420788483e-06,
        "initial_z": 0.00875,
        "gravity": -9.81,
        "with_gripper": false,
        "with_bolt": true,
        "guided": false
      },
      "bolt_position": [
        0.3,
        -0.06,
        0.11125
      ],
      "bolt_quaternion": [
        1.0,
        0.0,
        0.0,
        0.0
      ],
      "pad_friction": 0.8,
      "jaw_stiffness": 20000.0,
      "jaw_damping": 8.0,
      "maximum_jaw_force": 20.0,
      "open_aperture": 0.024,
      "closed_aperture": 0.0194,
      "left_closed_aperture": 0.0144,
      "left_grasp_roll_rad": -1.5707963267948966,
      "left_block_contact_impedance": [
        0.9999,
        0.9999,
        0.0001
      ],
      "left_block_contact_time_constant": 0.0008,
      "pad_inner_offset": 0.0005,
      "block_size": [
        0.02,
        0.12,
        0.016
      ],
      "block_density": 2700.0,
      "bolt_offset": [
        0.0,
        -0.05,
        0.008
      ],
      "left_grasp_offset": [
        0.0,
        -0.0094,
        0.0
      ]
    },
    "block_position": [
      0.25,
      0.15,
      0.059999989999999996
    ],
    "hole_offset": [
      0.0,
      -0.05,
      0.0
    ],
    "bolt_head_position": [
      0.36,
      -0.22,
      0.04
    ],
    "bolt_yaw_rad": 0.23,
    "head_across_flats": 0.02,
    "head_height": 0.008,
    "steel_density": 7850.0,
    "rest_radius": 0.007,
    "rest_pin_radius": 0.001,
    "rest_base_height": 0.01,
    "pickup_from_table": true,
    "held_block_position": [
      0.3,
      -0.01,
      0.10325
    ],
    "left_block_friction_time_constant": 0.0008,
    "left_pad_collision_geometry": "box",
    "left_block_direct_normal_solref": [
      -31250.0,
      -2500.0
    ]
  },
  "control_config": {
    "arm": {
      "position_stiffness": 20000.0,
      "position_damping": 650.0,
      "rotation_stiffness": 40.0,
      "rotation_damping": 6.0,
      "left_rotation_stiffness": 80.0,
      "left_rotation_damping": 10.0,
      "maximum_cartesian_force": 8.0,
      "maximum_cartesian_torque": 2.0,
      "axial_feed_N": -0.05,
      "open_aperture": 0.024,
      "closed_aperture": 0.0194,
      "left_closed_aperture": 0.0144,
      "stroke_angle_rad": 3.141592653589793,
      "angular_speed_rad_s": 2.0,
      "reset_speed_rad_s": 4.0,
      "strokes": 3,
      "sample_period_s": 0.005
    },
    "pickup_hover_m": 0.02,
    "left_pickup_hover_m": 0.075,
    "left_lift_clearance_m": 0.06,
    "transport_tip_clearance_m": 0.015,
    "entry_tip_clearance_m": 0.00075,
    "block_lift_m": 0.004,
    "net_axial_feed_N": 0.05,
    "axial_velocity_damping_Ns_per_m": 50.0,
    "maximum_starting_strokes": 5,
    "qualifying_turns": 2,
    "sample_period_s": 0.005,
    "full_flank_contact_streak_s": 0.2
  },
  "runtime": {
    "mujoco_version": "3.15.0",
    "libraries": [
      {
        "path": "/workspace/.venvs/m8-contact/lib/python3.12/site-packages/mujoco/libmujoco.so.3.15.0",
        "sha256": "58039d439c6504448aafd0a4d5b655c8a0d3bf1d77123ac7e0733cd078367433",
        "sdf_minimum_search_step_m": 1e-07,
        "sdf_initial_search_step_m": 0.002
      }
    ],
    "thread_plugin_source_sha256": "1c8b5207c5f6c141cc034983ce76c6c1e9cca4114d16e17a4496b94cb637b42a"
  },
  "starts_preengaged": false,
  "starts_grasp_ready": false,
  "block_starts_left_touching": false,
  "block_starts_on_table": true,
  "initial_left_block_hand_contacts": {
    "contact_count": 0,
    "normal_force_N": 0.0,
    "world_support_contacts": 16
  },
  "initial_right_bolt_hand_contacts": {
    "contact_count": 0,
    "normal_force_N": 0.0,
    "world_support_contacts": 0
  },
  "initial_block_world_support_contacts": 16,
  "left_acquisition_reference_scope": "Frozen at end of settle_left_block after actual bilateral loaded pad contact",
  "bolt_starts_on_declared_fixed_rest": true,
  "model_fingerprint": "d8ef2669aff4b4e871d1e09bed2a00e7482649c554bcfce5b7fb234e220bf635",
  "model_xml_sha256": "19dd6fcd1081b03ad1c5c584be4a4635b03b32ab5ffa183bbc5b1c71ce2e847e",
  "controller_sha256": "87f2cc95ed1fbadab60c6e0efbb1cf9f0eb19b7f17a692a6119559240f2fac69",
  "known_bolt_mass_kg": 0.0267496436326005,
  "full_flank_overlap_threshold_m": 0.003242582346706593,
  "male_tip_chamfer_m": 0.000956,
  "female_full_profile_chamfer_bound_m": 0.0010365823467065928,
  "minimum_engagement_contact_normal_force_N": 1e-05,
  "engagement_observer": "loaded_full_flank_window_v1",
  "engagement_observer_source_sha256": "d9530e53b5570a74c01de52fb8cf5261c0bc7b685427b7965f0d1b8c888ad866",
  "engagement_observer_scope": "Candidate full-flank capture; actual coupled lead and unsupported reset checks establish completed engagement",
  "engagement_window": {
    "duration_s": 0.2,
    "minimum_loaded_normal_impulse_Ns": 0.0010000000000000002,
    "minimum_loaded_duration_s": 0.0005,
    "maximum_helix_phase_range_m": 0.00015
  },
  "legacy_engagement_note": "Consecutive positive force for 0.2 s retained as a diagnostic; unilateral contact may have valid resolved gaps",
  "axial_command_note": "Known bolt-weight compensation plus constant net axial feed, with declared dissipative relative hand/hole velocity damping through finite native arm motors; no axial position or pitch spring",
  "axial_velocity_reference_note": "Actual hand SITE linear velocity minus hole rigid-frame velocity evaluated at the hand point; pre-command native kinematics retained from the preceding mj_step's pre-integration state (the initialized state on the first command), with requested feed subject to the existing Cartesian-force and native motor-torque caps",
  "native_force_recording_note": "mj_step contact forces and contact geometry are from the pre-integration state at recorded time minus timestep; saved qpos/qvel are the post-integration state",
  "left_pad_history_scope": "Every physics substep after end-settle acquisition; force minima and gaps include physical lift and roll, separately from 5 ms saved-pose sampling",
  "partial": false,
  "initial_bolt_yaw_rad": 0.0,
  "scene_source_sha256": "f79d8878e9f3bd661b89bd4472eeac91d994c71bd742f7d544c79fb9ff16680d",
  "all_substep_left_pad_loads": {
    "observer": "native-bilateral-pad-load-v1",
    "minimum_loaded_force_N": 0.1,
    "observed_physics_steps": 316478,
    "observed_duration_s": 15.823899999969791,
    "minimum_normal_force_N": [
      0.0,
      0.0
    ],
    "unloaded_physics_steps": [
      9,
      6
    ],
    "unloaded_duration_s": [
      0.0004500000000000001,
      0.00030000000000000003
    ],
    "maximum_consecutive_unloaded_duration_s": [
      5e-05,
      5e-05
    ],
    "continuously_bilateral_loaded": false
  },
  "left_acquisition": {
    "time_s": 1.5000000000009532,
    "phase": "settle_left_block",
    "pad_normal_force_N": [
      15.985915814634085,
      15.984269015069643
    ],
    "block_world_support_contacts": 15,
    "grasp_relative_block_position_m": [
      4.451495882962478e-07,
      1.7269148306778212e-07,
      -0.00939975479976837
    ],
    "grasp_relative_block_rotation": [
      [
        -0.999999994530061,
        0.00010459357492467871,
        2.5136624678607e-07
      ],
      [
        -2.503703285088713e-07,
        9.521805101524762e-06,
        -0.999999999954637
      ],
      [
        -0.00010459357731339435,
        -0.9999999944847605,
        -9.521778862313348e-06
      ]
    ],
    "pad_contact_compliance_observation": {
      "normal_force_N": [
        15.985915814634085,
        15.984269015069643
      ],
      "loaded_force_weighted_indentation_m": [
        7.990557299230578e-07,
        7.043552281995031e-07
      ],
      "effective_pad_force_per_indentation_N_per_m": [
        20006008.612407286,
        22693476.778654963
      ],
      "contacts": [
        {
          "pad": "left_m8_pad_left",
          "signed_distance_m": -7.678871289947424e-07,
          "normal_force_N": 3.387854257187365,
          "normal_solref": [
            -31250.0,
            -2500.0
          ],
          "friction_solref": [
            0.0008,
            1.0
          ],
          "solimp": [
            0.9999,
            0.9999,
            0.0001,
            0.5,
            2.0
          ]
        },
        {
          "pad": "left_m8_pad_left",
          "signed_distance_m": -8.202569127372816e-07,
          "normal_force_N": 4.561988886122833,
          "normal_solref": [
            -31250.0,
            -2500.0
          ],
          "friction_solref": [
            0.0008,
            1.0
          ],
          "solimp": [
            0.9999,
            0.9999,
            0.0001,
            0.5,
            2.0
          ]
        },
        {
          "pad": "left_m8_pad_left",
          "signed_distance_m": -8.22519208957357e-07,
          "normal_force_N": 4.605103650129677,
          "normal_solref": [
            -31250.0,
            -2500.0
          ],
          "friction_solref": [
            0.0008,
            1.0
          ],
          "solimp": [
            0.9999,
            0.9999,
            0.0001,
            0.5,
            2.0
          ]
        },
        {
          "pad": "left_m8_pad_left",
          "signed_distance_m": -7.701494252148178e-07,
          "normal_force_N": 3.4309690211942097,
          "normal_solref": [
            -31250.0,
            -2500.0
          ],
          "friction_solref": [
            0.0008,
            1.0
          ],
          "solimp": [
            0.9999,
            0.9999,
            0.0001,
            0.5,
            2.0
          ]
        },
        {
          "pad": "left_m8_pad_right",
          "signed_distance_m": -7.255463455150701e-07,
          "normal_force_N": 4.562996272632994,
          "normal_solref": [
            -31250.0,
            -2500.0
          ],
          "friction_solref": [
            0.0008,
            1.0
          ],
          "solimp": [
            0.9999,
            0.9999,
            0.0001,
            0.5,
            2.0
          ]
        },
        {
          "pad": "left_m8_pad_right",
          "signed_distance_m": -6.731765617725309e-07,
          "normal_force_N": 3.3859152790281715,
          "normal_solref": [
            -31250.0,
            -2500.0
          ],
          "friction_solref": [
            0.0008,
            1.0
          ],
          "solimp": [
            0.9999,
            0.9999,
            0.0001,
            0.5,
            2.0
          ]
        },
        {
          "pad": "left_m8_pad_right",
          "signed_distance_m": -6.754388579926063e-07,
          "normal_force_N": 3.429138234901826,
          "normal_solref": [
            -31250.0,
            -2500.0
          ],
          "friction_solref": [
            0.0008,
            1.0
          ],
          "solimp": [
            0.9999,
            0.9999,
            0.0001,
            0.5,
            2.0
          ]
        },
        {
          "pad": "left_m8_pad_right",
          "signed_distance_m": -7.278086417351456e-07,
          "normal_force_N": 4.60621922850665,
          "normal_solref": [
            -31250.0,
            -2500.0
          ],
          "friction_solref": [
            0.0008,
            1.0
          ],
          "solimp": [
            0.9999,
            0.9999,
            0.0001,
            0.5,
            2.0
          ]
        }
      ],
      "scope": "Native signed distances and solved forces at acquisition end-settle; effective force/indentation is a model observation, not material modulus or hardware calibration"
    },
    "block_free_velocity": [
      6.871607790610586e-07,
      -1.225118892846763e-07,
      1.976131857051497e-09,
      9.176128686904222e-07,
      -2.6450837714428144e-07,
      3.52915614691392e-06
    ],
    "jaw_velocity_m_s": [
      7.455484889822253e-06,
      -7.343601823559453e-06
    ]
  },
  "left_pickup_verified": {
    "time_s": 2.400000000001076,
    "phase": "lift_left_block",
    "physical_block_lift_m": 0.05996490005782493,
    "block_world_support_contacts": 0,
    "pad_normal_force_N": [
      15.995991634439033,
      15.996066662398635
    ]
  },
  "left_pad_force_history": {
    "filename": "left_pad_force_history.npz",
    "sha256": "13dca215e18b62d5fc52c3b71f473b8615972057f7a8a9f0de73b37c30a91e70",
    "observed_physics_steps": 316478
  },
  "passed": false,
  "phases": [
    {
      "phase": "settle_table",
      "bolt_insertion_advance_m": -2.5374147227807953e-13,
      "bolt_clockwise_rotation_rad": -2.76395670795182e-08,
      "observed_helix_residual_m": 5.244975684753599e-12,
      "maximum_hand_bolt_contacts": 0,
      "maximum_bolt_world_support_contacts": 12,
      "maximum_block_world_support_contacts": 16,
      "maximum_head_block_seating_contacts": 0,
      "sampled_peak_pad_contact_torque_Nm": 0.0,
      "maximum_absolute_bolt_rotation_from_phase_start_rad": 3.5166309420020525e-08,
      "maximum_absolute_bolt_axial_motion_from_phase_start_m": 2.646771690706373e-13,
      "started_engaged": false,
      "ended_engaged": false,
      "final_bolt_world_support_contacts": 12,
      "final_block_world_support_contacts": 16,
      "final_block_lift_m": -1.8242939554824478e-07,
      "left_grasp_acquired": false,
      "left_pickup_verified": false,
      "all_substep_left_pad_loads": {
        "observer": "native-bilateral-pad-load-v1",
        "minimum_loaded_force_N": 0.1,
        "observed_physics_steps": 0,
        "observed_duration_s": 0.0,
        "minimum_normal_force_N": null,
        "unloaded_physics_steps": [
          0,
          0
        ],
        "unloaded_duration_s": [
          0.0,
          0.0
        ],
        "maximum_consecutive_unloaded_duration_s": [
          0.0,
          0.0
        ],
        "continuously_bilateral_loaded": false
      },
      "final_thread_overlap_m": -0.3619999994398511,
      "final_formed_flank_overlap_m": 0.0
    },
    {
      "phase": "reach_left_block",
      "bolt_insertion_advance_m": -4.369837824924616e-13,
      "bolt_clockwise_rotation_rad": 1.7669044005685919e-09,
      "observed_helix_residual_m": -7.884982441441037e-13,
      "maximum_hand_bolt_contacts": 0,
      "maximum_bolt_world_support_contacts": 12,
      "maximum_block_world_support_contacts": 16,
      "maximum_head_block_seating_contacts": 0,
      "sampled_peak_pad_contact_torque_Nm": 0.0,
      "maximum_absolute_bolt_rotation_from_phase_start_rad": 1.7637506566359207e-08,
      "maximum_absolute_bolt_axial_motion_from_phase_start_m": 4.425348976155874e-13,
      "started_engaged": false,
      "ended_engaged": false,
      "final_bolt_world_support_contacts": 12,
      "final_block_world_support_contacts": 16,
      "final_block_lift_m": -1.8242939554824478e-07,
      "left_grasp_acquired": false,
      "left_pickup_verified": false,
      "all_substep_left_pad_loads": {
        "observer": "native-bilateral-pad-load-v1",
        "minimum_loaded_force_N": 0.1,
        "observed_physics_steps": 0,
        "observed_duration_s": 0.0,
        "minimum_normal_force_N": null,
        "unloaded_physics_steps": [
          0,
          0
        ],
        "unloaded_duration_s": [
          0.0,
          0.0
        ],
        "maximum_consecutive_unloaded_duration_s": [
          0.0,
          0.0
        ],
        "continuously_bilateral_loaded": false
      },
      "final_thread_overlap_m": -0.3619999995670332,
      "final_formed_flank_overlap_m": 0.0
    },
    {
      "phase": "close_left_block",
      "bolt_insertion_advance_m": -2.769671521019035e-07,
      "bolt_clockwise_rotation_rad": 2.1706483350758532e-05,
      "observed_helix_residual_m": -2.812855197549224e-07,
      "maximum_hand_bolt_contacts": 0,
      "maximum_bolt_world_support_contacts": 12,
      "maximum_block_world_support_contacts": 16,
      "maximum_head_block_seating_contacts": 0,
      "sampled_peak_pad_contact_torque_Nm": 0.0,
      "maximum_absolute_bolt_rotation_from_phase_start_rad": 2.195242501068506e-05,
      "maximum_absolute_bolt_axial_motion_from_phase_start_m": 3.117211586078916e-07,
      "started_engaged": false,
      "ended_engaged": false,
      "final_bolt_world_support_contacts": 12,
      "final_block_world_support_contacts": 12,
      "final_block_lift_m": -1.7274914048542866e-07,
      "left_grasp_acquired": false,
      "left_pickup_verified": false,
      "all_substep_left_pad_loads": {
        "observer": "native-bilateral-pad-load-v1",
        "minimum_loaded_force_N": 0.1,
        "observed_physics_steps": 0,
        "observed_duration_s": 0.0,
        "minimum_normal_force_N": null,
        "unloaded_physics_steps": [
          0,
          0
        ],
        "unloaded_duration_s": [
          0.0,
          0.0
        ],
        "maximum_consecutive_unloaded_duration_s": [
          0.0,
          0.0
        ],
        "continuously_bilateral_loaded": false
      },
      "final_thread_overlap_m": -0.3620002069882202,
      "final_formed_flank_overlap_m": 0.0
    },
    {
      "phase": "settle_left_block",
      "bolt_insertion_advance_m": 1.3733249903946643e-07,
      "bolt_clockwise_rotation_rad": -3.151726422956358e-06,
      "observed_helix_residual_m": 1.3795951508882497e-07,
      "maximum_hand_bolt_contacts": 0,
      "maximum_bolt_world_support_contacts": 12,
      "maximum_block_world_support_contacts": 15,
      "maximum_head_block_seating_contacts": 0,
      "sampled_peak_pad_contact_torque_Nm": 0.0,
      "maximum_absolute_bolt_rotation_from_phase_start_rad": 3.3551479856619437e-06,
      "maximum_absolute_bolt_axial_motion_from_phase_start_m": 1.3733249903946643e-07,
      "started_engaged": false,
      "ended_engaged": false,
      "final_bolt_world_support_contacts": 12,
      "final_block_world_support_contacts": 15,
      "final_block_lift_m": -1.8217239659834572e-07,
      "left_grasp_acquired": true,
      "left_pickup_verified": false,
      "all_substep_left_pad_loads": {
        "observer": "native-bilateral-pad-load-v1",
        "minimum_loaded_force_N": 0.1,
        "observed_physics_steps": 1,
        "observed_duration_s": 5e-05,
        "minimum_normal_force_N": [
          15.985915814634085,
          15.984269015069643
        ],
        "unloaded_physics_steps": [
          0,
          0
        ],
        "unloaded_duration_s": [
          0.0,
          0.0
        ],
        "maximum_consecutive_unloaded_duration_s": [
          0.0,
          0.0
        ],
        "continuously_bilateral_loaded": true
      },
      "final_thread_overlap_m": -0.3620001163708615,
      "final_formed_flank_overlap_m": 0.0
    },
    {
      "phase": "lift_left_block",
      "bolt_insertion_advance_m": -5.533609626073854e-07,
      "bolt_clockwise_rotation_rad": 0.0003750021175856766,
      "observed_helix_residual_m": -6.279652634619962e-07,
      "maximum_hand_bolt_contacts": 0,
      "maximum_bolt_world_support_contacts": 12,
      "maximum_block_world_support_contacts": 15,
      "maximum_head_block_seating_contacts": 0,
      "sampled_peak_pad_contact_torque_Nm": 0.0,
      "maximum_absolute_bolt_rotation_from_phase_start_rad": 0.0006228147917135551,
      "maximum_absolute_bolt_axial_motion_from_phase_start_m": 5.165460681910705e-06,
      "started_engaged": false,
      "ended_engaged": false,
      "final_bolt_world_support_contacts": 12,
      "final_block_world_support_contacts": 0,
      "final_block_lift_m": 0.05996490005782493,
      "left_grasp_acquired": true,
      "left_pickup_verified": true,
      "all_substep_left_pad_loads": {
        "observer": "native-bilateral-pad-load-v1",
        "minimum_loaded_force_N": 0.1,
        "observed_physics_steps": 18000,
        "observed_duration_s": 0.8999999999999091,
        "minimum_normal_force_N": [
          0.0,
          5.337297959478738
        ],
        "unloaded_physics_steps": [
          3,
          0
        ],
        "unloaded_duration_s": [
          0.00015000000000000001,
          0.0
        ],
        "maximum_consecutive_unloaded_duration_s": [
          5e-05,
          0.0
        ],
        "continuously_bilateral_loaded": false
      },
      "final_thread_overlap_m": -0.3620012868789066,
      "final_formed_flank_overlap_m": 0.0
    },
    {
      "phase": "transport_left_block",
      "bolt_insertion_advance_m": 0.4414153007813648,
      "bolt_clockwise_rotation_rad": -0.23014190659386102,
      "observed_helix_residual_m": 0.4414610860589236,
      "maximum_hand_bolt_contacts": 0,
      "maximum_bolt_world_support_contacts": 12,
      "maximum_block_world_support_contacts": 0,
      "maximum_head_block_seating_contacts": 0,
      "sampled_peak_pad_contact_torque_Nm": 0.0,
      "maximum_absolute_bolt_rotation_from_phase_start_rad": 0.23026077275077972,
      "maximum_absolute_bolt_axial_motion_from_phase_start_m": 0.44150411185259986,
      "started_engaged": false,
      "ended_engaged": false,
      "final_bolt_world_support_contacts": 12,
      "final_block_world_support_contacts": 0,
      "final_block_lift_m": 0.04707864336525425,
      "left_grasp_acquired": true,
      "left_pickup_verified": true,
      "all_substep_left_pad_loads": {
        "observer": "native-bilateral-pad-load-v1",
        "minimum_loaded_force_N": 0.1,
        "observed_physics_steps": 60000,
        "observed_duration_s": 2.9999999999996776,
        "minimum_normal_force_N": [
          0.0,
          0.0
        ],
        "unloaded_physics_steps": [
          6,
          6
        ],
        "unloaded_duration_s": [
          0.00030000000000000003,
          0.00030000000000000003
        ],
        "maximum_consecutive_unloaded_duration_s": [
          5e-05,
          5e-05
        ],
        "continuously_bilateral_loaded": false
      },
      "final_thread_overlap_m": -0.06341460778505847,
      "final_formed_flank_overlap_m": 0.0
    },
    {
      "phase": "hold_left_block",
      "bolt_insertion_advance_m": -0.00022493971897787068,
      "bolt_clockwise_rotation_rad": 0.00018127239888032776,
      "observed_helix_residual_m": -0.0002249757819757806,
      "maximum_hand_bolt_contacts": 0,
      "maximum_bolt_world_support_contacts": 12,
      "maximum_block_world_support_contacts": 0,
      "maximum_head_block_seating_contacts": 0,
      "sampled_peak_pad_contact_torque_Nm": 0.0,
      "maximum_absolute_bolt_rotation_from_phase_start_rad": 0.00018127239888032776,
      "maximum_absolute_bolt_axial_motion_from_phase_start_m": 0.00022493971897787068,
      "started_engaged": false,
      "ended_engaged": false,
      "final_bolt_world_support_contacts": 12,
      "final_block_world_support_contacts": 0,
      "final_block_lift_m": 0.04709893727054021,
      "left_grasp_acquired": true,
      "left_pickup_verified": true,
      "all_substep_left_pad_loads": {
        "observer": "native-bilateral-pad-load-v1",
        "minimum_loaded_force_N": 0.1,
        "observed_physics_steps": 3000,
        "observed_duration_s": 0.14999999999999164,
        "minimum_normal_force_N": [
          16.496062852123554,
          15.49735395898432
        ],
        "unloaded_physics_steps": [
          0,
          0
        ],
        "unloaded_duration_s": [
          0.0,
          0.0
        ],
        "maximum_consecutive_unloaded_duration_s": [
          0.0,
          0.0
        ],
        "continuously_bilateral_loaded": true
      },
      "final_thread_overlap_m": -0.06318966806608059,
      "final_formed_flank_overlap_m": 0.0
    },
    {
      "phase": "secure_left",
      "bolt_insertion_advance_m": -5.86996416379465e-05,
      "bolt_clockwise_rotation_rad": 4.2592399738250464e-05,
      "observed_helix_residual_m": -5.870811512664211e-05,
      "maximum_hand_bolt_contacts": 0,
      "maximum_bolt_world_support_contacts": 12,
      "maximum_block_world_support_contacts": 0,
      "maximum_head_block_seating_contacts": 0,
      "sampled_peak_pad_contact_torque_Nm": 0.0,
      "maximum_absolute_bolt_rotation_from_phase_start_rad": 4.2592399738250464e-05,
      "maximum_absolute_bolt_axial_motion_from_phase_start_m": 5.86996416379465e-05,
      "started_engaged": false,
      "ended_engaged": false,
      "final_bolt_world_support_contacts": 12,
      "final_block_world_support_contacts": 0,
      "final_block_lift_m": 0.04709923289976006,
      "left_grasp_acquired": true,
      "left_pickup_verified": true,
      "all_substep_left_pad_loads": {
        "observer": "native-bilateral-pad-load-v1",
        "minimum_loaded_force_N": 0.1,
        "observed_physics_steps": 5000,
        "observed_duration_s": 0.24999999999998063,
        "minimum_normal_force_N": [
          16.496165740194726,
          15.4974106321481
        ],
        "unloaded_physics_steps": [
          0,
          0
        ],
        "unloaded_duration_s": [
          0.0,
          0.0
        ],
        "maximum_consecutive_unloaded_duration_s": [
          0.0,
          0.0
        ],
        "continuously_bilateral_loaded": true
      },
      "final_thread_overlap_m": -0.06313096842444266,
      "final_formed_flank_overlap_m": 0.0
    },
    {
      "phase": "reach_bolt",
      "bolt_insertion_advance_m": -2.742257600010789e-06,
      "bolt_clockwise_rotation_rad": 1.638609627097054e-06,
      "observed_helix_residual_m": -2.742583591038227e-06,
      "maximum_hand_bolt_contacts": 0,
      "maximum_bolt_world_support_contacts": 12,
      "maximum_block_world_support_contacts": 0,
      "maximum_head_block_seating_contacts": 0,
      "sampled_peak_pad_contact_torque_Nm": 0.0,
      "maximum_absolute_bolt_rotation_from_phase_start_rad": 1.638609627097054e-06,
      "maximum_absolute_bolt_axial_motion_from_phase_start_m": 2.742257600010789e-06,
      "started_engaged": false,
      "ended_engaged": false,
      "final_bolt_world_support_contacts": 12,
      "final_block_world_support_contacts": 0,
      "final_block_lift_m": 0.04709920847042193,
      "left_grasp_acquired": true,
      "left_pickup_verified": true,
      "all_substep_left_pad_loads": {
        "observer": "native-bilateral-pad-load-v1",
        "minimum_loaded_force_N": 0.1,
        "observed_physics_steps": 11000,
        "observed_duration_s": 0.5499999999999476,
        "minimum_normal_force_N": [
          16.496212123413738,
          15.49741381238281
        ],
        "unloaded_physics_steps": [
          0,
          0
        ],
        "unloaded_duration_s": [
          0.0,
          0.0
        ],
        "maximum_consecutive_unloaded_duration_s": [
          0.0,
          0.0
        ],
        "continuously_bilateral_loaded": true
      },
      "final_thread_overlap_m": -0.06312822616684263,
      "final_formed_flank_overlap_m": 0.0
    },
    {
      "phase": "close_bolt",
      "bolt_insertion_advance_m": -3.412364115579214e-07,
      "bolt_clockwise_rotation_rad": -0.0004700682987310856,
      "observed_helix_residual_m": -2.477192948906089e-07,
      "maximum_hand_bolt_contacts": 8,
      "maximum_bolt_world_support_contacts": 12,
      "maximum_block_world_support_contacts": 0,
      "maximum_head_block_seating_contacts": 0,
      "sampled_peak_pad_contact_torque_Nm": 0.001029016628097635,
      "maximum_absolute_bolt_rotation_from_phase_start_rad": 0.0004700682987310856,
      "maximum_absolute_bolt_axial_motion_from_phase_start_m": 3.4462616747832353e-07,
      "started_engaged": false,
      "ended_engaged": false,
      "final_bolt_world_support_contacts": 8,
      "final_block_world_support_contacts": 0,
      "final_block_lift_m": 0.04709922133393252,
      "left_grasp_acquired": true,
      "left_pickup_verified": true,
      "all_substep_left_pad_loads": {
        "observer": "native-bilateral-pad-load-v1",
        "minimum_loaded_force_N": 0.1,
        "observed_physics_steps": 5000,
        "observed_duration_s": 0.24999999999998063,
        "minimum_normal_force_N": [
          16.49622139053354,
          15.497424116123211
        ],
        "unloaded_physics_steps": [
          0,
          0
        ],
        "unloaded_duration_s": [
          0.0,
          0.0
        ],
        "maximum_consecutive_unloaded_duration_s": [
          0.0,
          0.0
        ],
        "continuously_bilateral_loaded": true
      },
      "final_thread_overlap_m": -0.06312788493043109,
      "final_formed_flank_overlap_m": 0.0
    },
    {
      "phase": "settle_bolt",
      "bolt_insertion_advance_m": -4.460314134702159e-08,
      "bolt_clockwise_rotation_rad": -5.781523808146005e-06,
      "observed_helix_residual_m": -4.3452943731184195e-08,
      "maximum_hand_bolt_contacts": 8,
      "maximum_bolt_world_support_contacts": 12,
      "maximum_block_world_support_contacts": 0,
      "maximum_head_block_seating_contacts": 0,
      "sampled_peak_pad_contact_torque_Nm": 7.259723395823547e-05,
      "maximum_absolute_bolt_rotation_from_phase_start_rad": 5.781523808146005e-06,
      "maximum_absolute_bolt_axial_motion_from_phase_start_m": 4.460314134702159e-08,
      "started_engaged": false,
      "ended_engaged": false,
      "final_bolt_world_support_contacts": 12,
      "final_block_world_support_contacts": 0,
      "final_block_lift_m": 0.04709922616012663,
      "left_grasp_acquired": true,
      "left_pickup_verified": true,
      "all_substep_left_pad_loads": {
        "observer": "native-bilateral-pad-load-v1",
        "minimum_loaded_force_N": 0.1,
        "observed_physics_steps": 2400,
        "observed_duration_s": 0.11999999999999494,
        "minimum_normal_force_N": [
          16.49622318643382,
          15.497425909746026
        ],
        "unloaded_physics_steps": [
          0,
          0
        ],
        "unloaded_duration_s": [
          0.0,
          0.0
        ],
        "maximum_consecutive_unloaded_duration_s": [
          0.0,
          0.0
        ],
        "continuously_bilateral_loaded": true
      },
      "final_thread_overlap_m": -0.06312784032728974,
      "final_formed_flank_overlap_m": 0.0
    },
    {
      "phase": "lift_bolt",
      "bolt_insertion_advance_m": -0.11030310670105153,
      "bolt_clockwise_rotation_rad": 0.0003590563972535321,
      "observed_helix_residual_m": -0.11030317813305213,
      "maximum_hand_bolt_contacts": 8,
      "maximum_bolt_world_support_contacts": 12,
      "maximum_block_world_support_contacts": 0,
      "maximum_head_block_seating_contacts": 0,
      "sampled_peak_pad_contact_torque_Nm": 1.1048919635361339e-05,
      "maximum_absolute_bolt_rotation_from_phase_start_rad": 0.0012150799520380673,
      "maximum_absolute_bolt_axial_motion_from_phase_start_m": 0.11032136292608982,
      "started_engaged": false,
      "ended_engaged": false,
      "final_bolt_world_support_contacts": 0,
      "final_block_world_support_contacts": 0,
      "final_block_lift_m": 0.04709924234784141,
      "left_grasp_acquired": true,
      "left_pickup_verified": true,
      "all_substep_left_pad_loads": {
        "observer": "native-bilateral-pad-load-v1",
        "minimum_loaded_force_N": 0.1,
        "observed_physics_steps": 13000,
        "observed_duration_s": 0.6499999999999366,
        "minimum_normal_force_N": [
          16.49622377434437,
          15.497426496652754
        ],
        "unloaded_physics_steps": [
          0,
          0
        ],
        "unloaded_duration_s": [
          0.0,
          0.0
        ],
        "maximum_consecutive_unloaded_duration_s": [
          0.0,
          0.0
        ],
        "continuously_bilateral_loaded": true
      },
      "final_thread_overlap_m": -0.015175345623521474,
      "final_formed_flank_overlap_m": 0.0
    },
    {
      "phase": "transport_bolt",
      "bolt_insertion_advance_m": 0.00020008617978273247,
      "bolt_clockwise_rotation_rad": 0.0004731917327940316,
      "observed_helix_residual_m": 0.00019999204127860197,
      "maximum_hand_bolt_contacts": 8,
      "maximum_bolt_world_support_contacts": 0,
      "maximum_block_world_support_contacts": 0,
      "maximum_head_block_seating_contacts": 0,
      "sampled_peak_pad_contact_torque_Nm": 2.008573702379055e-05,
      "maximum_absolute_bolt_rotation_from_phase_start_rad": 0.0019681178505175367,
      "maximum_absolute_bolt_axial_motion_from_phase_start_m": 0.00020008617978273247,
      "started_engaged": false,
      "ended_engaged": false,
      "final_bolt_world_support_contacts": 0,
      "final_block_world_support_contacts": 0,
      "final_block_lift_m": 0.0470992506201042,
      "left_grasp_acquired": true,
      "left_pickup_verified": true,
      "all_substep_left_pad_loads": {
        "observer": "native-bilateral-pad-load-v1",
        "minimum_loaded_force_N": 0.1,
        "observed_physics_steps": 18000,
        "observed_duration_s": 0.8999999999999091,
        "minimum_normal_force_N": [
          16.496225408577956,
          15.49742812748838
        ],
        "unloaded_physics_steps": [
          0,
          0
        ],
        "unloaded_duration_s": [
          0.0,
          0.0
        ],
        "maximum_consecutive_unloaded_duration_s": [
          0.0,
          0.0
        ],
        "continuously_bilateral_loaded": true
      },
      "final_thread_overlap_m": -0.014976270865613733,
      "final_formed_flank_overlap_m": 0.0
    },
    {
      "phase": "align_over_hole",
      "bolt_insertion_advance_m": 0.014319736201207273,
      "bolt_clockwise_rotation_rad": -0.0011555137482774924,
      "observed_helix_residual_m": 0.014319966083363334,
      "maximum_hand_bolt_contacts": 8,
      "maximum_bolt_world_support_contacts": 0,
      "maximum_block_world_support_contacts": 0,
      "maximum_head_block_seating_contacts": 0,
      "sampled_peak_pad_contact_torque_Nm": 2.4075991781025628e-05,
      "maximum_absolute_bolt_rotation_from_phase_start_rad": 0.0011555137482774924,
      "maximum_absolute_bolt_axial_motion_from_phase_start_m": 0.014325101860596556,
      "started_engaged": false,
      "ended_engaged": false,
      "final_bolt_world_support_contacts": 0,
      "final_block_world_support_contacts": 0,
      "final_block_lift_m": 0.04709925224248067,
      "left_grasp_acquired": true,
      "left_pickup_verified": true,
      "all_substep_left_pad_loads": {
        "observer": "native-bilateral-pad-load-v1",
        "minimum_loaded_force_N": 0.1,
        "observed_physics_steps": 9000,
        "observed_duration_s": 0.4499999999999586,
        "minimum_normal_force_N": [
          16.496226043023803,
          15.497428760192442
        ],
        "unloaded_physics_steps": [
          0,
          0
        ],
        "unloaded_duration_s": [
          0.0,
          0.0
        ],
        "maximum_consecutive_unloaded_duration_s": [
          0.0,
          0.0
        ],
        "continuously_bilateral_loaded": true
      },
      "final_thread_overlap_m": -0.0006554666243262369,
      "final_formed_flank_overlap_m": 0.0
    },
    {
      "phase": "feed_to_entry",
      "bolt_insertion_advance_m": 0.00020635498043221345,
      "bolt_clockwise_rotation_rad": 0.00026695043895630377,
      "observed_helix_residual_m": 0.0002063018723298129,
      "maximum_hand_bolt_contacts": 8,
      "maximum_bolt_world_support_contacts": 0,
      "maximum_block_world_support_contacts": 0,
      "maximum_head_block_seating_contacts": 0,
      "sampled_peak_pad_contact_torque_Nm": 1.0351323595978574e-07,
      "maximum_absolute_bolt_rotation_from_phase_start_rad": 0.00026695043895630377,
      "maximum_absolute_bolt_axial_motion_from_phase_start_m": 0.00020635498043221345,
      "started_engaged": false,
      "ended_engaged": false,
      "final_bolt_world_support_contacts": 0,
      "final_block_world_support_contacts": 0,
      "final_block_lift_m": 0.04709925280422686,
      "left_grasp_acquired": true,
      "left_pickup_verified": true,
      "all_substep_left_pad_loads": {
        "observer": "native-bilateral-pad-load-v1",
        "minimum_loaded_force_N": 0.1,
        "observed_physics_steps": 5000,
        "observed_duration_s": 0.24999999999998063,
        "minimum_normal_force_N": [
          16.496226151526024,
          15.497428868358949
        ],
        "unloaded_physics_steps": [
          0,
          0
        ],
        "unloaded_duration_s": [
          0.0,
          0.0
        ],
        "maximum_consecutive_unloaded_duration_s": [
          0.0,
          0.0
        ],
        "continuously_bilateral_loaded": true
      },
      "final_thread_overlap_m": -0.0004490899685239136,
      "final_formed_flank_overlap_m": 0.0
    },
    {
      "phase": "start_thread_1",
      "bolt_insertion_advance_m": 0.0018137859208192109,
      "bolt_clockwise_rotation_rad": 3.141893328537647,
      "observed_helix_residual_m": 0.0011887261034389423,
      "maximum_hand_bolt_contacts": 8,
      "maximum_bolt_world_support_contacts": 0,
      "maximum_block_world_support_contacts": 0,
      "maximum_head_block_seating_contacts": 0,
      "sampled_peak_pad_contact_torque_Nm": 0.0010395118756168734,
      "maximum_absolute_bolt_rotation_from_phase_start_rad": 3.141913999757307,
      "maximum_absolute_bolt_axial_motion_from_phase_start_m": 0.0018508116865070534,
      "started_engaged": false,
      "ended_engaged": false,
      "final_bolt_world_support_contacts": 0,
      "final_block_world_support_contacts": 0,
      "final_block_lift_m": 0.047095497776082296,
      "left_grasp_acquired": true,
      "left_pickup_verified": true,
      "all_substep_left_pad_loads": {
        "observer": "native-bilateral-pad-load-v1",
        "minimum_loaded_force_N": 0.1,
        "observed_physics_steps": 58905,
        "observed_duration_s": 2.945249999999805,
        "minimum_normal_force_N": [
          16.4582265187771,
          14.257491778630499
        ],
        "unloaded_physics_steps": [
          0,
          0
        ],
        "unloaded_duration_s": [
          0.0,
          0.0
        ],
        "maximum_consecutive_unloaded_duration_s": [
          0.0,
          0.0
        ],
        "continuously_bilateral_loaded": true
      },
      "final_thread_overlap_m": 0.0013646709505939873,
      "final_formed_flank_overlap_m": 0.0
    },
    {
      "phase": "stop_start_1",
      "bolt_insertion_advance_m": 5.676706676501636e-06,
      "bolt_clockwise_rotation_rad": -0.00014948272182335742,
      "observed_helix_residual_m": 5.7064453191079085e-06,
      "maximum_hand_bolt_contacts": 8,
      "maximum_bolt_world_support_contacts": 0,
      "maximum_block_world_support_contacts": 0,
      "maximum_head_block_seating_contacts": 0,
      "sampled_peak_pad_contact_torque_Nm": 1.6818028222880126e-05,
      "maximum_absolute_bolt_rotation_from_phase_start_rad": 0.00014948272182335742,
      "maximum_absolute_bolt_axial_motion_from_phase_start_m": 5.676706676501636e-06,
      "started_engaged": false,
      "ended_engaged": false,
      "final_bolt_world_support_contacts": 0,
      "final_block_world_support_contacts": 0,
      "final_block_lift_m": 0.047096340245339804,
      "left_grasp_acquired": true,
      "left_pickup_verified": true,
      "all_substep_left_pad_loads": {
        "observer": "native-bilateral-pad-load-v1",
        "minimum_loaded_force_N": 0.1,
        "observed_physics_steps": 2400,
        "observed_duration_s": 0.11999999999999494,
        "minimum_normal_force_N": [
          16.49768362441192,
          15.420841733284067
        ],
        "unloaded_physics_steps": [
          0,
          0
        ],
        "unloaded_duration_s": [
          0.0,
          0.0
        ],
        "maximum_consecutive_unloaded_duration_s": [
          0.0,
          0.0
        ],
        "continuously_bilateral_loaded": true
      },
      "final_thread_overlap_m": 0.0013703429914298931,
      "final_formed_flank_overlap_m": 0.0
    },
    {
      "phase": "release_search_2",
      "bolt_insertion_advance_m": 2.953685881788848e-05,
      "bolt_clockwise_rotation_rad": 0.00015598982140563322,
      "observed_helix_residual_m": 2.9505825628952568e-05,
      "maximum_hand_bolt_contacts": 8,
      "maximum_bolt_world_support_contacts": 0,
      "maximum_block_world_support_contacts": 0,
      "maximum_head_block_seating_contacts": 0,
      "sampled_peak_pad_contact_torque_Nm": 1.6429657358919083e-05,
      "maximum_absolute_bolt_rotation_from_phase_start_rad": 0.0001711947062332797,
      "maximum_absolute_bolt_axial_motion_from_phase_start_m": 3.252767173408597e-05,
      "started_engaged": false,
      "ended_engaged": false,
      "final_bolt_world_support_contacts": 0,
      "final_block_world_support_contacts": 0,
      "final_block_lift_m": 0.04708134476619087,
      "left_grasp_acquired": true,
      "left_pickup_verified": true,
      "all_substep_left_pad_loads": {
        "observer": "native-bilateral-pad-load-v1",
        "minimum_loaded_force_N": 0.1,
        "observed_physics_steps": 3000,
        "observed_duration_s": 0.14999999999999164,
        "minimum_normal_force_N": [
          16.498292230729252,
          14.70439108173814
        ],
        "unloaded_physics_steps": [
          0,
          0
        ],
        "unloaded_duration_s": [
          0.0,
          0.0
        ],
        "maximum_consecutive_unloaded_duration_s": [
          0.0,
          0.0
        ],
        "continuously_bilateral_loaded": true
      },
      "final_thread_overlap_m": 0.0013997190605893606,
      "final_formed_flank_overlap_m": 0.0
    },
    {
      "phase": "open_settle_search_2",
      "bolt_insertion_advance_m": -1.8716063216600576e-08,
      "bolt_clockwise_rotation_rad": 2.9810283641573676e-06,
      "observed_helix_residual_m": -1.9309119966166566e-08,
      "maximum_hand_bolt_contacts": 0,
      "maximum_bolt_world_support_contacts": 0,
      "maximum_block_world_support_contacts": 0,
      "maximum_head_block_seating_contacts": 0,
      "sampled_peak_pad_contact_torque_Nm": 0.0,
      "maximum_absolute_bolt_rotation_from_phase_start_rad": 2.9810283641573676e-06,
      "maximum_absolute_bolt_axial_motion_from_phase_start_m": 2.1677288231797265e-08,
      "started_engaged": false,
      "ended_engaged": false,
      "final_bolt_world_support_contacts": 0,
      "final_block_world_support_contacts": 0,
      "final_block_lift_m": 0.04708153868504057,
      "left_grasp_acquired": true,
      "left_pickup_verified": true,
      "all_substep_left_pad_loads": {
        "observer": "native-bilateral-pad-load-v1",
        "minimum_loaded_force_N": 0.1,
        "observed_physics_steps": 1600,
        "observed_duration_s": 0.07999999999999935,
        "minimum_normal_force_N": [
          16.6272350436272,
          15.365983315640008
        ],
        "unloaded_physics_steps": [
          0,
          0
        ],
        "unloaded_duration_s": [
          0.0,
          0.0
        ],
        "maximum_consecutive_unloaded_duration_s": [
          0.0,
          0.0
        ],
        "continuously_bilateral_loaded": true
      },
      "final_thread_overlap_m": 0.001399700621641256,
      "final_formed_flank_overlap_m": 0.0
    },
    {
      "phase": "reset_open_search_2",
      "bolt_insertion_advance_m": 3.4472364705828706e-08,
      "bolt_clockwise_rotation_rad": 3.862019263412009e-05,
      "observed_helix_residual_m": 2.6789121504726933e-08,
      "maximum_hand_bolt_contacts": 0,
      "maximum_bolt_world_support_contacts": 0,
      "maximum_block_world_support_contacts": 0,
      "maximum_head_block_seating_contacts": 0,
      "sampled_peak_pad_contact_torque_Nm": 0.0,
      "maximum_absolute_bolt_rotation_from_phase_start_rad": 3.862019263412009e-05,
      "maximum_absolute_bolt_axial_motion_from_phase_start_m": 1.1282910927432055e-07,
      "started_engaged": false,
      "ended_engaged": false,
      "final_bolt_world_support_contacts": 0,
      "final_block_world_support_contacts": 0,
      "final_block_lift_m": 0.047081695839053944,
      "left_grasp_acquired": true,
      "left_pickup_verified": true,
      "all_substep_left_pad_loads": {
        "observer": "native-bilateral-pad-load-v1",
        "minimum_loaded_force_N": 0.1,
        "observed_physics_steps": 29452,
        "observed_duration_s": 1.4726000000008954,
        "minimum_normal_force_N": [
          16.625620304913575,
          15.363694426220444
        ],
        "unloaded_physics_steps": [
          0,
          0
        ],
        "unloaded_duration_s": [
          0.0,
          0.0
        ],
        "maximum_consecutive_unloaded_duration_s": [
          0.0,
          0.0
        ],
        "continuously_bilateral_loaded": true
      },
      "final_thread_overlap_m": 0.0013997425948236303,
      "final_formed_flank_overlap_m": 0.0
    },
    {
      "phase": "open_hold_search_2",
      "bolt_insertion_advance_m": 1.7954854054924585e-08,
      "bolt_clockwise_rotation_rad": -2.154755371019945e-06,
      "observed_helix_residual_m": 1.838352901548913e-08,
      "maximum_hand_bolt_contacts": 0,
      "maximum_bolt_world_support_contacts": 0,
      "maximum_block_world_support_contacts": 0,
      "maximum_head_block_seating_contacts": 0,
      "sampled_peak_pad_contact_torque_Nm": 0.0,
      "maximum_absolute_bolt_rotation_from_phase_start_rad": 2.171339768874958e-06,
      "maximum_absolute_bolt_axial_motion_from_phase_start_m": 1.7954854054924585e-08,
      "started_engaged": false,
      "ended_engaged": false,
      "final_bolt_world_support_contacts": 0,
      "final_block_world_support_contacts": 0,
      "final_block_lift_m": 0.04708169678054726,
      "left_grasp_acquired": true,
      "left_pickup_verified": true,
      "all_substep_left_pad_loads": {
        "observer": "native-bilateral-pad-load-v1",
        "minimum_loaded_force_N": 0.1,
        "observed_physics_steps": 1600,
        "observed_duration_s": 0.07999999999999935,
        "minimum_normal_force_N": [
          16.626794509616953,
          15.365770929966374
        ],
        "unloaded_physics_steps": [
          0,
          0
        ],
        "unloaded_duration_s": [
          0.0,
          0.0
        ],
        "maximum_consecutive_unloaded_duration_s": [
          0.0,
          0.0
        ],
        "continuously_bilateral_loaded": true
      },
      "final_thread_overlap_m": 0.0013997597294337465,
      "final_formed_flank_overlap_m": 0.0
    },
    {
      "phase": "regrip_search_2",
      "bolt_insertion_advance_m": -2.9768257828188815e-07,
      "bolt_clockwise_rotation_rad": -0.00037174437104026126,
      "observed_helix_residual_m": -2.2372638550983164e-07,
      "maximum_hand_bolt_contacts": 8,
      "maximum_bolt_world_support_contacts": 0,
      "maximum_block_world_support_contacts": 0,
      "maximum_head_block_seating_contacts": 0,
      "sampled_peak_pad_contact_torque_Nm": 0.00011507535983428983,
      "maximum_absolute_bolt_rotation_from_phase_start_rad": 0.0006703695628451634,
      "maximum_absolute_bolt_axial_motion_from_phase_start_m": 8.638337225704007e-07,
      "started_engaged": false,
      "ended_engaged": false,
      "final_bolt_world_support_contacts": 0,
      "final_block_world_support_contacts": 0,
      "final_block_lift_m": 0.04707976104484862,
      "left_grasp_acquired": true,
      "left_pickup_verified": true,
      "all_substep_left_pad_loads": {
        "observer": "native-bilateral-pad-load-v1",
        "minimum_loaded_force_N": 0.1,
        "observed_physics_steps": 5000,
        "observed_duration_s": 0.24999999999998063,
        "minimum_normal_force_N": [
          16.5116294820533,
          14.717157648779969
        ],
        "unloaded_physics_steps": [
          0,
          0
        ],
        "unloaded_duration_s": [
          0.0,
          0.0
        ],
        "maximum_consecutive_unloaded_duration_s": [
          0.0,
          0.0
        ],
        "continuously_bilateral_loaded": true
      },
      "final_thread_overlap_m": 0.001399491330207902,
      "final_formed_flank_overlap_m": 0.0
    },
    {
      "phase": "settle_regrip_search_2",
      "bolt_insertion_advance_m": -1.5274242646037828e-07,
      "bolt_clockwise_rotation_rad": 5.641512869791754e-05,
      "observed_helix_residual_m": -1.6396585970717705e-07,
      "maximum_hand_bolt_contacts": 8,
      "maximum_bolt_world_support_contacts": 0,
      "maximum_block_world_support_contacts": 0,
      "maximum_head_block_seating_contacts": 0,
      "sampled_peak_pad_contact_torque_Nm": 6.027388918721733e-05,
      "maximum_absolute_bolt_rotation_from_phase_start_rad": 5.641512869791754e-05,
      "maximum_absolute_bolt_axial_motion_from_phase_start_m": 2.0241102393278587e-06,
      "started_engaged": false,
      "ended_engaged": false,
      "final_bolt_world_support_contacts": 0,
      "final_block_world_support_contacts": 0,
      "final_block_lift_m": 0.04709643720377449,
      "left_grasp_acquired": true,
      "left_pickup_verified": true,
      "all_substep_left_pad_loads": {
        "observer": "native-bilateral-pad-load-v1",
        "minimum_loaded_force_N": 0.1,
        "observed_physics_steps": 2400,
        "observed_duration_s": 0.11999999999999494,
        "minimum_normal_force_N": [
          16.49522557405746,
          15.35708314565835
        ],
        "unloaded_physics_steps": [
          0,
          0
        ],
        "unloaded_duration_s": [
          0.0,
          0.0
        ],
        "maximum_consecutive_unloaded_duration_s": [
          0.0,
          0.0
        ],
        "continuously_bilateral_loaded": true
      },
      "final_thread_overlap_m": 0.0013993451051009104,
      "final_formed_flank_overlap_m": 0.0
    },
    {
      "phase": "start_thread_2",
      "bolt_insertion_advance_m": -3.449225134933079e-05,
      "bolt_clockwise_rotation_rad": 3.141862769984014,
      "observed_helix_residual_m": -0.0006595459892985189,
      "maximum_hand_bolt_contacts": 8,
      "maximum_bolt_world_support_contacts": 0,
      "maximum_block_world_support_contacts": 0,
      "maximum_head_block_seating_contacts": 0,
      "sampled_peak_pad_contact_torque_Nm": 0.0006571925790044992,
      "maximum_absolute_bolt_rotation_from_phase_start_rad": 3.1418834253059185,
      "maximum_absolute_bolt_axial_motion_from_phase_start_m": 0.002438926405941736,
      "started_engaged": false,
      "ended_engaged": false,
      "final_bolt_world_support_contacts": 0,
      "final_block_world_support_contacts": 0,
      "final_block_lift_m": 0.047095616997334264,
      "left_grasp_acquired": true,
      "left_pickup_verified": true,
      "all_substep_left_pad_loads": {
        "observer": "native-bilateral-pad-load-v1",
        "minimum_loaded_force_N": 0.1,
        "observed_physics_steps": 58905,
        "observed_duration_s": 2.945249999999805,
        "minimum_normal_force_N": [
          16.46861237922311,
          14.069403031144367
        ],
        "unloaded_physics_steps": [
          0,
          0
        ],
        "unloaded_duration_s": [
          0.0,
          0.0
        ],
        "maximum_consecutive_unloaded_duration_s": [
          0.0,
          0.0
        ],
        "continuously_bilateral_loaded": true
      },
      "final_thread_overlap_m": 0.0013649361447973449,
      "final_formed_flank_overlap_m": 0.0
    },
    {
      "phase": "stop_start_2",
      "bolt_insertion_advance_m": 3.923480214506475e-06,
      "bolt_clockwise_rotation_rad": -0.00014995754622493251,
      "observed_helix_residual_m": 3.953313320426012e-06,
      "maximum_hand_bolt_contacts": 8,
      "maximum_bolt_world_support_contacts": 0,
      "maximum_block_world_support_contacts": 0,
      "maximum_head_block_seating_contacts": 0,
      "sampled_peak_pad_contact_torque_Nm": 9.690043422922579e-05,
      "maximum_absolute_bolt_rotation_from_phase_start_rad": 0.00014995754622493251,
      "maximum_absolute_bolt_axial_motion_from_phase_start_m": 4.207276148603112e-06,
      "started_engaged": false,
      "ended_engaged": false,
      "final_bolt_world_support_contacts": 0,
      "final_block_world_support_contacts": 0,
      "final_block_lift_m": 0.04709613174853078,
      "left_grasp_acquired": true,
      "left_pickup_verified": true,
      "all_substep_left_pad_loads": {
        "observer": "native-bilateral-pad-load-v1",
        "minimum_loaded_force_N": 0.1,
        "observed_physics_steps": 2400,
        "observed_duration_s": 0.11999999999999494,
        "minimum_normal_force_N": [
          16.49748419762828,
          14.755888832910149
        ],
        "unloaded_physics_steps": [
          0,
          0
        ],
        "unloaded_duration_s": [
          0.0,
          0.0
        ],
        "maximum_consecutive_unloaded_duration_s": [
          0.0,
          0.0
        ],
        "continuously_bilateral_loaded": true
      },
      "final_thread_overlap_m": 0.0013688800698498267,
      "final_formed_flank_overlap_m": 0.0
    },
    {
      "phase": "release_search_3",
      "bolt_insertion_advance_m": 0.0002802606695010944,
      "bolt_clockwise_rotation_rad": 0.0019426030717770715,
      "observed_helix_residual_m": 0.00027987420089942085,
      "maximum_hand_bolt_contacts": 8,
      "maximum_bolt_world_support_contacts": 0,
      "maximum_block_world_support_contacts": 0,
      "maximum_head_block_seating_contacts": 0,
      "sampled_peak_pad_contact_torque_Nm": 0.0002518037635423395,
      "maximum_absolute_bolt_rotation_from_phase_start_rad": 0.0019426030717770715,
      "maximum_absolute_bolt_axial_motion_from_phase_start_m": 0.0002802606695010944,
      "started_engaged": false,
      "ended_engaged": false,
      "final_bolt_world_support_contacts": 0,
      "final_block_world_support_contacts": 0,
      "final_block_lift_m": 0.04708226215315739,
      "left_grasp_acquired": true,
      "left_pickup_verified": true,
      "all_substep_left_pad_loads": {
        "observer": "native-bilateral-pad-load-v1",
        "minimum_loaded_force_N": 0.1,
        "observed_physics_steps": 1415,
        "observed_duration_s": 0.07075000000000037,
        "minimum_normal_force_N": [
          16.49759894071557,
          13.852658328241732
        ],
        "unloaded_physics_steps": [
          0,
          0
        ],
        "unloaded_duration_s": [
          0.0,
          0.0
        ],
        "maximum_consecutive_unloaded_duration_s": [
          0.0,
          0.0
        ],
        "continuously_bilateral_loaded": true
      },
      "final_thread_overlap_m": 0.0016482778393176571,
      "final_formed_flank_overlap_m": 0.0
    }
  ],
  "acceptance_checks": {
    "completed_qualifying_turns": {
      "passed": false
    },
    "picked_up_free_bolt": {
      "passed": true,
      "maximum_world_support_after_pickup": 0,
      "sampled_minimum_closed_transport_pad_normals_N": [
        5.739730518753079,
        5.645070376687376
      ]
    },
    "started_previously_separate_threads": {
      "passed": false,
      "engagement_time_s": null
    },
    "observed_metric_lead": {
      "passed": false
    },
    "closed_turn_tracking": {
      "passed": false
    },
    "contact_torque_turns_bolt": {
      "passed": false
    },
    "open_reset_contact_decoupling": {
      "passed": true
    },
    "passive_self_locking_during_open_reset": {
      "passed": false,
      "scope": "All-substep maximum yaw/axial drift only after declared formed-flank engagement; starting-cone resets are reported separately",
      "angular_drift_limit_rad": 0.02,
      "axial_drift_limit_m": 1e-05
    },
    "reported_sdf_depth_proxy": {
      "passed": false,
      "observed_peak_m": 1.012878059265791e-05
    },
    "entry_alignment": {
      "passed": true,
      "peak_radial_m": 0.00013940633908414356,
      "peak_tilt_rad": 0.012637342050374091
    },
    "left_grasp_retention": {
      "passed": true,
      "peak_translation_m": 0.00022768872108732907,
      "peak_rotation_rad": 0.0003784159020642575
    },
    "left_pad_contact_retention": {
      "passed": true,
      "sampled_minimum_loaded_pad_normals_N": [
        15.964667853337716,
        14.658818173674515
      ]
    },
    "left_arm_physically_lifts_block": {
      "passed": true,
      "observed_lift_m": 0.04708226215315739
    },
    "right_bolt_grasp_retention": {
      "passed": true,
      "peak_translation_m": 0.00021853501464100163
    },
    "left_block_has_no_world_support": {
      "passed": true,
      "scope": "After completion of actual table lift",
      "maximum_world_support_after_lift": 0
    },
    "free_objects_have_no_external_drive": {
      "passed": true
    },
    "native_joint_limits": {
      "passed": true,
      "minimum_observed_margin_rad": 0.03060837681363693
    },
    "no_solver_or_state_abort": {
      "passed": false
    },
    "all_substep_left_pad_contact_retention": {
      "passed": false,
      "observer": "native-bilateral-pad-load-v1",
      "minimum_loaded_force_N": 0.1,
      "observed_physics_steps": 316478,
      "observed_duration_s": 15.823899999969791,
      "minimum_normal_force_N": [
        0.0,
        0.0
      ],
      "unloaded_physics_steps": [
        9,
        6
      ],
      "unloaded_duration_s": [
        0.0004500000000000001,
        0.00030000000000000003
      ],
      "maximum_consecutive_unloaded_duration_s": [
        5e-05,
        5e-05
      ],
      "continuously_bilateral_loaded": false,
      "scope": "Every physics substep at and after the end of settle_left_block, including lift and physical roll"
    },
    "both_hands_start_separate_from_workpieces": {
      "passed": true,
      "initial_left_block_hand_contacts": 0,
      "initial_right_bolt_hand_contacts": 0
    },
    "picked_up_previously_table_supported_block": {
      "passed": true,
      "initial_block_world_support_contacts": 16,
      "left_acquisition_time_s": 1.5000000000009532,
      "left_pickup_verified_time_s": 2.400000000001076,
      "minimum_physical_block_lift_after_pickup_m": 0.04706157993676355,
      "maximum_world_support_after_pickup": 0
    }
  },
  "aborted": {
    "phase": "release_search_3",
    "time": 17.323850000013326,
    "reported_sdf_depth_m": 1.012878059265791e-05,
    "radial_offset_m": 0.00013940633908414356,
    "bolt_tilt_rad": 0.010652627365572783,
    "block_grip_slip_m": 0.00022762458881005592,
    "block_grip_rotation_slip_rad": 0.00037791291367456255,
    "bolt_grip_slip_m": 0.0,
    "world_block_support_contacts": 0,
    "minimum_native_joint_margin_rad": 0.17671550916954515,
    "warnings": 0,
    "external_drive_zero": true
  },
  "wall_seconds": 871.4012402999942,
  "legacy_continuous_loaded_force_criterion": {
    "would_have_tagged_engagement": false,
    "first_pass_time_s": null,
    "required_streak_s": 0.2
  },
  "reported_sdf_depth_note": "Native contact dist proxy; not an independent overlap certificate"
}
