t=0.0001 phase=stabilize_table_down clock=-1.894985 thread_up=0.133584 hand_up=0.127964 overlap_mm=1.488083 formed_um=0.000 radial_um=63.763
t=0.1001 phase=stabilize_table_down clock=-1.894985 thread_up=0.266835 hand_up=-0.004158 overlap_mm=1.503130 formed_um=0.000 radial_um=74.218
t=0.2001 phase=stabilize_table_down clock=-1.894985 thread_up=0.479736 hand_up=-0.211406 overlap_mm=1.512251 formed_um=0.000 radial_um=76.967
t=0.3001 phase=align_measured_head clock=-1.894985 thread_up=0.736817 hand_up=-0.466775 overlap_mm=1.520090 formed_um=0.000 radial_um=81.407
t=0.4001 phase=align_measured_head clock=-1.894985 thread_up=0.258256 hand_up=0.004066 overlap_mm=1.516336 formed_um=0.000 radial_um=75.113
t=0.5000 phase=align_measured_head clock=-1.894985 thread_up=0.000000 hand_up=0.258991 overlap_mm=1.486605 formed_um=0.000 radial_um=47.538
t=0.6001 phase=settle_measured_grasp clock=-1.894985 thread_up=0.642978 hand_up=-0.379342 overlap_mm=1.465742 formed_um=0.000 radial_um=25.167
t=0.7001 phase=settle_measured_grasp clock=-1.894985 thread_up=0.272379 hand_up=-0.010133 overlap_mm=1.455287 formed_um=0.000 radial_um=21.258
t=0.8001 phase=settle_measured_grasp clock=-1.894985 thread_up=0.275818 hand_up=-0.013212 overlap_mm=1.452994 formed_um=0.000 radial_um=18.998
t=0.9001 phase=start_thread_1 clock=-1.894985 thread_up=0.273506 hand_up=-0.010946 overlap_mm=1.451823 formed_um=0.000 radial_um=16.792
t=1.0001 phase=start_thread_1 clock=-1.894809 thread_up=0.274244 hand_up=-0.011733 overlap_mm=1.451197 formed_um=0.000 radial_um=15.388
t=1.1000 phase=start_thread_1 clock=-1.893615 thread_up=0.283113 hand_up=-0.020524 overlap_mm=1.450484 formed_um=0.000 radial_um=14.536
t=1.2001 phase=start_thread_1 clock=-1.890492 thread_up=0.259114 hand_up=0.002935 overlap_mm=1.450228 formed_um=0.000 radial_um=14.033
t=1.3001 phase=start_thread_1 clock=-1.884640 thread_up=0.269563 hand_up=-0.007508 overlap_mm=1.450792 formed_um=0.000 radial_um=13.870
t=1.4001 phase=start_thread_1 clock=-1.875365 thread_up=0.333130 hand_up=-0.069080 overlap_mm=1.452287 formed_um=0.000 radial_um=13.758
t=1.5001 phase=start_thread_1 clock=-1.862075 thread_up=0.360382 hand_up=-0.095221 overlap_mm=1.454724 formed_um=0.000 radial_um=13.595
t=1.6000 phase=start_thread_1 clock=-1.844279 thread_up=0.413377 hand_up=-0.145860 overlap_mm=1.458081 formed_um=0.000 radial_um=13.364
t=1.7001 phase=start_thread_1 clock=-1.821576 thread_up=0.406709 hand_up=-0.140779 overlap_mm=1.462437 formed_um=0.000 radial_um=13.151
t=1.8001 phase=start_thread_1 clock=-1.793655 thread_up=0.464819 hand_up=-0.195747 overlap_mm=1.467743 formed_um=0.000 radial_um=12.799
t=1.9001 phase=start_thread_1 clock=-1.760291 thread_up=0.468627 hand_up=-0.200732 overlap_mm=1.474106 formed_um=0.000 radial_um=12.371
t=2.0000 phase=start_thread_1 clock=-1.721338 thread_up=0.521654 hand_up=-0.251360 overlap_mm=1.481255 formed_um=0.000 radial_um=12.247
t=2.1000 phase=start_thread_1 clock=-1.676726 thread_up=0.524771 hand_up=-0.253373 overlap_mm=1.489262 formed_um=0.000 radial_um=11.781
t=2.2001 phase=start_thread_1 clock=-1.626456 thread_up=0.616319 hand_up=-0.343137 overlap_mm=1.499133 formed_um=0.000 radial_um=10.282
t=2.3001 phase=start_thread_1 clock=-1.570598 thread_up=0.690065 hand_up=-0.414739 overlap_mm=1.509875 formed_um=0.000 radial_um=9.207
t=2.4001 phase=start_thread_1 clock=-1.509281 thread_up=0.000000 hand_up=0.257493 overlap_mm=1.521317 formed_um=0.000 radial_um=8.397
t=2.5001 phase=start_thread_1 clock=-1.442695 thread_up=0.000000 hand_up=0.256081 overlap_mm=1.533727 formed_um=0.000 radial_um=6.504
t=2.6000 phase=start_thread_1 clock=-1.371083 thread_up=0.000000 hand_up=0.257717 overlap_mm=1.547281 formed_um=0.000 radial_um=5.469
t=2.7001 phase=start_thread_1 clock=-1.294738 thread_up=0.811454 hand_up=-0.535630 overlap_mm=1.561552 formed_um=0.000 radial_um=4.913
t=2.8001 phase=start_thread_1 clock=-1.213995 thread_up=0.874164 hand_up=-0.595438 overlap_mm=1.576620 formed_um=0.000 radial_um=5.708
t=2.9001 phase=start_thread_1 clock=-1.129232 thread_up=0.427738 hand_up=-0.164504 overlap_mm=1.592894 formed_um=0.000 radial_um=7.583
t=3.0001 phase=start_thread_1 clock=-1.040864 thread_up=0.000000 hand_up=0.257998 overlap_mm=1.609071 formed_um=0.000 radial_um=9.684
t=3.1000 phase=start_thread_1 clock=-0.949333 thread_up=0.000000 hand_up=0.258556 overlap_mm=1.626357 formed_um=0.000 radial_um=11.604
t=3.2001 phase=start_thread_1 clock=-0.855114 thread_up=0.000000 hand_up=0.260775 overlap_mm=1.644005 formed_um=0.000 radial_um=12.652
t=3.3001 phase=start_thread_1 clock=-0.758701 thread_up=0.000000 hand_up=0.259449 overlap_mm=1.663013 formed_um=0.000 radial_um=13.010
t=3.4001 phase=start_thread_1 clock=-0.660606 thread_up=0.000000 hand_up=0.259942 overlap_mm=1.682345 formed_um=0.000 radial_um=12.009
t=3.5001 phase=start_thread_1 clock=-0.561357 thread_up=0.000000 hand_up=0.258242 overlap_mm=1.702372 formed_um=0.000 radial_um=10.206
t=3.6000 phase=start_thread_1 clock=-0.461491 thread_up=0.000000 hand_up=0.258911 overlap_mm=1.722868 formed_um=0.000 radial_um=8.341
t=3.7001 phase=start_thread_1 clock=-0.361549 thread_up=0.000000 hand_up=0.259606 overlap_mm=1.743840 formed_um=0.000 radial_um=7.339
t=3.8001 phase=start_thread_1 clock=-0.262073 thread_up=1.572608 hand_up=-1.290469 overlap_mm=1.763544 formed_um=0.000 radial_um=5.631
t=3.9001 phase=start_thread_1 clock=-0.163602 thread_up=0.000000 hand_up=0.260320 overlap_mm=1.784123 formed_um=0.000 radial_um=6.492
t=4.0000 phase=start_thread_1 clock=-0.066665 thread_up=0.000000 hand_up=0.259735 overlap_mm=1.803198 formed_um=0.000 radial_um=5.698
t=4.1001 phase=start_thread_1 clock=0.028219 thread_up=0.000000 hand_up=0.258931 overlap_mm=1.820738 formed_um=0.000 radial_um=4.465
t=4.2001 phase=start_thread_1 clock=0.120551 thread_up=0.000000 hand_up=0.256908 overlap_mm=1.839084 formed_um=0.000 radial_um=4.457
t=4.3001 phase=start_thread_1 clock=0.209851 thread_up=0.000000 hand_up=0.256546 overlap_mm=1.857142 formed_um=0.000 radial_um=3.935
t=4.4001 phase=start_thread_1 clock=0.295666 thread_up=0.919064 hand_up=-0.637657 overlap_mm=1.874260 formed_um=0.000 radial_um=4.893
t=4.5000 phase=start_thread_1 clock=0.377574 thread_up=0.529591 hand_up=-0.256113 overlap_mm=1.890494 formed_um=0.000 radial_um=6.349
t=4.6001 phase=start_thread_1 clock=0.455186 thread_up=0.000000 hand_up=0.257049 overlap_mm=1.905915 formed_um=0.000 radial_um=6.421
t=4.7001 phase=start_thread_1 clock=0.528155 thread_up=0.000000 hand_up=0.255080 overlap_mm=1.920430 formed_um=0.000 radial_um=7.152
t=4.8001 phase=start_thread_1 clock=0.596175 thread_up=0.000000 hand_up=0.254876 overlap_mm=1.933925 formed_um=0.000 radial_um=7.578
t=4.9001 phase=start_thread_1 clock=0.658988 thread_up=0.000000 hand_up=0.255425 overlap_mm=1.946340 formed_um=0.000 radial_um=7.412
t=5.0000 phase=start_thread_1 clock=0.716391 thread_up=0.406798 hand_up=-0.137341 overlap_mm=1.957688 formed_um=0.000 radial_um=7.486
t=5.1001 phase=start_thread_1 clock=0.768235 thread_up=0.000000 hand_up=0.256464 overlap_mm=1.968277 formed_um=0.000 radial_um=7.938
t=5.2001 phase=start_thread_1 clock=0.814434 thread_up=0.000000 hand_up=0.256495 overlap_mm=1.977229 formed_um=0.000 radial_um=7.426
t=5.3001 phase=start_thread_1 clock=0.854968 thread_up=0.573249 hand_up=-0.298375 overlap_mm=1.985389 formed_um=0.000 radial_um=7.218
t=5.4001 phase=start_thread_1 clock=0.889885 thread_up=0.460587 hand_up=-0.195479 overlap_mm=1.992456 formed_um=0.000 radial_um=7.110
t=5.5000 phase=start_thread_1 clock=0.919311 thread_up=0.000000 hand_up=0.257509 overlap_mm=1.998286 formed_um=2.952 radial_um=6.737
t=5.6001 phase=start_thread_1 clock=0.943447 thread_up=0.260635 hand_up=0.003260 overlap_mm=2.002894 formed_um=7.745 radial_um=5.847
t=5.7001 phase=start_thread_1 clock=0.962581 thread_up=0.171721 hand_up=0.089126 overlap_mm=2.006724 formed_um=11.780 radial_um=5.484
t=5.8001 phase=start_thread_1 clock=0.977086 thread_up=0.350060 hand_up=-0.087035 overlap_mm=2.009617 formed_um=14.894 radial_um=4.932
t=5.9001 phase=start_thread_1 clock=0.987430 thread_up=0.197691 hand_up=0.065155 overlap_mm=2.011801 formed_um=17.312 radial_um=4.648
t=6.0000 phase=start_thread_1 clock=0.994175 thread_up=0.246157 hand_up=0.015680 overlap_mm=2.013125 formed_um=18.892 radial_um=4.048
t=6.1001 phase=start_thread_1 clock=0.997986 thread_up=0.252040 hand_up=0.010061 overlap_mm=2.013864 formed_um=19.914 radial_um=3.342
t=6.2001 phase=start_thread_1 clock=0.999633 thread_up=0.263233 hand_up=-0.000817 overlap_mm=2.014205 formed_um=20.567 radial_um=2.630
t=6.3001 phase=start_thread_1 clock=0.999996 thread_up=0.260554 hand_up=0.001789 overlap_mm=2.014229 formed_um=20.925 radial_um=1.696
t=6.4001 phase=stop_start_1 clock=1.000000 thread_up=0.263860 hand_up=-0.001445 overlap_mm=2.014258 formed_um=21.320 radial_um=0.935
t=6.5000 phase=stop_start_1 clock=1.000000 thread_up=0.270070 hand_up=-0.007545 overlap_mm=2.014248 formed_um=21.525 radial_um=0.400
t=6.6001 phase=stop_start_1 clock=1.000000 thread_up=0.263548 hand_up=-0.001133 overlap_mm=2.014261 formed_um=21.617 radial_um=0.234
t=6.7001 phase=stop_start_1 clock=1.000000 thread_up=0.262432 hand_up=-0.000018 overlap_mm=2.014263 formed_um=21.623 radial_um=0.227
t=6.8001 phase=stop_start_1 clock=1.000000 thread_up=0.262422 hand_up=-0.000008 overlap_mm=2.014267 formed_um=21.622 radial_um=0.258
t=6.8281 phase=stop_start_1 clock=1.000000 thread_up=0.262411 hand_up=0.000003 overlap_mm=2.014267 formed_um=21.622 radial_um=0.272
{"all_original_guards_held": true, "aborted": null, "actual_duration_s": 6.8281, "wall_seconds": 861.3270074480024, "ever_weight_transfer_ready": true, "final_weight_window": {"observer": "diagnostic-native-bolt-weight-transfer-v1", "ready_for_diagnostic_release_attempt": true, "bolt_weight_N": 0.26241400403581094, "required_window_s": 0.1, "observed_window_s": 0.09999999999999715, "original_native_samples": 2000, "mean_thread_weight_fraction": 0.9999664334794205, "mean_positive_hand_upward_weight_fraction": 0.000151165593100242, "signed_thread_gravity_opposing_impulse_Ns": 0.02624051957107366, "positive_hand_upward_impulse_Ns": 3.966796855788152e-06, "loaded_actual_interior_flank_duration_s": 0.0, "loaded_thread_gravity_support_duty_fraction": 1.0, "entry_only_native_contact_window": true, "loaded_actual_interior_flank_contact_observed": false, "scope": "Measured bolt-weight transfer while aligned and slow. May still be cone-only; never a full-flank capture, passive reset or successful thread proof."}, "partial_formed_loaded_release_allowed": false, "final100ms": {"time_s": 16.72717499999352, "elapsed_s": 6.778125, "net_feed_N": 0.26241400403581094, "axial_motor_feed_N": -5.631842776716105e-06, "thread_gravity_opposing_force_N": 0.262405195710736, "hand_gravity_opposing_force_N": 8.803389689832038e-06, "relative_bolt_axial_velocity_m_per_s": 2.9087709407241052e-08, "radial_offset_m": 2.5087858948586387e-07, "bolt_tilt_rad": 1.5516358572551102e-05, "thread_overlap_m": 0.002014265827321952, "formed_flank_overlap_m": 2.1622098803576517e-05, "interior_flank_gravity_opposing_force_N": 0.0, "interior_flank_summed_normal_force_N": 0.0, "loaded_actual_interior_flank_contact_count": 0.0, "native_thread_depth_m": 1.3617035575430309e-08, "right_grip_slip_m": 0.00010506403543143427, "table_upward_force_N": 3.261175280400722, "left_hand_upward_force_N": -1.9999728004583104, "external_drive_zero": 1.0, "right_pad_gravity_opposing_force_N": 8.803389689832038e-06, "native_thread_contact_count": 3.9245, "bolt_world_support_contact_count": 0.0, "nonthread_block_bolt_contact_count": 0.0, "all_checks_held": 1.0, "base_z_m": -0.021985734170751323, "yaw_unwrapped_rad": 2.340795551145628, "desired_turn_theta_rad": 1.0, "desired_turn_angular_speed_rad_s": 0.0, "relative_bolt_angular_speed_rad_per_s": 2.0303017212557706e-05, "relative_hand_angular_speed_rad_per_s": 0.00010044754857373689, "phase_index": 5.0, "left_worldZ_velocity_m_per_s": -1.2591040692434406e-07, "left_axial_forcefeed_N": -1.9999748179186152, "right_commanded_aperture_m": 0.0184, "thread_summed_normal_force_N": 0.3015935058813147, "minimum_joint_margin_rad": 0.18289971139090153, "block_translation_m": 4.678310652456396e-06, "block_rotation_rad": 5.097586764552725e-05, "block_lift_m": -1.4146411812221922e-06, "left_pad_0_N": 16.014771257386013, "left_pad_1_N": 15.97888390925528, "right_pad_0_N": 15.887993376434585, "right_pad_1_N": 15.892546967896044, "left_grip_slip_m": 1.5497633734891236e-06, "right_grip_rotation_slip_rad": 0.022645959013940963, "left_grip_rotation_slip_rad": 3.932032658879555e-05, "table_loaded_ready": 1.0}}
