t=0.0001 phase=release_search_2 clock=1.000069 thread_up=0.261803 hand_up=0.000611 overlap_mm=2.014267 formed_um=21.622 radial_um=0.272
t=0.1001 phase=release_search_2 clock=1.000069 thread_up=0.262329 hand_up=0.000000 overlap_mm=2.014261 formed_um=21.535 radial_um=0.676
t=0.2001 phase=release_search_2 clock=1.000069 thread_up=0.262118 hand_up=0.000000 overlap_mm=2.014287 formed_um=21.458 radial_um=0.867
t=0.3001 phase=open_settle_search_2 clock=1.000069 thread_up=0.262467 hand_up=0.000000 overlap_mm=2.014303 formed_um=21.423 radial_um=0.980
Adaptive strict open-readiness at t=0.37000; actualopenwait=0.12000s; reset next native tick
t=0.4001 phase=reset_open_search_2 clock=0.999811 thread_up=0.262094 hand_up=0.000000 overlap_mm=2.014299 formed_um=21.396 radial_um=0.984
t=0.5000 phase=reset_open_search_2 clock=0.981197 thread_up=0.262255 hand_up=0.000000 overlap_mm=2.014301 formed_um=21.395 radial_um=0.893
t=0.6001 phase=reset_open_search_2 clock=0.906612 thread_up=0.262491 hand_up=0.000000 overlap_mm=2.014300 formed_um=21.426 radial_um=0.785
t=0.7001 phase=reset_open_search_2 clock=0.754629 thread_up=0.262445 hand_up=0.000000 overlap_mm=2.014300 formed_um=21.423 radial_um=0.790
t=0.8001 phase=reset_open_search_2 clock=0.520357 thread_up=0.262468 hand_up=0.000000 overlap_mm=2.014303 formed_um=21.428 radial_um=0.783
t=0.9001 phase=reset_open_search_2 clock=0.212171 thread_up=0.262451 hand_up=0.000000 overlap_mm=2.014305 formed_um=21.432 radial_um=0.779
t=1.0001 phase=reset_open_search_2 clock=-0.151548 thread_up=0.262473 hand_up=0.000000 overlap_mm=2.014308 formed_um=21.435 radial_um=0.775
t=1.1000 phase=reset_open_search_2 clock=-0.545685 thread_up=0.262471 hand_up=0.000000 overlap_mm=2.014310 formed_um=21.438 radial_um=0.772
t=1.2001 phase=reset_open_search_2 clock=-0.941652 thread_up=0.262416 hand_up=0.000000 overlap_mm=2.014311 formed_um=21.437 radial_um=0.773
t=1.3001 phase=reset_open_search_2 clock=-1.310658 thread_up=0.262414 hand_up=0.000000 overlap_mm=2.014312 formed_um=21.438 radial_um=0.775
t=1.4001 phase=reset_open_search_2 clock=-1.626974 thread_up=0.262443 hand_up=0.000000 overlap_mm=2.014315 formed_um=21.442 radial_um=0.768
t=1.5001 phase=reset_open_search_2 clock=-1.871198 thread_up=0.262414 hand_up=0.000000 overlap_mm=2.014315 formed_um=21.442 radial_um=0.772
t=1.6000 phase=reset_open_search_2 clock=-2.033521 thread_up=0.262414 hand_up=0.000000 overlap_mm=2.014317 formed_um=21.443 radial_um=0.771
t=1.7001 phase=reset_open_search_2 clock=-2.116994 thread_up=0.262414 hand_up=0.000000 overlap_mm=2.014318 formed_um=21.441 radial_um=0.786
t=1.8001 phase=reset_open_search_2 clock=-2.140797 thread_up=0.262415 hand_up=0.000000 overlap_mm=2.014325 formed_um=21.456 radial_um=0.773
t=1.9001 phase=open_hold_search_2 clock=-2.141523 thread_up=0.262414 hand_up=0.000000 overlap_mm=2.014322 formed_um=21.454 radial_um=0.779
t=2.0000 phase=regrip_search_2 clock=-2.141523 thread_up=0.262414 hand_up=0.000000 overlap_mm=2.014324 formed_um=21.456 radial_um=0.778
t=2.1000 phase=regrip_search_2 clock=-2.141523 thread_up=0.262414 hand_up=0.000000 overlap_mm=2.014325 formed_um=21.458 radial_um=0.774
t=2.2001 phase=regrip_search_2 clock=-2.141523 thread_up=0.189689 hand_up=0.073164 overlap_mm=2.012041 formed_um=17.271 radial_um=7.757
t=2.3001 phase=settle_regrip_search_2 clock=-2.141523 thread_up=0.198141 hand_up=0.064814 overlap_mm=2.014307 formed_um=19.573 radial_um=3.268
t=2.4001 phase=settle_regrip_search_2 clock=-2.141523 thread_up=0.126940 hand_up=0.132217 overlap_mm=2.014258 formed_um=19.888 radial_um=3.350
t=2.5001 phase=start_thread_2 clock=-2.141515 thread_up=0.341448 hand_up=-0.077833 overlap_mm=2.014142 formed_um=20.125 radial_um=3.962
t=2.6000 phase=start_thread_2 clock=-2.141138 thread_up=0.265166 hand_up=-0.002892 overlap_mm=2.014341 formed_um=21.078 radial_um=1.658
t=2.7001 phase=start_thread_2 clock=-2.139588 thread_up=0.281372 hand_up=-0.018804 overlap_mm=2.014683 formed_um=21.469 radial_um=2.201
t=2.8001 phase=start_thread_2 clock=-2.136114 thread_up=0.320559 hand_up=-0.057690 overlap_mm=2.015344 formed_um=21.844 radial_um=2.279
t=2.9001 phase=start_thread_2 clock=-2.130049 thread_up=0.427980 hand_up=-0.162110 overlap_mm=2.016532 formed_um=22.650 radial_um=3.272
t=3.0001 phase=start_thread_2 clock=-2.120810 thread_up=0.438361 hand_up=-0.171791 overlap_mm=2.018377 formed_um=24.116 radial_um=4.138
t=3.1000 phase=start_thread_2 clock=-2.107896 thread_up=0.597696 hand_up=-0.329331 overlap_mm=2.020973 formed_um=26.391 radial_um=4.866
t=3.2001 phase=start_thread_2 clock=-2.090879 thread_up=0.312051 hand_up=-0.047331 overlap_mm=2.024340 formed_um=29.496 radial_um=5.448
t=3.3001 phase=start_thread_2 clock=-2.069409 thread_up=0.000000 hand_up=0.258594 overlap_mm=2.028602 formed_um=33.548 radial_um=5.922
t=3.4001 phase=start_thread_2 clock=-2.043203 thread_up=0.448595 hand_up=-0.184762 overlap_mm=2.033799 formed_um=38.588 radial_um=6.338
t=3.5001 phase=start_thread_2 clock=-2.012047 thread_up=0.250763 hand_up=0.011494 overlap_mm=2.039988 formed_um=44.676 radial_um=6.595
t=3.6000 phase=start_thread_2 clock=-1.975789 thread_up=0.000000 hand_up=0.255735 overlap_mm=2.047179 formed_um=51.824 radial_um=6.612
t=3.7001 phase=start_thread_2 clock=-1.934341 thread_up=0.000000 hand_up=0.255966 overlap_mm=2.055351 formed_um=60.012 radial_um=6.510
t=3.8001 phase=start_thread_2 clock=-1.887670 thread_up=0.447109 hand_up=-0.176363 overlap_mm=2.064565 formed_um=69.304 radial_um=6.022
t=3.9001 phase=start_thread_2 clock=-1.835799 thread_up=0.493544 hand_up=-0.220476 overlap_mm=2.074886 formed_um=79.782 radial_um=5.592
t=4.0000 phase=start_thread_2 clock=-1.778802 thread_up=0.000000 hand_up=0.256869 overlap_mm=2.086218 formed_um=91.375 radial_um=5.080
t=4.1001 phase=start_thread_2 clock=-1.716799 thread_up=1.382523 hand_up=-1.093736 overlap_mm=2.098537 formed_um=104.046 radial_um=4.274
t=4.2001 phase=start_thread_2 clock=-1.649958 thread_up=0.000000 hand_up=0.258218 overlap_mm=2.111818 formed_um=117.748 radial_um=3.291
t=4.3001 phase=start_thread_2 clock=-1.578488 thread_up=0.000000 hand_up=0.257624 overlap_mm=2.126091 formed_um=132.393 radial_um=2.359
t=4.4001 phase=start_thread_2 clock=-1.502635 thread_up=0.000000 hand_up=0.258442 overlap_mm=2.141143 formed_um=147.422 radial_um=2.546
t=4.5000 phase=start_thread_2 clock=-1.422682 thread_up=0.000000 hand_up=0.256851 overlap_mm=2.157030 formed_um=162.630 radial_um=4.134
t=4.6001 phase=start_thread_2 clock=-1.338942 thread_up=0.000000 hand_up=0.258986 overlap_mm=2.173526 formed_um=178.059 radial_um=6.485
t=4.7001 phase=start_thread_2 clock=-1.251760 thread_up=0.000000 hand_up=0.257978 overlap_mm=2.190837 formed_um=194.116 radial_um=9.525
t=4.8001 phase=start_thread_2 clock=-1.161505 thread_up=0.000000 hand_up=0.259804 overlap_mm=2.208269 formed_um=210.177 radial_um=12.278
t=4.9001 phase=start_thread_2 clock=-1.068567 thread_up=0.000000 hand_up=0.259506 overlap_mm=2.226801 formed_um=227.242 radial_um=14.628
t=5.0000 phase=start_thread_2 clock=-0.973359 thread_up=0.000000 hand_up=0.260819 overlap_mm=2.244869 formed_um=243.975 radial_um=17.533
t=5.1001 phase=start_thread_2 clock=-0.876307 thread_up=0.000000 hand_up=0.260968 overlap_mm=2.263491 formed_um=261.606 radial_um=19.065
t=5.2001 phase=start_thread_2 clock=-0.777853 thread_up=0.000000 hand_up=0.260998 overlap_mm=2.283060 formed_um=280.812 radial_um=19.351
t=5.3001 phase=start_thread_2 clock=-0.678445 thread_up=1.086446 hand_up=-0.810829 overlap_mm=2.302394 formed_um=300.162 radial_um=18.246
t=5.4001 phase=start_thread_2 clock=-0.578542 thread_up=0.000000 hand_up=0.259825 overlap_mm=2.322461 formed_um=320.920 radial_um=16.784
t=5.5000 phase=start_thread_2 clock=-0.478602 thread_up=0.000000 hand_up=0.259423 overlap_mm=2.343402 formed_um=343.396 radial_um=15.027
t=5.6001 phase=start_thread_2 clock=-0.379086 thread_up=0.000000 hand_up=0.259707 overlap_mm=2.364161 formed_um=365.973 radial_um=12.352
t=5.7001 phase=start_thread_2 clock=-0.280453 thread_up=0.000000 hand_up=0.258177 overlap_mm=2.383917 formed_um=387.201 radial_um=9.150
t=5.8001 phase=start_thread_2 clock=-0.183153 thread_up=0.000000 hand_up=0.257082 overlap_mm=2.403482 formed_um=407.933 radial_um=6.446
t=5.9001 phase=start_thread_2 clock=-0.087628 thread_up=0.000000 hand_up=0.257400 overlap_mm=2.422620 formed_um=428.094 radial_um=4.276
t=6.0000 phase=start_thread_2 clock=0.005692 thread_up=0.000000 hand_up=0.258954 overlap_mm=2.441172 formed_um=447.504 radial_um=2.510
t=6.1001 phase=start_thread_2 clock=0.096393 thread_up=0.000000 hand_up=0.254756 overlap_mm=2.459344 formed_um=465.945 radial_um=1.891
t=6.2001 phase=start_thread_2 clock=0.184080 thread_up=2.239972 hand_up=-1.933773 overlap_mm=2.476809 formed_um=482.994 radial_um=2.767
t=6.3001 phase=start_thread_2 clock=0.268381 thread_up=0.000000 hand_up=0.256186 overlap_mm=2.493597 formed_um=499.243 radial_um=3.816
t=6.4001 phase=start_thread_2 clock=0.348948 thread_up=0.000000 hand_up=0.256765 overlap_mm=2.509600 formed_um=514.778 radial_um=4.726
t=6.5000 phase=start_thread_2 clock=0.425461 thread_up=0.000000 hand_up=0.258459 overlap_mm=2.524838 formed_um=529.647 radial_um=5.419
t=6.6001 phase=start_thread_2 clock=0.497634 thread_up=0.000000 hand_up=0.255869 overlap_mm=2.539187 formed_um=543.741 radial_um=6.127
t=6.7001 phase=start_thread_2 clock=0.565213 thread_up=0.000000 hand_up=0.256565 overlap_mm=2.552712 formed_um=557.071 radial_um=6.443
t=6.8001 phase=start_thread_2 clock=0.627983 thread_up=0.000000 hand_up=0.255363 overlap_mm=2.565024 formed_um=569.313 radial_um=6.564
t=6.9001 phase=start_thread_2 clock=0.685772 thread_up=0.000000 hand_up=0.255717 overlap_mm=2.576489 formed_um=580.751 radial_um=6.478
t=7.0001 phase=start_thread_2 clock=0.738451 thread_up=0.599282 hand_up=-0.333593 overlap_mm=2.587000 formed_um=591.294 radial_um=6.671
t=7.1001 phase=start_thread_2 clock=0.785937 thread_up=0.000000 hand_up=0.254203 overlap_mm=2.596472 formed_um=600.835 radial_um=6.508
t=7.2001 phase=start_thread_2 clock=0.828201 thread_up=0.000000 hand_up=0.255232 overlap_mm=2.604873 formed_um=609.328 radial_um=5.789
t=7.3001 phase=start_thread_2 clock=0.865265 thread_up=0.313112 hand_up=-0.045519 overlap_mm=2.612240 formed_um=616.821 radial_um=5.388
t=7.4001 phase=start_thread_2 clock=0.897211 thread_up=0.296955 hand_up=-0.029388 overlap_mm=2.618611 formed_um=623.344 radial_um=5.090
t=7.5001 phase=start_thread_2 clock=0.924178 thread_up=0.261615 hand_up=0.003163 overlap_mm=2.624010 formed_um=628.908 radial_um=4.795
t=7.6001 phase=start_thread_2 clock=0.946372 thread_up=0.000000 hand_up=0.255812 overlap_mm=2.628411 formed_um=633.487 radial_um=4.482
t=7.7001 phase=start_thread_2 clock=0.964062 thread_up=0.333491 hand_up=-0.070697 overlap_mm=2.632008 formed_um=637.284 radial_um=4.569
t=7.8001 phase=start_thread_2 clock=0.977592 thread_up=0.216441 hand_up=0.045497 overlap_mm=2.634724 formed_um=640.193 radial_um=4.000
t=7.9001 phase=start_thread_2 clock=0.987374 thread_up=0.179352 hand_up=0.083075 overlap_mm=2.636682 formed_um=642.366 radial_um=3.693
t=8.0000 phase=start_thread_2 clock=0.993899 thread_up=0.270162 hand_up=-0.006391 overlap_mm=2.637993 formed_um=643.903 radial_um=3.208
t=8.1000 phase=start_thread_2 clock=0.997736 thread_up=0.303150 hand_up=-0.039984 overlap_mm=2.638750 formed_um=644.911 radial_um=2.683
t=8.2001 phase=start_thread_2 clock=0.999540 thread_up=0.255388 hand_up=0.006850 overlap_mm=2.639129 formed_um=645.562 radial_um=2.107
t=8.3001 phase=start_thread_2 clock=1.000047 thread_up=0.258278 hand_up=0.004145 overlap_mm=2.639219 formed_um=645.943 radial_um=1.463
t=8.4001 phase=stop_start_2 clock=1.000069 thread_up=0.260392 hand_up=0.001981 overlap_mm=2.639227 formed_um=646.269 radial_um=0.778
t=8.5000 phase=stop_start_2 clock=1.000069 thread_up=0.261586 hand_up=0.000822 overlap_mm=2.639219 formed_um=646.489 radial_um=0.298
t=8.6000 phase=stop_start_2 clock=1.000069 thread_up=0.262172 hand_up=0.000240 overlap_mm=2.639228 formed_um=646.595 radial_um=0.119
t=8.7001 phase=stop_start_2 clock=1.000069 thread_up=0.262884 hand_up=-0.000461 overlap_mm=2.639222 formed_um=646.619 radial_um=0.041
t=8.8001 phase=stop_start_2 clock=1.000069 thread_up=0.262446 hand_up=-0.000032 overlap_mm=2.639228 formed_um=646.638 radial_um=0.013
t=8.8531 phase=stop_start_2 clock=1.000069 thread_up=0.262403 hand_up=0.000011 overlap_mm=2.639228 formed_um=646.637 radial_um=0.012
{"all_original_guards_held": true, "aborted": null, "actual_duration_s": 8.853100000000001, "wall_seconds": 1048.916170028002, "ever_weight_transfer_ready": true, "final_weight_window": {"observer": "diagnostic-native-bolt-weight-transfer-v1", "ready_for_diagnostic_release_attempt": true, "bolt_weight_N": 0.26241400403581094, "required_window_s": 0.1, "observed_window_s": 0.09999999999999715, "original_native_samples": 2000, "mean_thread_weight_fraction": 0.9999792837391834, "mean_positive_hand_upward_weight_fraction": 0.00014985230776580176, "signed_thread_gravity_opposing_impulse_Ns": 0.026240856779885392, "positive_hand_upward_impulse_Ns": 3.932334409482956e-06, "loaded_actual_interior_flank_duration_s": 0.09999999999999715, "loaded_thread_gravity_support_duty_fraction": 1.0, "entry_only_native_contact_window": false, "loaded_actual_interior_flank_contact_observed": true, "scope": "Measured bolt-weight transfer while aligned and slow. May still be cone-only; never a full-flank capture, passive reset or successful thread proof."}, "partial_formed_loaded_release_allowed": true, "final100ms": {"time_s": 25.580275000287415, "elapsed_s": 8.803125, "net_feed_N": 0.26241400403581094, "axial_motor_feed_N": -3.2910503675638654e-06, "thread_gravity_opposing_force_N": 0.2624085677988541, "hand_gravity_opposing_force_N": 5.435498060503252e-06, "relative_bolt_axial_velocity_m_per_s": 1.6927681532309645e-08, "radial_offset_m": 1.7093388089516084e-08, "bolt_tilt_rad": 2.1977890731662823e-06, "thread_overlap_m": 0.0026392273286242537, "formed_flank_overlap_m": 0.0006466362875792344, "interior_flank_gravity_opposing_force_N": 0.11021700464922911, "interior_flank_summed_normal_force_N": 0.1266109230160609, "loaded_actual_interior_flank_contact_count": 4.255, "native_thread_depth_m": 1.0270754876701091e-08, "right_grip_slip_m": 3.0525861238922426e-05, "table_upward_force_N": 3.261178155118092, "left_hand_upward_force_N": -1.9999722912455045, "external_drive_zero": 1.0, "right_pad_gravity_opposing_force_N": 5.435498060503252e-06, "native_thread_contact_count": 8.1675, "bolt_world_support_contact_count": 0.0, "nonthread_block_bolt_contact_count": 0.0, "all_checks_held": 1.0, "base_z_m": -0.021360772671336258, "yaw_unwrapped_rad": 5.482451849119062, "desired_turn_theta_rad": 1.0000693981811326, "desired_turn_angular_speed_rad_s": 0.0, "relative_bolt_angular_speed_rad_per_s": 2.0529620503540327e-05, "relative_hand_angular_speed_rad_per_s": 1.449104304815133e-05, "phase_index": 7.0, "right_bolt_contact_count": 8.0, "fully_open_unassisted": 0.0, "open_drift_peak_axial_m": 2.8499775050344622e-08, "open_drift_peak_yaw_rad": 0.00023575294977273842, "left_worldZ_velocity_m_per_s": -1.2836352089182564e-07, "left_axial_forcefeed_N": -1.9999743272958217, "right_commanded_aperture_m": 0.0184, "right_actual_aperture_postintegration_m": 0.019989027018369094, "right_grasp_guard_active": 1.0, "right_axial_float_active": 1.0, "right_applied_axial_feed_N": -3.2910503675638654e-06, "right_site_axial_wrench_command_N": -3.2910503663576824e-06, "thread_summed_normal_force_N": 0.30268584907894697, "minimum_joint_margin_rad": 0.18432448350588543, "block_translation_m": 2.5484116784178717e-06, "block_rotation_rad": 3.554864653942475e-05, "block_lift_m": -1.4167400051213397e-06, "left_pad_0_N": 16.00483467114095, "left_pad_1_N": 15.988820804659506, "right_pad_0_N": 15.890059286188134, "right_pad_1_N": 15.890481048306032, "left_grip_slip_m": 8.114640494107325e-07, "right_grip_rotation_slip_rad": 0.0032978415552488574, "left_grip_rotation_slip_rad": 3.58123012294549e-05, "table_loaded_ready": 1.0}}
