{"phase": "settle_table", "bolt_insertion_advance_m": -2.639000129533997e-13, "bolt_clockwise_rotation_rad": -2.5526352587235124e-08, "observed_helix_residual_m": 4.814406478752927e-12, "maximum_hand_bolt_contacts": 0, "maximum_bolt_world_support_contacts": 12, "maximum_block_world_support_contacts": 16, "maximum_head_block_seating_contacts": 0, "sampled_peak_pad_contact_torque_Nm": 0.0, "maximum_absolute_bolt_rotation_from_phase_start_rad": 4.012428789224032e-08, "maximum_absolute_bolt_axial_motion_from_phase_start_m": 3.115840918610502e-13, "started_engaged": false, "ended_engaged": false, "final_bolt_world_support_contacts": 12, "final_block_world_support_contacts": 16, "final_block_lift_m": -1.8242939554824478e-07, "left_grasp_acquired": false, "left_pickup_verified": false, "all_substep_left_pad_loads": {"observer": "native-bilateral-pad-load-v1", "minimum_loaded_force_N": 0.1, "observed_physics_steps": 0, "observed_duration_s": 0.0, "minimum_normal_force_N": null, "unloaded_physics_steps": [0, 0], "unloaded_duration_s": [0.0, 0.0], "maximum_consecutive_unloaded_duration_s": [0.0, 0.0], "continuously_bilateral_loaded": false}, "final_thread_overlap_m": -0.2919999992999323, "final_formed_flank_overlap_m": 0.0}
{"phase": "reach_left_block", "bolt_insertion_advance_m": -6.263323193422821e-13, "bolt_clockwise_rotation_rad": 1.95489713306074e-09, "observed_helix_residual_m": -1.0152467467957714e-12, "maximum_hand_bolt_contacts": 0, "maximum_bolt_world_support_contacts": 12, "maximum_block_world_support_contacts": 16, "maximum_head_block_seating_contacts": 0, "sampled_peak_pad_contact_torque_Nm": 0.0, "maximum_absolute_bolt_rotation_from_phase_start_rad": 1.6370685695932252e-08, "maximum_absolute_bolt_axial_motion_from_phase_start_m": 6.389888618230088e-13, "started_engaged": false, "ended_engaged": false, "final_bolt_world_support_contacts": 12, "final_block_world_support_contacts": 16, "final_block_lift_m": -1.8242939554824478e-07, "left_grasp_acquired": false, "left_pickup_verified": false, "all_substep_left_pad_loads": {"observer": "native-bilateral-pad-load-v1", "minimum_loaded_force_N": 0.1, "observed_physics_steps": 0, "observed_duration_s": 0.0, "minimum_normal_force_N": null, "unloaded_physics_steps": [0, 0], "unloaded_duration_s": [0.0, 0.0], "maximum_consecutive_unloaded_duration_s": [0.0, 0.0], "continuously_bilateral_loaded": false}, "final_thread_overlap_m": -0.2919999993989095, "final_formed_flank_overlap_m": 0.0}
{"phase": "close_left_block", "bolt_insertion_advance_m": -2.769678709713119e-07, "bolt_clockwise_rotation_rad": 2.1700199947627397e-05, "observed_helix_residual_m": -2.812849885809962e-07, "maximum_hand_bolt_contacts": 0, "maximum_bolt_world_support_contacts": 12, "maximum_block_world_support_contacts": 16, "maximum_head_block_seating_contacts": 0, "sampled_peak_pad_contact_torque_Nm": 0.0, "maximum_absolute_bolt_rotation_from_phase_start_rad": 2.195517727932028e-05, "maximum_absolute_bolt_axial_motion_from_phase_start_m": 3.1172308612159583e-07, "started_engaged": false, "ended_engaged": false, "final_bolt_world_support_contacts": 12, "final_block_world_support_contacts": 12, "final_block_lift_m": -1.7274914048542866e-07, "left_grasp_acquired": false, "left_pickup_verified": false, "all_substep_left_pad_loads": {"observer": "native-bilateral-pad-load-v1", "minimum_loaded_force_N": 0.1, "observed_physics_steps": 0, "observed_duration_s": 0.0, "minimum_normal_force_N": null, "unloaded_physics_steps": [0, 0], "unloaded_duration_s": [0.0, 0.0], "maximum_consecutive_unloaded_duration_s": [0.0, 0.0], "continuously_bilateral_loaded": false}, "final_thread_overlap_m": -0.29200020686336275, "final_formed_flank_overlap_m": 0.0}
{"phase": "settle_left_block", "bolt_insertion_advance_m": 1.3733308429353386e-07, "bolt_clockwise_rotation_rad": -3.1523474208761115e-06, "observed_helix_residual_m": 1.3796022388650313e-07, "maximum_hand_bolt_contacts": 0, "maximum_bolt_world_support_contacts": 12, "maximum_block_world_support_contacts": 15, "maximum_head_block_seating_contacts": 0, "sampled_peak_pad_contact_torque_Nm": 0.0, "maximum_absolute_bolt_rotation_from_phase_start_rad": 3.3512489299170056e-06, "maximum_absolute_bolt_axial_motion_from_phase_start_m": 1.3733308429353386e-07, "started_engaged": false, "ended_engaged": false, "final_bolt_world_support_contacts": 12, "final_block_world_support_contacts": 15, "final_block_lift_m": -1.8217239659834572e-07, "left_grasp_acquired": true, "left_pickup_verified": false, "all_substep_left_pad_loads": {"observer": "native-bilateral-pad-load-v1", "minimum_loaded_force_N": 0.1, "observed_physics_steps": 1, "observed_duration_s": 5e-05, "minimum_normal_force_N": [15.985915814634085, 15.984269015069643], "unloaded_physics_steps": [0, 0], "unloaded_duration_s": [0.0, 0.0], "maximum_consecutive_unloaded_duration_s": [0.0, 0.0], "continuously_bilateral_loaded": true}, "final_thread_overlap_m": -0.29200011607634707, "final_formed_flank_overlap_m": 0.0}
{"phase": "lift_left_block", "bolt_insertion_advance_m": -5.534121902961431e-07, "bolt_clockwise_rotation_rad": 0.0003749963366415088, "observed_helix_residual_m": -6.280153410684538e-07, "maximum_hand_bolt_contacts": 0, "maximum_bolt_world_support_contacts": 12, "maximum_block_world_support_contacts": 15, "maximum_head_block_seating_contacts": 0, "sampled_peak_pad_contact_torque_Nm": 0.0, "maximum_absolute_bolt_rotation_from_phase_start_rad": 0.000622817241162199, "maximum_absolute_bolt_axial_motion_from_phase_start_m": 5.164895137965697e-06, "started_engaged": false, "ended_engaged": false, "final_bolt_world_support_contacts": 12, "final_block_world_support_contacts": 0, "final_block_lift_m": 0.05996490005782493, "left_grasp_acquired": true, "left_pickup_verified": true, "all_substep_left_pad_loads": {"observer": "native-bilateral-pad-load-v1", "minimum_loaded_force_N": 0.1, "observed_physics_steps": 18000, "observed_duration_s": 0.8999999999999091, "minimum_normal_force_N": [0.0, 5.337297959478738], "unloaded_physics_steps": [3, 0], "unloaded_duration_s": [0.00015000000000000001, 0.0], "maximum_consecutive_unloaded_duration_s": [5e-05, 0.0], "continuously_bilateral_loaded": false}, "final_thread_overlap_m": -0.29200128662594427, "final_formed_flank_overlap_m": 0.0}
{"phase": "transport_left_block", "bolt_insertion_advance_m": 0.37129902869217624, "bolt_clockwise_rotation_rad": -0.23014189621282544, "observed_helix_residual_m": 0.3713448139676698, "maximum_hand_bolt_contacts": 0, "maximum_bolt_world_support_contacts": 12, "maximum_block_world_support_contacts": 0, "maximum_head_block_seating_contacts": 0, "sampled_peak_pad_contact_torque_Nm": 0.0, "maximum_absolute_bolt_rotation_from_phase_start_rad": 0.23026076236355708, "maximum_absolute_bolt_axial_motion_from_phase_start_m": 0.37135139483987367, "started_engaged": false, "ended_engaged": false, "final_bolt_world_support_contacts": 12, "final_block_world_support_contacts": 0, "final_block_lift_m": 0.04707864336525425, "left_grasp_acquired": true, "left_pickup_verified": true, "all_substep_left_pad_loads": {"observer": "native-bilateral-pad-load-v1", "minimum_loaded_force_N": 0.1, "observed_physics_steps": 60000, "observed_duration_s": 2.9999999999996776, "minimum_normal_force_N": [0.0, 0.0], "unloaded_physics_steps": [6, 6], "unloaded_duration_s": [0.00030000000000000003, 0.00030000000000000003], "maximum_consecutive_unloaded_duration_s": [5e-05, 5e-05], "continuously_bilateral_loaded": false}, "final_thread_overlap_m": -0.06329833564430906, "final_formed_flank_overlap_m": 0.0}
{"phase": "hold_left_block", "bolt_insertion_advance_m": -0.00013977428018327465, "bolt_clockwise_rotation_rad": 0.00018127240111498466, "observed_helix_residual_m": -0.00013981034318162914, "maximum_hand_bolt_contacts": 0, "maximum_bolt_world_support_contacts": 12, "maximum_block_world_support_contacts": 0, "maximum_head_block_seating_contacts": 0, "sampled_peak_pad_contact_torque_Nm": 0.0, "maximum_absolute_bolt_rotation_from_phase_start_rad": 0.00018127240111498466, "maximum_absolute_bolt_axial_motion_from_phase_start_m": 0.00013977428018327465, "started_engaged": false, "ended_engaged": false, "final_bolt_world_support_contacts": 12, "final_block_world_support_contacts": 0, "final_block_lift_m": 0.04709893727054021, "left_grasp_acquired": true, "left_pickup_verified": true, "all_substep_left_pad_loads": {"observer": "native-bilateral-pad-load-v1", "minimum_loaded_force_N": 0.1, "observed_physics_steps": 3000, "observed_duration_s": 0.14999999999999164, "minimum_normal_force_N": [16.496062852123554, 15.49735395898432], "unloaded_physics_steps": [0, 0], "unloaded_duration_s": [0.0, 0.0], "maximum_consecutive_unloaded_duration_s": [0.0, 0.0], "continuously_bilateral_loaded": true}, "final_thread_overlap_m": -0.06315856136412579, "final_formed_flank_overlap_m": 0.0}
{"phase": "secure_left", "bolt_insertion_advance_m": -3.823375284152386e-05, "bolt_clockwise_rotation_rad": 4.2592403682650826e-05, "observed_helix_residual_m": -3.824222633100418e-05, "maximum_hand_bolt_contacts": 0, "maximum_bolt_world_support_contacts": 12, "maximum_block_world_support_contacts": 0, "maximum_head_block_seating_contacts": 0, "sampled_peak_pad_contact_torque_Nm": 0.0, "maximum_absolute_bolt_rotation_from_phase_start_rad": 4.2592403682650826e-05, "maximum_absolute_bolt_axial_motion_from_phase_start_m": 3.823375284152386e-05, "started_engaged": false, "ended_engaged": false, "final_bolt_world_support_contacts": 12, "final_block_world_support_contacts": 0, "final_block_lift_m": 0.04709923289976006, "left_grasp_acquired": true, "left_pickup_verified": true, "all_substep_left_pad_loads": {"observer": "native-bilateral-pad-load-v1", "minimum_loaded_force_N": 0.1, "observed_physics_steps": 5000, "observed_duration_s": 0.24999999999998063, "minimum_normal_force_N": [16.496165740194726, 15.4974106321481], "unloaded_physics_steps": [0, 0], "unloaded_duration_s": [0.0, 0.0], "maximum_consecutive_unloaded_duration_s": [0.0, 0.0], "continuously_bilateral_loaded": true}, "final_thread_overlap_m": -0.06312032761128428, "final_formed_flank_overlap_m": 0.0}
{"phase": "reach_bolt", "bolt_insertion_advance_m": -0.0001742814284622085, "bolt_clockwise_rotation_rad": 0.0004211125778597058, "observed_helix_residual_m": -0.00017436520614766418, "maximum_hand_bolt_contacts": 0, "maximum_bolt_world_support_contacts": 12, "maximum_block_world_support_contacts": 0, "maximum_head_block_seating_contacts": 0, "sampled_peak_pad_contact_torque_Nm": 0.0, "maximum_absolute_bolt_rotation_from_phase_start_rad": 0.0004302864233021175, "maximum_absolute_bolt_axial_motion_from_phase_start_m": 0.0003307884363784319, "started_engaged": false, "ended_engaged": false, "final_bolt_world_support_contacts": 12, "final_block_world_support_contacts": 0, "final_block_lift_m": 0.046854173412231484, "left_grasp_acquired": true, "left_pickup_verified": true, "all_substep_left_pad_loads": {"observer": "native-bilateral-pad-load-v1", "minimum_loaded_force_N": 0.1, "observed_physics_steps": 11000, "observed_duration_s": 0.5499999999999476, "minimum_normal_force_N": [16.257440676842624, 14.610533815480734], "unloaded_physics_steps": [0, 0], "unloaded_duration_s": [0.0, 0.0], "maximum_consecutive_unloaded_duration_s": [0.0, 0.0], "continuously_bilateral_loaded": true}, "final_thread_overlap_m": -0.06294604618282207, "final_formed_flank_overlap_m": 0.0}
{"phase": "close_bolt", "bolt_insertion_advance_m": 5.026031298198397e-05, "bolt_clockwise_rotation_rad": 0.001556338723160966, "observed_helix_residual_m": 4.995068923083847e-05, "maximum_hand_bolt_contacts": 8, "maximum_bolt_world_support_contacts": 12, "maximum_block_world_support_contacts": 0, "maximum_head_block_seating_contacts": 0, "sampled_peak_pad_contact_torque_Nm": 0.002603710786976951, "maximum_absolute_bolt_rotation_from_phase_start_rad": 0.0015731035731407772, "maximum_absolute_bolt_axial_motion_from_phase_start_m": 5.2399429482277715e-05, "started_engaged": false, "ended_engaged": false, "final_bolt_world_support_contacts": 4, "final_block_world_support_contacts": 0, "final_block_lift_m": 0.04693108766357702, "left_grasp_acquired": true, "left_pickup_verified": true, "all_substep_left_pad_loads": {"observer": "native-bilateral-pad-load-v1", "minimum_loaded_force_N": 0.1, "observed_physics_steps": 5000, "observed_duration_s": 0.24999999999998063, "minimum_normal_force_N": [17.589598701289788, 16.55446963882898], "unloaded_physics_steps": [0, 0], "unloaded_duration_s": [0.0, 0.0], "maximum_consecutive_unloaded_duration_s": [0.0, 0.0], "continuously_bilateral_loaded": true}, "final_thread_overlap_m": -0.06299630649580404, "final_formed_flank_overlap_m": 0.0}
{"phase": "settle_bolt", "bolt_insertion_advance_m": 5.848155119544951e-06, "bolt_clockwise_rotation_rad": 0.00025418506358176884, "observed_helix_residual_m": 5.797586607883493e-06, "maximum_hand_bolt_contacts": 8, "maximum_bolt_world_support_contacts": 4, "maximum_block_world_support_contacts": 0, "maximum_head_block_seating_contacts": 0, "sampled_peak_pad_contact_torque_Nm": 0.004218361648185236, "maximum_absolute_bolt_rotation_from_phase_start_rad": 0.00025418506358176884, "maximum_absolute_bolt_axial_motion_from_phase_start_m": 3.287229273091219e-05, "started_engaged": false, "ended_engaged": false, "final_bolt_world_support_contacts": 3, "final_block_world_support_contacts": 0, "final_block_lift_m": 0.046936000263359784, "left_grasp_acquired": true, "left_pickup_verified": true, "all_substep_left_pad_loads": {"observer": "native-bilateral-pad-load-v1", "minimum_loaded_force_N": 0.1, "observed_physics_steps": 2400, "observed_duration_s": 0.11999999999999494, "minimum_normal_force_N": [17.518929376704317, 16.512861682077375], "unloaded_physics_steps": [0, 0], "unloaded_duration_s": [0.0, 0.0], "maximum_consecutive_unloaded_duration_s": [0.0, 0.0], "continuously_bilateral_loaded": true}, "final_thread_overlap_m": -0.0630021546509236, "final_formed_flank_overlap_m": 0.0}
{"phase": "lift_bolt", "bolt_insertion_advance_m": -0.11006703433789919, "bolt_clockwise_rotation_rad": -0.0020190098974777193, "observed_helix_residual_m": -0.11006663266864251, "maximum_hand_bolt_contacts": 8, "maximum_bolt_world_support_contacts": 3, "maximum_block_world_support_contacts": 0, "maximum_head_block_seating_contacts": 0, "sampled_peak_pad_contact_torque_Nm": 0.001940718992382017, "maximum_absolute_bolt_rotation_from_phase_start_rad": 0.0038365805748488135, "maximum_absolute_bolt_axial_motion_from_phase_start_m": 0.11008571883544824, "started_engaged": false, "ended_engaged": false, "final_bolt_world_support_contacts": 0, "final_block_world_support_contacts": 0, "final_block_lift_m": 0.047099240190849906, "left_grasp_acquired": true, "left_pickup_verified": true, "all_substep_left_pad_loads": {"observer": "native-bilateral-pad-load-v1", "minimum_loaded_force_N": 0.1, "observed_physics_steps": 13000, "observed_duration_s": 0.6499999999999366, "minimum_normal_force_N": [16.383033092214095, 15.401994169406438], "unloaded_physics_steps": [0, 0], "unloaded_duration_s": [0.0, 0.0], "maximum_consecutive_unloaded_duration_s": [0.0, 0.0], "continuously_bilateral_loaded": true}, "final_thread_overlap_m": -0.015066149308175084, "final_formed_flank_overlap_m": 0.0}
{"phase": "transport_bolt", "bolt_insertion_advance_m": 0.0002454046171873822, "bolt_clockwise_rotation_rad": -0.0008247136942887145, "observed_helix_residual_m": 0.00024556868876373424, "maximum_hand_bolt_contacts": 8, "maximum_bolt_world_support_contacts": 0, "maximum_block_world_support_contacts": 0, "maximum_head_block_seating_contacts": 0, "sampled_peak_pad_contact_torque_Nm": 2.6852572987348733e-05, "maximum_absolute_bolt_rotation_from_phase_start_rad": 0.0014445035046719568, "maximum_absolute_bolt_axial_motion_from_phase_start_m": 0.0002454046171873822, "started_engaged": false, "ended_engaged": false, "final_bolt_world_support_contacts": 0, "final_block_world_support_contacts": 0, "final_block_lift_m": 0.04709925063161005, "left_grasp_acquired": true, "left_pickup_verified": true, "all_substep_left_pad_loads": {"observer": "native-bilateral-pad-load-v1", "minimum_loaded_force_N": 0.1, "observed_physics_steps": 18000, "observed_duration_s": 0.8999999999999091, "minimum_normal_force_N": [16.496225359771852, 15.497428081038858], "unloaded_physics_steps": [0, 0], "unloaded_duration_s": [0.0, 0.0], "maximum_consecutive_unloaded_duration_s": [0.0, 0.0], "continuously_bilateral_loaded": true}, "final_thread_overlap_m": -0.014822264058053126, "final_formed_flank_overlap_m": 0.0}
{"phase": "align_over_hole", "bolt_insertion_advance_m": 0.014299552646071474, "bolt_clockwise_rotation_rad": -0.00016271258843580938, "observed_helix_residual_m": 0.014299585016712415, "maximum_hand_bolt_contacts": 8, "maximum_bolt_world_support_contacts": 0, "maximum_block_world_support_contacts": 0, "maximum_head_block_seating_contacts": 0, "sampled_peak_pad_contact_torque_Nm": 3.582351173535189e-06, "maximum_absolute_bolt_rotation_from_phase_start_rad": 0.0004522448620520869, "maximum_absolute_bolt_axial_motion_from_phase_start_m": 0.014304846900906606, "started_engaged": false, "ended_engaged": false, "final_bolt_world_support_contacts": 0, "final_block_world_support_contacts": 0, "final_block_lift_m": 0.0470992522499737, "left_grasp_acquired": true, "left_pickup_verified": true, "all_substep_left_pad_loads": {"observer": "native-bilateral-pad-load-v1", "minimum_loaded_force_N": 0.1, "observed_physics_steps": 9000, "observed_duration_s": 0.4499999999999586, "minimum_normal_force_N": [16.496226043789406, 15.497428760968127], "unloaded_physics_steps": [0, 0], "unloaded_duration_s": [0.0, 0.0], "maximum_consecutive_unloaded_duration_s": [0.0, 0.0], "continuously_bilateral_loaded": true}, "final_thread_overlap_m": -0.0005213983778561242, "final_formed_flank_overlap_m": 0.0}
{"phase": "feed_to_entry", "bolt_insertion_advance_m": 0.0006174933815158226, "bolt_clockwise_rotation_rad": 0.00026388534203647396, "observed_helix_residual_m": 0.0006174408831950794, "maximum_hand_bolt_contacts": 8, "maximum_bolt_world_support_contacts": 0, "maximum_block_world_support_contacts": 0, "maximum_head_block_seating_contacts": 0, "sampled_peak_pad_contact_torque_Nm": 8.061062807795434e-08, "maximum_absolute_bolt_rotation_from_phase_start_rad": 0.00026388534203647396, "maximum_absolute_bolt_axial_motion_from_phase_start_m": 0.0006174933815158226, "started_engaged": false, "ended_engaged": false, "final_bolt_world_support_contacts": 0, "final_block_world_support_contacts": 0, "final_block_lift_m": 0.04709925281002446, "left_grasp_acquired": true, "left_pickup_verified": true, "all_substep_left_pad_loads": {"observer": "native-bilateral-pad-load-v1", "minimum_loaded_force_N": 0.1, "observed_physics_steps": 5000, "observed_duration_s": 0.24999999999998063, "minimum_normal_force_N": [16.496226151921988, 15.49742886875334], "unloaded_physics_steps": [0, 0], "unloaded_duration_s": [0.0, 0.0], "maximum_consecutive_unloaded_duration_s": [0.0, 0.0], "continuously_bilateral_loaded": true}, "final_thread_overlap_m": 9.60752700504483e-05, "final_formed_flank_overlap_m": 0.0}
{"phase": "start_thread_1", "bolt_insertion_advance_m": -0.030058593016894418, "bolt_clockwise_rotation_rad": 3.1418541650430702, "observed_helix_residual_m": -0.030683645042944997, "maximum_hand_bolt_contacts": 8, "maximum_bolt_world_support_contacts": 0, "maximum_block_world_support_contacts": 0, "maximum_head_block_seating_contacts": 0, "sampled_peak_pad_contact_torque_Nm": 0.000655778714723339, "maximum_absolute_bolt_rotation_from_phase_start_rad": 3.1418738874682854, "maximum_absolute_bolt_axial_motion_from_phase_start_m": 0.035910512966483725, "started_engaged": false, "ended_engaged": false, "final_bolt_world_support_contacts": 0, "final_block_world_support_contacts": 0, "final_block_lift_m": 0.047099256434765965, "left_grasp_acquired": true, "left_pickup_verified": true, "all_substep_left_pad_loads": {"observer": "native-bilateral-pad-load-v1", "minimum_loaded_force_N": 0.1, "observed_physics_steps": 58905, "observed_duration_s": 2.945249999999805, "minimum_normal_force_N": [16.422943572921305, 13.449620230708021], "unloaded_physics_steps": [0, 0], "unloaded_duration_s": [0.0, 0.0], "maximum_consecutive_unloaded_duration_s": [0.0, 0.0], "continuously_bilateral_loaded": true}, "final_thread_overlap_m": -0.02996160123182911, "final_formed_flank_overlap_m": 0.0}
{"phase": "stop_start_1", "bolt_insertion_advance_m": 0.0026462279277651435, "bolt_clockwise_rotation_rad": -0.0001442487142795379, "observed_helix_residual_m": 0.0026462566251350336, "maximum_hand_bolt_contacts": 8, "maximum_bolt_world_support_contacts": 0, "maximum_block_world_support_contacts": 0, "maximum_head_block_seating_contacts": 0, "sampled_peak_pad_contact_torque_Nm": 9.158825627693398e-09, "maximum_absolute_bolt_rotation_from_phase_start_rad": 0.0001442487142795379, "maximum_absolute_bolt_axial_motion_from_phase_start_m": 0.0026462279277651435, "started_engaged": false, "ended_engaged": false, "final_bolt_world_support_contacts": 0, "final_block_world_support_contacts": 0, "final_block_lift_m": 0.047099256113645516, "left_grasp_acquired": true, "left_pickup_verified": true, "all_substep_left_pad_loads": {"observer": "native-bilateral-pad-load-v1", "minimum_loaded_force_N": 0.1, "observed_physics_steps": 2400, "observed_duration_s": 0.11999999999999494, "minimum_normal_force_N": [16.496226388955524, 15.497429104975446], "unloaded_physics_steps": [0, 0], "unloaded_duration_s": [0.0, 0.0], "maximum_consecutive_unloaded_duration_s": [0.0, 0.0], "continuously_bilateral_loaded": true}, "final_thread_overlap_m": -0.02731535446862604, "final_formed_flank_overlap_m": 0.0}
{"phase": "release_search_2", "bolt_insertion_advance_m": 0.028684496454727836, "bolt_clockwise_rotation_rad": 0.00015725446292558232, "observed_helix_residual_m": 0.028684465169946462, "maximum_hand_bolt_contacts": 8, "maximum_bolt_world_support_contacts": 0, "maximum_block_world_support_contacts": 0, "maximum_head_block_seating_contacts": 0, "sampled_peak_pad_contact_torque_Nm": 3.8158918167442024e-06, "maximum_absolute_bolt_rotation_from_phase_start_rad": 0.00015943996769651747, "maximum_absolute_bolt_axial_motion_from_phase_start_m": 0.028684496454727836, "started_engaged": false, "ended_engaged": false, "final_bolt_world_support_contacts": 0, "final_block_world_support_contacts": 0, "final_block_lift_m": 0.04709917935645169, "left_grasp_acquired": true, "left_pickup_verified": true, "all_substep_left_pad_loads": {"observer": "native-bilateral-pad-load-v1", "minimum_loaded_force_N": 0.1, "observed_physics_steps": 2358, "observed_duration_s": 0.11789999999999518, "minimum_normal_force_N": [16.496226373359782, 9.592000036878536], "unloaded_physics_steps": [0, 0], "unloaded_duration_s": [0.0, 0.0], "maximum_consecutive_unloaded_duration_s": [0.0, 0.0], "continuously_bilateral_loaded": true}, "final_thread_overlap_m": 0.0013690750836202331, "final_formed_flank_overlap_m": 0.0}
{
  "description": "Actual YAM picks up both free workpieces from declared table/rest support, carries them, and starts the M8 thread",
  "scene_config": {
    "base": {
      "thread": {
        "timestep": 5e-05,
        "friction": 0.15,
        "contact_time_constant": 0.0005,
        "contact_margin": 0.0,
        "contact_impratio": 1.0,
        "sdf_initpoints": 40,
        "sdf_iterations": 30,
        "bolt_length": 0.016,
        "pitch": 0.00125,
        "male_pitch_diameter": 0.0071,
        "female_pitch_diameter": 0.007268,
        "nut_height": 0.016,
        "nut_across_flats": 0.016,
        "nut_mass": 0.018984665656908355,
        "nut_transverse_inertia": 6.946182225160569e-07,
        "nut_axial_inertia": 1.1886877420788483e-06,
        "initial_z": 0.00875,
        "gravity": -9.81,
        "with_gripper": false,
        "with_bolt": true,
        "guided": false
      },
      "bolt_position": [
        0.3,
        -0.06,
        0.11125
      ],
      "bolt_quaternion": [
        1.0,
        0.0,
        0.0,
        0.0
      ],
      "pad_friction": 0.8,
      "jaw_stiffness": 20000.0,
      "jaw_damping": 8.0,
      "maximum_jaw_force": 20.0,
      "open_aperture": 0.024,
      "closed_aperture": 0.0194,
      "left_closed_aperture": 0.0144,
      "left_grasp_roll_rad": -1.5707963267948966,
      "left_block_contact_impedance": [
        0.9999,
        0.9999,
        0.0001
      ],
      "left_block_contact_time_constant": 0.0008,
      "pad_inner_offset": 0.0005,
      "block_size": [
        0.02,
        0.12,
        0.016
      ],
      "block_density": 2700.0,
      "bolt_offset": [
        0.0,
        -0.05,
        0.008
      ],
      "left_grasp_offset": [
        0.0,
        -0.0094,
        0.0
      ]
    },
    "block_position": [
      0.25,
      0.15,
      0.059999989999999996
    ],
    "hole_offset": [
      0.0,
      -0.05,
      0.0
    ],
    "bolt_head_position": [
      0.36,
      -0.15,
      0.04
    ],
    "bolt_yaw_rad": 0.23,
    "head_across_flats": 0.02,
    "head_height": 0.008,
    "steel_density": 7850.0,
    "rest_radius": 0.007,
    "rest_pin_radius": 0.001,
    "rest_base_height": 0.01,
    "pickup_from_table": true,
    "held_block_position": [
      0.3,
      -0.01,
      0.10325
    ],
    "left_block_friction_time_constant": 0.0008,
    "left_pad_collision_geometry": "box",
    "left_block_direct_normal_solref": [
      -31250.0,
      -2500.0
    ]
  },
  "control_config": {
    "arm": {
      "position_stiffness": 20000.0,
      "position_damping": 650.0,
      "rotation_stiffness": 40.0,
      "rotation_damping": 6.0,
      "left_rotation_stiffness": 80.0,
      "left_rotation_damping": 10.0,
      "maximum_cartesian_force": 8.0,
      "maximum_cartesian_torque": 2.0,
      "axial_feed_N": -0.05,
      "open_aperture": 0.024,
      "closed_aperture": 0.0194,
      "left_closed_aperture": 0.0144,
      "stroke_angle_rad": 3.141592653589793,
      "angular_speed_rad_s": 2.0,
      "reset_speed_rad_s": 4.0,
      "strokes": 3,
      "sample_period_s": 0.005
    },
    "pickup_hover_m": 0.02,
    "left_pickup_hover_m": 0.075,
    "left_lift_clearance_m": 0.06,
    "transport_tip_clearance_m": 0.015,
    "entry_tip_clearance_m": 0.00075,
    "block_lift_m": 0.004,
    "net_axial_feed_N": 0.05,
    "maximum_starting_strokes": 5,
    "qualifying_turns": 2,
    "sample_period_s": 0.005,
    "full_flank_contact_streak_s": 0.2
  },
  "runtime": {
    "mujoco_version": "3.15.0",
    "libraries": [
      {
        "path": "/workspace/.venvs/m8-contact/lib/python3.12/site-packages/mujoco/libmujoco.so.3.15.0",
        "sha256": "58039d439c6504448aafd0a4d5b655c8a0d3bf1d77123ac7e0733cd078367433",
        "sdf_minimum_search_step_m": 1e-07,
        "sdf_initial_search_step_m": 0.002
      }
    ],
    "thread_plugin_source_sha256": "1c8b5207c5f6c141cc034983ce76c6c1e9cca4114d16e17a4496b94cb637b42a"
  },
  "starts_preengaged": false,
  "starts_grasp_ready": false,
  "block_starts_left_touching": false,
  "block_starts_on_table": true,
  "initial_left_block_hand_contacts": {
    "contact_count": 0,
    "normal_force_N": 0.0,
    "world_support_contacts": 16
  },
  "initial_right_bolt_hand_contacts": {
    "contact_count": 0,
    "normal_force_N": 0.0,
    "world_support_contacts": 0
  },
  "initial_block_world_support_contacts": 16,
  "left_acquisition_reference_scope": "Frozen at end of settle_left_block after actual bilateral loaded pad contact",
  "bolt_starts_on_declared_fixed_rest": true,
  "model_fingerprint": "9ee5f6dc6d43a335443afec97cdf4a2b298a8c647b3e90a5caade474c5889552",
  "model_xml_sha256": "379408a41d5096ee65c4fb132cfe6c31a1a3b15cf5f5d42f6ac70c81361c48b1",
  "controller_sha256": "4e82d8f3ca3fa01310de3afbb017db657967397396b7daab5fa3ed8b50e45c55",
  "known_bolt_mass_kg": 0.0267496436326005,
  "full_flank_overlap_threshold_m": 0.003242582346706593,
  "male_tip_chamfer_m": 0.000956,
  "female_full_profile_chamfer_bound_m": 0.0010365823467065928,
  "minimum_engagement_contact_normal_force_N": 1e-05,
  "engagement_observer": "loaded_full_flank_window_v1",
  "engagement_observer_source_sha256": "d9530e53b5570a74c01de52fb8cf5261c0bc7b685427b7965f0d1b8c888ad866",
  "engagement_observer_scope": "Candidate full-flank capture; actual coupled lead and unsupported reset checks establish completed engagement",
  "engagement_window": {
    "duration_s": 0.2,
    "minimum_loaded_normal_impulse_Ns": 0.0010000000000000002,
    "minimum_loaded_duration_s": 0.0005,
    "maximum_helix_phase_range_m": 0.00015
  },
  "legacy_engagement_note": "Consecutive positive force for 0.2 s retained as a diagnostic; unilateral contact may have valid resolved gaps",
  "axial_command_note": "Gravity compensation of known bolt weight plus constant net axial feed; no axial motion servo during entry or turns",
  "native_force_recording_note": "mj_step contact forces and contact geometry are from the pre-integration state at recorded time minus timestep; saved qpos/qvel are the post-integration state",
  "left_pad_history_scope": "Every physics substep after end-settle acquisition; force minima and gaps include physical lift and roll, separately from 5 ms saved-pose sampling",
  "partial": false,
  "initial_bolt_yaw_rad": 0.0,
  "scene_source_sha256": "4d13129d8075ab3158a72986db589c84a4ebf10a7c4bd99ed40b5f1d06c65062",
  "all_substep_left_pad_loads": {
    "observer": "native-bilateral-pad-load-v1",
    "minimum_loaded_force_N": 0.1,
    "observed_physics_steps": 213064,
    "observed_duration_s": 10.653199999981842,
    "minimum_normal_force_N": [
      0.0,
      0.0
    ],
    "unloaded_physics_steps": [
      9,
      6
    ],
    "unloaded_duration_s": [
      0.0004500000000000001,
      0.00030000000000000003
    ],
    "maximum_consecutive_unloaded_duration_s": [
      5e-05,
      5e-05
    ],
    "continuously_bilateral_loaded": false
  },
  "left_acquisition": {
    "time_s": 1.5000000000009532,
    "phase": "settle_left_block",
    "pad_normal_force_N": [
      15.985915814634085,
      15.984269015069643
    ],
    "block_world_support_contacts": 15,
    "grasp_relative_block_position_m": [
      4.451495882962478e-07,
      1.7269148306778212e-07,
      -0.00939975479976837
    ],
    "grasp_relative_block_rotation": [
      [
        -0.999999994530061,
        0.00010459357492467871,
        2.5136624678607e-07
      ],
      [
        -2.503703285088713e-07,
        9.521805101524762e-06,
        -0.999999999954637
      ],
      [
        -0.00010459357731339435,
        -0.9999999944847605,
        -9.521778862313348e-06
      ]
    ],
    "pad_contact_compliance_observation": {
      "normal_force_N": [
        15.985915814634085,
        15.984269015069643
      ],
      "loaded_force_weighted_indentation_m": [
        7.990557299230578e-07,
        7.043552281995031e-07
      ],
      "effective_pad_force_per_indentation_N_per_m": [
        20006008.612407286,
        22693476.778654963
      ],
      "contacts": [
        {
          "pad": "left_m8_pad_left",
          "signed_distance_m": -7.678871289947424e-07,
          "normal_force_N": 3.387854257187365,
          "normal_solref": [
            -31250.0,
            -2500.0
          ],
          "friction_solref": [
            0.0008,
            1.0
          ],
          "solimp": [
            0.9999,
            0.9999,
            0.0001,
            0.5,
            2.0
          ]
        },
        {
          "pad": "left_m8_pad_left",
          "signed_distance_m": -8.202569127372816e-07,
          "normal_force_N": 4.561988886122833,
          "normal_solref": [
            -31250.0,
            -2500.0
          ],
          "friction_solref": [
            0.0008,
            1.0
          ],
          "solimp": [
            0.9999,
            0.9999,
            0.0001,
            0.5,
            2.0
          ]
        },
        {
          "pad": "left_m8_pad_left",
          "signed_distance_m": -8.22519208957357e-07,
          "normal_force_N": 4.605103650129677,
          "normal_solref": [
            -31250.0,
            -2500.0
          ],
          "friction_solref": [
            0.0008,
            1.0
          ],
          "solimp": [
            0.9999,
            0.9999,
            0.0001,
            0.5,
            2.0
          ]
        },
        {
          "pad": "left_m8_pad_left",
          "signed_distance_m": -7.701494252148178e-07,
          "normal_force_N": 3.4309690211942097,
          "normal_solref": [
            -31250.0,
            -2500.0
          ],
          "friction_solref": [
            0.0008,
            1.0
          ],
          "solimp": [
            0.9999,
            0.9999,
            0.0001,
            0.5,
            2.0
          ]
        },
        {
          "pad": "left_m8_pad_right",
          "signed_distance_m": -7.255463455150701e-07,
          "normal_force_N": 4.562996272632994,
          "normal_solref": [
            -31250.0,
            -2500.0
          ],
          "friction_solref": [
            0.0008,
            1.0
          ],
          "solimp": [
            0.9999,
            0.9999,
            0.0001,
            0.5,
            2.0
          ]
        },
        {
          "pad": "left_m8_pad_right",
          "signed_distance_m": -6.731765617725309e-07,
          "normal_force_N": 3.3859152790281715,
          "normal_solref": [
            -31250.0,
            -2500.0
          ],
          "friction_solref": [
            0.0008,
            1.0
          ],
          "solimp": [
            0.9999,
            0.9999,
            0.0001,
            0.5,
            2.0
          ]
        },
        {
          "pad": "left_m8_pad_right",
          "signed_distance_m": -6.754388579926063e-07,
          "normal_force_N": 3.429138234901826,
          "normal_solref": [
            -31250.0,
            -2500.0
          ],
          "friction_solref": [
            0.0008,
            1.0
          ],
          "solimp": [
            0.9999,
            0.9999,
            0.0001,
            0.5,
            2.0
          ]
        },
        {
          "pad": "left_m8_pad_right",
          "signed_distance_m": -7.278086417351456e-07,
          "normal_force_N": 4.60621922850665,
          "normal_solref": [
            -31250.0,
            -2500.0
          ],
          "friction_solref": [
            0.0008,
            1.0
          ],
          "solimp": [
            0.9999,
            0.9999,
            0.0001,
            0.5,
            2.0
          ]
        }
      ],
      "scope": "Native signed distances and solved forces at acquisition end-settle; effective force/indentation is a model observation, not material modulus or hardware calibration"
    },
    "block_free_velocity": [
      6.871607790610586e-07,
      -1.225118892846763e-07,
      1.976131857051497e-09,
      9.176128686904222e-07,
      -2.6450837714428144e-07,
      3.52915614691392e-06
    ],
    "jaw_velocity_m_s": [
      7.455484889822253e-06,
      -7.343601823559453e-06
    ]
  },
  "left_pickup_verified": {
    "time_s": 2.400000000001076,
    "phase": "lift_left_block",
    "physical_block_lift_m": 0.05996490005782493,
    "block_world_support_contacts": 0,
    "pad_normal_force_N": [
      15.995991634439033,
      15.996066662398635
    ]
  },
  "left_pad_force_history": {
    "filename": "left_pad_force_history.npz",
    "sha256": "7ad9a06f79f1200acb65403b954fde1d6459b6847aeb5ec580318f61e6ebeaf0",
    "observed_physics_steps": 213064
  },
  "passed": false,
  "phases": [
    {
      "phase": "settle_table",
      "bolt_insertion_advance_m": -2.639000129533997e-13,
      "bolt_clockwise_rotation_rad": -2.5526352587235124e-08,
      "observed_helix_residual_m": 4.814406478752927e-12,
      "maximum_hand_bolt_contacts": 0,
      "maximum_bolt_world_support_contacts": 12,
      "maximum_block_world_support_contacts": 16,
      "maximum_head_block_seating_contacts": 0,
      "sampled_peak_pad_contact_torque_Nm": 0.0,
      "maximum_absolute_bolt_rotation_from_phase_start_rad": 4.012428789224032e-08,
      "maximum_absolute_bolt_axial_motion_from_phase_start_m": 3.115840918610502e-13,
      "started_engaged": false,
      "ended_engaged": false,
      "final_bolt_world_support_contacts": 12,
      "final_block_world_support_contacts": 16,
      "final_block_lift_m": -1.8242939554824478e-07,
      "left_grasp_acquired": false,
      "left_pickup_verified": false,
      "all_substep_left_pad_loads": {
        "observer": "native-bilateral-pad-load-v1",
        "minimum_loaded_force_N": 0.1,
        "observed_physics_steps": 0,
        "observed_duration_s": 0.0,
        "minimum_normal_force_N": null,
        "unloaded_physics_steps": [
          0,
          0
        ],
        "unloaded_duration_s": [
          0.0,
          0.0
        ],
        "maximum_consecutive_unloaded_duration_s": [
          0.0,
          0.0
        ],
        "continuously_bilateral_loaded": false
      },
      "final_thread_overlap_m": -0.2919999992999323,
      "final_formed_flank_overlap_m": 0.0
    },
    {
      "phase": "reach_left_block",
      "bolt_insertion_advance_m": -6.263323193422821e-13,
      "bolt_clockwise_rotation_rad": 1.95489713306074e-09,
      "observed_helix_residual_m": -1.0152467467957714e-12,
      "maximum_hand_bolt_contacts": 0,
      "maximum_bolt_world_support_contacts": 12,
      "maximum_block_world_support_contacts": 16,
      "maximum_head_block_seating_contacts": 0,
      "sampled_peak_pad_contact_torque_Nm": 0.0,
      "maximum_absolute_bolt_rotation_from_phase_start_rad": 1.6370685695932252e-08,
      "maximum_absolute_bolt_axial_motion_from_phase_start_m": 6.389888618230088e-13,
      "started_engaged": false,
      "ended_engaged": false,
      "final_bolt_world_support_contacts": 12,
      "final_block_world_support_contacts": 16,
      "final_block_lift_m": -1.8242939554824478e-07,
      "left_grasp_acquired": false,
      "left_pickup_verified": false,
      "all_substep_left_pad_loads": {
        "observer": "native-bilateral-pad-load-v1",
        "minimum_loaded_force_N": 0.1,
        "observed_physics_steps": 0,
        "observed_duration_s": 0.0,
        "minimum_normal_force_N": null,
        "unloaded_physics_steps": [
          0,
          0
        ],
        "unloaded_duration_s": [
          0.0,
          0.0
        ],
        "maximum_consecutive_unloaded_duration_s": [
          0.0,
          0.0
        ],
        "continuously_bilateral_loaded": false
      },
      "final_thread_overlap_m": -0.2919999993989095,
      "final_formed_flank_overlap_m": 0.0
    },
    {
      "phase": "close_left_block",
      "bolt_insertion_advance_m": -2.769678709713119e-07,
      "bolt_clockwise_rotation_rad": 2.1700199947627397e-05,
      "observed_helix_residual_m": -2.812849885809962e-07,
      "maximum_hand_bolt_contacts": 0,
      "maximum_bolt_world_support_contacts": 12,
      "maximum_block_world_support_contacts": 16,
      "maximum_head_block_seating_contacts": 0,
      "sampled_peak_pad_contact_torque_Nm": 0.0,
      "maximum_absolute_bolt_rotation_from_phase_start_rad": 2.195517727932028e-05,
      "maximum_absolute_bolt_axial_motion_from_phase_start_m": 3.1172308612159583e-07,
      "started_engaged": false,
      "ended_engaged": false,
      "final_bolt_world_support_contacts": 12,
      "final_block_world_support_contacts": 12,
      "final_block_lift_m": -1.7274914048542866e-07,
      "left_grasp_acquired": false,
      "left_pickup_verified": false,
      "all_substep_left_pad_loads": {
        "observer": "native-bilateral-pad-load-v1",
        "minimum_loaded_force_N": 0.1,
        "observed_physics_steps": 0,
        "observed_duration_s": 0.0,
        "minimum_normal_force_N": null,
        "unloaded_physics_steps": [
          0,
          0
        ],
        "unloaded_duration_s": [
          0.0,
          0.0
        ],
        "maximum_consecutive_unloaded_duration_s": [
          0.0,
          0.0
        ],
        "continuously_bilateral_loaded": false
      },
      "final_thread_overlap_m": -0.29200020686336275,
      "final_formed_flank_overlap_m": 0.0
    },
    {
      "phase": "settle_left_block",
      "bolt_insertion_advance_m": 1.3733308429353386e-07,
      "bolt_clockwise_rotation_rad": -3.1523474208761115e-06,
      "observed_helix_residual_m": 1.3796022388650313e-07,
      "maximum_hand_bolt_contacts": 0,
      "maximum_bolt_world_support_contacts": 12,
      "maximum_block_world_support_contacts": 15,
      "maximum_head_block_seating_contacts": 0,
      "sampled_peak_pad_contact_torque_Nm": 0.0,
      "maximum_absolute_bolt_rotation_from_phase_start_rad": 3.3512489299170056e-06,
      "maximum_absolute_bolt_axial_motion_from_phase_start_m": 1.3733308429353386e-07,
      "started_engaged": false,
      "ended_engaged": false,
      "final_bolt_world_support_contacts": 12,
      "final_block_world_support_contacts": 15,
      "final_block_lift_m": -1.8217239659834572e-07,
      "left_grasp_acquired": true,
      "left_pickup_verified": false,
      "all_substep_left_pad_loads": {
        "observer": "native-bilateral-pad-load-v1",
        "minimum_loaded_force_N": 0.1,
        "observed_physics_steps": 1,
        "observed_duration_s": 5e-05,
        "minimum_normal_force_N": [
          15.985915814634085,
          15.984269015069643
        ],
        "unloaded_physics_steps": [
          0,
          0
        ],
        "unloaded_duration_s": [
          0.0,
          0.0
        ],
        "maximum_consecutive_unloaded_duration_s": [
          0.0,
          0.0
        ],
        "continuously_bilateral_loaded": true
      },
      "final_thread_overlap_m": -0.29200011607634707,
      "final_formed_flank_overlap_m": 0.0
    },
    {
      "phase": "lift_left_block",
      "bolt_insertion_advance_m": -5.534121902961431e-07,
      "bolt_clockwise_rotation_rad": 0.0003749963366415088,
      "observed_helix_residual_m": -6.280153410684538e-07,
      "maximum_hand_bolt_contacts": 0,
      "maximum_bolt_world_support_contacts": 12,
      "maximum_block_world_support_contacts": 15,
      "maximum_head_block_seating_contacts": 0,
      "sampled_peak_pad_contact_torque_Nm": 0.0,
      "maximum_absolute_bolt_rotation_from_phase_start_rad": 0.000622817241162199,
      "maximum_absolute_bolt_axial_motion_from_phase_start_m": 5.164895137965697e-06,
      "started_engaged": false,
      "ended_engaged": false,
      "final_bolt_world_support_contacts": 12,
      "final_block_world_support_contacts": 0,
      "final_block_lift_m": 0.05996490005782493,
      "left_grasp_acquired": true,
      "left_pickup_verified": true,
      "all_substep_left_pad_loads": {
        "observer": "native-bilateral-pad-load-v1",
        "minimum_loaded_force_N": 0.1,
        "observed_physics_steps": 18000,
        "observed_duration_s": 0.8999999999999091,
        "minimum_normal_force_N": [
          0.0,
          5.337297959478738
        ],
        "unloaded_physics_steps": [
          3,
          0
        ],
        "unloaded_duration_s": [
          0.00015000000000000001,
          0.0
        ],
        "maximum_consecutive_unloaded_duration_s": [
          5e-05,
          0.0
        ],
        "continuously_bilateral_loaded": false
      },
      "final_thread_overlap_m": -0.29200128662594427,
      "final_formed_flank_overlap_m": 0.0
    },
    {
      "phase": "transport_left_block",
      "bolt_insertion_advance_m": 0.37129902869217624,
      "bolt_clockwise_rotation_rad": -0.23014189621282544,
      "observed_helix_residual_m": 0.3713448139676698,
      "maximum_hand_bolt_contacts": 0,
      "maximum_bolt_world_support_contacts": 12,
      "maximum_block_world_support_contacts": 0,
      "maximum_head_block_seating_contacts": 0,
      "sampled_peak_pad_contact_torque_Nm": 0.0,
      "maximum_absolute_bolt_rotation_from_phase_start_rad": 0.23026076236355708,
      "maximum_absolute_bolt_axial_motion_from_phase_start_m": 0.37135139483987367,
      "started_engaged": false,
      "ended_engaged": false,
      "final_bolt_world_support_contacts": 12,
      "final_block_world_support_contacts": 0,
      "final_block_lift_m": 0.04707864336525425,
      "left_grasp_acquired": true,
      "left_pickup_verified": true,
      "all_substep_left_pad_loads": {
        "observer": "native-bilateral-pad-load-v1",
        "minimum_loaded_force_N": 0.1,
        "observed_physics_steps": 60000,
        "observed_duration_s": 2.9999999999996776,
        "minimum_normal_force_N": [
          0.0,
          0.0
        ],
        "unloaded_physics_steps": [
          6,
          6
        ],
        "unloaded_duration_s": [
          0.00030000000000000003,
          0.00030000000000000003
        ],
        "maximum_consecutive_unloaded_duration_s": [
          5e-05,
          5e-05
        ],
        "continuously_bilateral_loaded": false
      },
      "final_thread_overlap_m": -0.06329833564430906,
      "final_formed_flank_overlap_m": 0.0
    },
    {
      "phase": "hold_left_block",
      "bolt_insertion_advance_m": -0.00013977428018327465,
      "bolt_clockwise_rotation_rad": 0.00018127240111498466,
      "observed_helix_residual_m": -0.00013981034318162914,
      "maximum_hand_bolt_contacts": 0,
      "maximum_bolt_world_support_contacts": 12,
      "maximum_block_world_support_contacts": 0,
      "maximum_head_block_seating_contacts": 0,
      "sampled_peak_pad_contact_torque_Nm": 0.0,
      "maximum_absolute_bolt_rotation_from_phase_start_rad": 0.00018127240111498466,
      "maximum_absolute_bolt_axial_motion_from_phase_start_m": 0.00013977428018327465,
      "started_engaged": false,
      "ended_engaged": false,
      "final_bolt_world_support_contacts": 12,
      "final_block_world_support_contacts": 0,
      "final_block_lift_m": 0.04709893727054021,
      "left_grasp_acquired": true,
      "left_pickup_verified": true,
      "all_substep_left_pad_loads": {
        "observer": "native-bilateral-pad-load-v1",
        "minimum_loaded_force_N": 0.1,
        "observed_physics_steps": 3000,
        "observed_duration_s": 0.14999999999999164,
        "minimum_normal_force_N": [
          16.496062852123554,
          15.49735395898432
        ],
        "unloaded_physics_steps": [
          0,
          0
        ],
        "unloaded_duration_s": [
          0.0,
          0.0
        ],
        "maximum_consecutive_unloaded_duration_s": [
          0.0,
          0.0
        ],
        "continuously_bilateral_loaded": true
      },
      "final_thread_overlap_m": -0.06315856136412579,
      "final_formed_flank_overlap_m": 0.0
    },
    {
      "phase": "secure_left",
      "bolt_insertion_advance_m": -3.823375284152386e-05,
      "bolt_clockwise_rotation_rad": 4.2592403682650826e-05,
      "observed_helix_residual_m": -3.824222633100418e-05,
      "maximum_hand_bolt_contacts": 0,
      "maximum_bolt_world_support_contacts": 12,
      "maximum_block_world_support_contacts": 0,
      "maximum_head_block_seating_contacts": 0,
      "sampled_peak_pad_contact_torque_Nm": 0.0,
      "maximum_absolute_bolt_rotation_from_phase_start_rad": 4.2592403682650826e-05,
      "maximum_absolute_bolt_axial_motion_from_phase_start_m": 3.823375284152386e-05,
      "started_engaged": false,
      "ended_engaged": false,
      "final_bolt_world_support_contacts": 12,
      "final_block_world_support_contacts": 0,
      "final_block_lift_m": 0.04709923289976006,
      "left_grasp_acquired": true,
      "left_pickup_verified": true,
      "all_substep_left_pad_loads": {
        "observer": "native-bilateral-pad-load-v1",
        "minimum_loaded_force_N": 0.1,
        "observed_physics_steps": 5000,
        "observed_duration_s": 0.24999999999998063,
        "minimum_normal_force_N": [
          16.496165740194726,
          15.4974106321481
        ],
        "unloaded_physics_steps": [
          0,
          0
        ],
        "unloaded_duration_s": [
          0.0,
          0.0
        ],
        "maximum_consecutive_unloaded_duration_s": [
          0.0,
          0.0
        ],
        "continuously_bilateral_loaded": true
      },
      "final_thread_overlap_m": -0.06312032761128428,
      "final_formed_flank_overlap_m": 0.0
    },
    {
      "phase": "reach_bolt",
      "bolt_insertion_advance_m": -0.0001742814284622085,
      "bolt_clockwise_rotation_rad": 0.0004211125778597058,
      "observed_helix_residual_m": -0.00017436520614766418,
      "maximum_hand_bolt_contacts": 0,
      "maximum_bolt_world_support_contacts": 12,
      "maximum_block_world_support_contacts": 0,
      "maximum_head_block_seating_contacts": 0,
      "sampled_peak_pad_contact_torque_Nm": 0.0,
      "maximum_absolute_bolt_rotation_from_phase_start_rad": 0.0004302864233021175,
      "maximum_absolute_bolt_axial_motion_from_phase_start_m": 0.0003307884363784319,
      "started_engaged": false,
      "ended_engaged": false,
      "final_bolt_world_support_contacts": 12,
      "final_block_world_support_contacts": 0,
      "final_block_lift_m": 0.046854173412231484,
      "left_grasp_acquired": true,
      "left_pickup_verified": true,
      "all_substep_left_pad_loads": {
        "observer": "native-bilateral-pad-load-v1",
        "minimum_loaded_force_N": 0.1,
        "observed_physics_steps": 11000,
        "observed_duration_s": 0.5499999999999476,
        "minimum_normal_force_N": [
          16.257440676842624,
          14.610533815480734
        ],
        "unloaded_physics_steps": [
          0,
          0
        ],
        "unloaded_duration_s": [
          0.0,
          0.0
        ],
        "maximum_consecutive_unloaded_duration_s": [
          0.0,
          0.0
        ],
        "continuously_bilateral_loaded": true
      },
      "final_thread_overlap_m": -0.06294604618282207,
      "final_formed_flank_overlap_m": 0.0
    },
    {
      "phase": "close_bolt",
      "bolt_insertion_advance_m": 5.026031298198397e-05,
      "bolt_clockwise_rotation_rad": 0.001556338723160966,
      "observed_helix_residual_m": 4.995068923083847e-05,
      "maximum_hand_bolt_contacts": 8,
      "maximum_bolt_world_support_contacts": 12,
      "maximum_block_world_support_contacts": 0,
      "maximum_head_block_seating_contacts": 0,
      "sampled_peak_pad_contact_torque_Nm": 0.002603710786976951,
      "maximum_absolute_bolt_rotation_from_phase_start_rad": 0.0015731035731407772,
      "maximum_absolute_bolt_axial_motion_from_phase_start_m": 5.2399429482277715e-05,
      "started_engaged": false,
      "ended_engaged": false,
      "final_bolt_world_support_contacts": 4,
      "final_block_world_support_contacts": 0,
      "final_block_lift_m": 0.04693108766357702,
      "left_grasp_acquired": true,
      "left_pickup_verified": true,
      "all_substep_left_pad_loads": {
        "observer": "native-bilateral-pad-load-v1",
        "minimum_loaded_force_N": 0.1,
        "observed_physics_steps": 5000,
        "observed_duration_s": 0.24999999999998063,
        "minimum_normal_force_N": [
          17.589598701289788,
          16.55446963882898
        ],
        "unloaded_physics_steps": [
          0,
          0
        ],
        "unloaded_duration_s": [
          0.0,
          0.0
        ],
        "maximum_consecutive_unloaded_duration_s": [
          0.0,
          0.0
        ],
        "continuously_bilateral_loaded": true
      },
      "final_thread_overlap_m": -0.06299630649580404,
      "final_formed_flank_overlap_m": 0.0
    },
    {
      "phase": "settle_bolt",
      "bolt_insertion_advance_m": 5.848155119544951e-06,
      "bolt_clockwise_rotation_rad": 0.00025418506358176884,
      "observed_helix_residual_m": 5.797586607883493e-06,
      "maximum_hand_bolt_contacts": 8,
      "maximum_bolt_world_support_contacts": 4,
      "maximum_block_world_support_contacts": 0,
      "maximum_head_block_seating_contacts": 0,
      "sampled_peak_pad_contact_torque_Nm": 0.004218361648185236,
      "maximum_absolute_bolt_rotation_from_phase_start_rad": 0.00025418506358176884,
      "maximum_absolute_bolt_axial_motion_from_phase_start_m": 3.287229273091219e-05,
      "started_engaged": false,
      "ended_engaged": false,
      "final_bolt_world_support_contacts": 3,
      "final_block_world_support_contacts": 0,
      "final_block_lift_m": 0.046936000263359784,
      "left_grasp_acquired": true,
      "left_pickup_verified": true,
      "all_substep_left_pad_loads": {
        "observer": "native-bilateral-pad-load-v1",
        "minimum_loaded_force_N": 0.1,
        "observed_physics_steps": 2400,
        "observed_duration_s": 0.11999999999999494,
        "minimum_normal_force_N": [
          17.518929376704317,
          16.512861682077375
        ],
        "unloaded_physics_steps": [
          0,
          0
        ],
        "unloaded_duration_s": [
          0.0,
          0.0
        ],
        "maximum_consecutive_unloaded_duration_s": [
          0.0,
          0.0
        ],
        "continuously_bilateral_loaded": true
      },
      "final_thread_overlap_m": -0.0630021546509236,
      "final_formed_flank_overlap_m": 0.0
    },
    {
      "phase": "lift_bolt",
      "bolt_insertion_advance_m": -0.11006703433789919,
      "bolt_clockwise_rotation_rad": -0.0020190098974777193,
      "observed_helix_residual_m": -0.11006663266864251,
      "maximum_hand_bolt_contacts": 8,
      "maximum_bolt_world_support_contacts": 3,
      "maximum_block_world_support_contacts": 0,
      "maximum_head_block_seating_contacts": 0,
      "sampled_peak_pad_contact_torque_Nm": 0.001940718992382017,
      "maximum_absolute_bolt_rotation_from_phase_start_rad": 0.0038365805748488135,
      "maximum_absolute_bolt_axial_motion_from_phase_start_m": 0.11008571883544824,
      "started_engaged": false,
      "ended_engaged": false,
      "final_bolt_world_support_contacts": 0,
      "final_block_world_support_contacts": 0,
      "final_block_lift_m": 0.047099240190849906,
      "left_grasp_acquired": true,
      "left_pickup_verified": true,
      "all_substep_left_pad_loads": {
        "observer": "native-bilateral-pad-load-v1",
        "minimum_loaded_force_N": 0.1,
        "observed_physics_steps": 13000,
        "observed_duration_s": 0.6499999999999366,
        "minimum_normal_force_N": [
          16.383033092214095,
          15.401994169406438
        ],
        "unloaded_physics_steps": [
          0,
          0
        ],
        "unloaded_duration_s": [
          0.0,
          0.0
        ],
        "maximum_consecutive_unloaded_duration_s": [
          0.0,
          0.0
        ],
        "continuously_bilateral_loaded": true
      },
      "final_thread_overlap_m": -0.015066149308175084,
      "final_formed_flank_overlap_m": 0.0
    },
    {
      "phase": "transport_bolt",
      "bolt_insertion_advance_m": 0.0002454046171873822,
      "bolt_clockwise_rotation_rad": -0.0008247136942887145,
      "observed_helix_residual_m": 0.00024556868876373424,
      "maximum_hand_bolt_contacts": 8,
      "maximum_bolt_world_support_contacts": 0,
      "maximum_block_world_support_contacts": 0,
      "maximum_head_block_seating_contacts": 0,
      "sampled_peak_pad_contact_torque_Nm": 2.6852572987348733e-05,
      "maximum_absolute_bolt_rotation_from_phase_start_rad": 0.0014445035046719568,
      "maximum_absolute_bolt_axial_motion_from_phase_start_m": 0.0002454046171873822,
      "started_engaged": false,
      "ended_engaged": false,
      "final_bolt_world_support_contacts": 0,
      "final_block_world_support_contacts": 0,
      "final_block_lift_m": 0.04709925063161005,
      "left_grasp_acquired": true,
      "left_pickup_verified": true,
      "all_substep_left_pad_loads": {
        "observer": "native-bilateral-pad-load-v1",
        "minimum_loaded_force_N": 0.1,
        "observed_physics_steps": 18000,
        "observed_duration_s": 0.8999999999999091,
        "minimum_normal_force_N": [
          16.496225359771852,
          15.497428081038858
        ],
        "unloaded_physics_steps": [
          0,
          0
        ],
        "unloaded_duration_s": [
          0.0,
          0.0
        ],
        "maximum_consecutive_unloaded_duration_s": [
          0.0,
          0.0
        ],
        "continuously_bilateral_loaded": true
      },
      "final_thread_overlap_m": -0.014822264058053126,
      "final_formed_flank_overlap_m": 0.0
    },
    {
      "phase": "align_over_hole",
      "bolt_insertion_advance_m": 0.014299552646071474,
      "bolt_clockwise_rotation_rad": -0.00016271258843580938,
      "observed_helix_residual_m": 0.014299585016712415,
      "maximum_hand_bolt_contacts": 8,
      "maximum_bolt_world_support_contacts": 0,
      "maximum_block_world_support_contacts": 0,
      "maximum_head_block_seating_contacts": 0,
      "sampled_peak_pad_contact_torque_Nm": 3.582351173535189e-06,
      "maximum_absolute_bolt_rotation_from_phase_start_rad": 0.0004522448620520869,
      "maximum_absolute_bolt_axial_motion_from_phase_start_m": 0.014304846900906606,
      "started_engaged": false,
      "ended_engaged": false,
      "final_bolt_world_support_contacts": 0,
      "final_block_world_support_contacts": 0,
      "final_block_lift_m": 0.0470992522499737,
      "left_grasp_acquired": true,
      "left_pickup_verified": true,
      "all_substep_left_pad_loads": {
        "observer": "native-bilateral-pad-load-v1",
        "minimum_loaded_force_N": 0.1,
        "observed_physics_steps": 9000,
        "observed_duration_s": 0.4499999999999586,
        "minimum_normal_force_N": [
          16.496226043789406,
          15.497428760968127
        ],
        "unloaded_physics_steps": [
          0,
          0
        ],
        "unloaded_duration_s": [
          0.0,
          0.0
        ],
        "maximum_consecutive_unloaded_duration_s": [
          0.0,
          0.0
        ],
        "continuously_bilateral_loaded": true
      },
      "final_thread_overlap_m": -0.0005213983778561242,
      "final_formed_flank_overlap_m": 0.0
    },
    {
      "phase": "feed_to_entry",
      "bolt_insertion_advance_m": 0.0006174933815158226,
      "bolt_clockwise_rotation_rad": 0.00026388534203647396,
      "observed_helix_residual_m": 0.0006174408831950794,
      "maximum_hand_bolt_contacts": 8,
      "maximum_bolt_world_support_contacts": 0,
      "maximum_block_world_support_contacts": 0,
      "maximum_head_block_seating_contacts": 0,
      "sampled_peak_pad_contact_torque_Nm": 8.061062807795434e-08,
      "maximum_absolute_bolt_rotation_from_phase_start_rad": 0.00026388534203647396,
      "maximum_absolute_bolt_axial_motion_from_phase_start_m": 0.0006174933815158226,
      "started_engaged": false,
      "ended_engaged": false,
      "final_bolt_world_support_contacts": 0,
      "final_block_world_support_contacts": 0,
      "final_block_lift_m": 0.04709925281002446,
      "left_grasp_acquired": true,
      "left_pickup_verified": true,
      "all_substep_left_pad_loads": {
        "observer": "native-bilateral-pad-load-v1",
        "minimum_loaded_force_N": 0.1,
        "observed_physics_steps": 5000,
        "observed_duration_s": 0.24999999999998063,
        "minimum_normal_force_N": [
          16.496226151921988,
          15.49742886875334
        ],
        "unloaded_physics_steps": [
          0,
          0
        ],
        "unloaded_duration_s": [
          0.0,
          0.0
        ],
        "maximum_consecutive_unloaded_duration_s": [
          0.0,
          0.0
        ],
        "continuously_bilateral_loaded": true
      },
      "final_thread_overlap_m": 9.60752700504483e-05,
      "final_formed_flank_overlap_m": 0.0
    },
    {
      "phase": "start_thread_1",
      "bolt_insertion_advance_m": -0.030058593016894418,
      "bolt_clockwise_rotation_rad": 3.1418541650430702,
      "observed_helix_residual_m": -0.030683645042944997,
      "maximum_hand_bolt_contacts": 8,
      "maximum_bolt_world_support_contacts": 0,
      "maximum_block_world_support_contacts": 0,
      "maximum_head_block_seating_contacts": 0,
      "sampled_peak_pad_contact_torque_Nm": 0.000655778714723339,
      "maximum_absolute_bolt_rotation_from_phase_start_rad": 3.1418738874682854,
      "maximum_absolute_bolt_axial_motion_from_phase_start_m": 0.035910512966483725,
      "started_engaged": false,
      "ended_engaged": false,
      "final_bolt_world_support_contacts": 0,
      "final_block_world_support_contacts": 0,
      "final_block_lift_m": 0.047099256434765965,
      "left_grasp_acquired": true,
      "left_pickup_verified": true,
      "all_substep_left_pad_loads": {
        "observer": "native-bilateral-pad-load-v1",
        "minimum_loaded_force_N": 0.1,
        "observed_physics_steps": 58905,
        "observed_duration_s": 2.945249999999805,
        "minimum_normal_force_N": [
          16.422943572921305,
          13.449620230708021
        ],
        "unloaded_physics_steps": [
          0,
          0
        ],
        "unloaded_duration_s": [
          0.0,
          0.0
        ],
        "maximum_consecutive_unloaded_duration_s": [
          0.0,
          0.0
        ],
        "continuously_bilateral_loaded": true
      },
      "final_thread_overlap_m": -0.02996160123182911,
      "final_formed_flank_overlap_m": 0.0
    },
    {
      "phase": "stop_start_1",
      "bolt_insertion_advance_m": 0.0026462279277651435,
      "bolt_clockwise_rotation_rad": -0.0001442487142795379,
      "observed_helix_residual_m": 0.0026462566251350336,
      "maximum_hand_bolt_contacts": 8,
      "maximum_bolt_world_support_contacts": 0,
      "maximum_block_world_support_contacts": 0,
      "maximum_head_block_seating_contacts": 0,
      "sampled_peak_pad_contact_torque_Nm": 9.158825627693398e-09,
      "maximum_absolute_bolt_rotation_from_phase_start_rad": 0.0001442487142795379,
      "maximum_absolute_bolt_axial_motion_from_phase_start_m": 0.0026462279277651435,
      "started_engaged": false,
      "ended_engaged": false,
      "final_bolt_world_support_contacts": 0,
      "final_block_world_support_contacts": 0,
      "final_block_lift_m": 0.047099256113645516,
      "left_grasp_acquired": true,
      "left_pickup_verified": true,
      "all_substep_left_pad_loads": {
        "observer": "native-bilateral-pad-load-v1",
        "minimum_loaded_force_N": 0.1,
        "observed_physics_steps": 2400,
        "observed_duration_s": 0.11999999999999494,
        "minimum_normal_force_N": [
          16.496226388955524,
          15.497429104975446
        ],
        "unloaded_physics_steps": [
          0,
          0
        ],
        "unloaded_duration_s": [
          0.0,
          0.0
        ],
        "maximum_consecutive_unloaded_duration_s": [
          0.0,
          0.0
        ],
        "continuously_bilateral_loaded": true
      },
      "final_thread_overlap_m": -0.02731535446862604,
      "final_formed_flank_overlap_m": 0.0
    },
    {
      "phase": "release_search_2",
      "bolt_insertion_advance_m": 0.028684496454727836,
      "bolt_clockwise_rotation_rad": 0.00015725446292558232,
      "observed_helix_residual_m": 0.028684465169946462,
      "maximum_hand_bolt_contacts": 8,
      "maximum_bolt_world_support_contacts": 0,
      "maximum_block_world_support_contacts": 0,
      "maximum_head_block_seating_contacts": 0,
      "sampled_peak_pad_contact_torque_Nm": 3.8158918167442024e-06,
      "maximum_absolute_bolt_rotation_from_phase_start_rad": 0.00015943996769651747,
      "maximum_absolute_bolt_axial_motion_from_phase_start_m": 0.028684496454727836,
      "started_engaged": false,
      "ended_engaged": false,
      "final_bolt_world_support_contacts": 0,
      "final_block_world_support_contacts": 0,
      "final_block_lift_m": 0.04709917935645169,
      "left_grasp_acquired": true,
      "left_pickup_verified": true,
      "all_substep_left_pad_loads": {
        "observer": "native-bilateral-pad-load-v1",
        "minimum_loaded_force_N": 0.1,
        "observed_physics_steps": 2358,
        "observed_duration_s": 0.11789999999999518,
        "minimum_normal_force_N": [
          16.496226373359782,
          9.592000036878536
        ],
        "unloaded_physics_steps": [
          0,
          0
        ],
        "unloaded_duration_s": [
          0.0,
          0.0
        ],
        "maximum_consecutive_unloaded_duration_s": [
          0.0,
          0.0
        ],
        "continuously_bilateral_loaded": true
      },
      "final_thread_overlap_m": 0.0013690750836202331,
      "final_formed_flank_overlap_m": 0.0
    }
  ],
  "acceptance_checks": {
    "completed_qualifying_turns": {
      "passed": false
    },
    "picked_up_free_bolt": {
      "passed": true,
      "maximum_world_support_after_pickup": 0,
      "sampled_minimum_closed_transport_pad_normals_N": [
        5.837163717680758,
        5.724389461536217
      ]
    },
    "started_previously_separate_threads": {
      "passed": false,
      "engagement_time_s": null
    },
    "observed_metric_lead": {
      "passed": false
    },
    "closed_turn_tracking": {
      "passed": false
    },
    "contact_torque_turns_bolt": {
      "passed": false
    },
    "open_reset_contact_decoupling": {
      "passed": true
    },
    "passive_self_locking_during_open_reset": {
      "passed": false,
      "scope": "All-substep maximum yaw/axial drift only after declared formed-flank engagement; starting-cone resets are reported separately",
      "angular_drift_limit_rad": 0.02,
      "axial_drift_limit_m": 1e-05
    },
    "reported_sdf_depth_proxy": {
      "passed": false,
      "observed_peak_m": 1.0562170081413037e-05
    },
    "entry_alignment": {
      "passed": true,
      "peak_radial_m": 0.00010079852077565019,
      "peak_tilt_rad": 0.013714666216636721
    },
    "left_grasp_retention": {
      "passed": true,
      "peak_translation_m": 0.00032370478852433455,
      "peak_rotation_rad": 0.0003731335181159954
    },
    "left_pad_contact_retention": {
      "passed": true,
      "sampled_minimum_loaded_pad_normals_N": [
        15.964667853337716,
        10.133547255948661
      ]
    },
    "left_arm_physically_lifts_block": {
      "passed": true,
      "observed_lift_m": 0.04709917935645169
    },
    "right_bolt_grasp_retention": {
      "passed": true,
      "peak_translation_m": 0.00013296296509262472
    },
    "left_block_has_no_world_support": {
      "passed": true,
      "scope": "After completion of actual table lift",
      "maximum_world_support_after_lift": 0
    },
    "free_objects_have_no_external_drive": {
      "passed": true
    },
    "native_joint_limits": {
      "passed": true,
      "minimum_observed_margin_rad": 0.034031967803114904
    },
    "no_solver_or_state_abort": {
      "passed": false
    },
    "all_substep_left_pad_contact_retention": {
      "passed": false,
      "observer": "native-bilateral-pad-load-v1",
      "minimum_loaded_force_N": 0.1,
      "observed_physics_steps": 213064,
      "observed_duration_s": 10.653199999981842,
      "minimum_normal_force_N": [
        0.0,
        0.0
      ],
      "unloaded_physics_steps": [
        9,
        6
      ],
      "unloaded_duration_s": [
        0.0004500000000000001,
        0.00030000000000000003
      ],
      "maximum_consecutive_unloaded_duration_s": [
        5e-05,
        5e-05
      ],
      "continuously_bilateral_loaded": false,
      "scope": "Every physics substep at and after the end of settle_left_block, including lift and physical roll"
    },
    "both_hands_start_separate_from_workpieces": {
      "passed": true,
      "initial_left_block_hand_contacts": 0,
      "initial_right_bolt_hand_contacts": 0
    },
    "picked_up_previously_table_supported_block": {
      "passed": true,
      "initial_block_world_support_contacts": 16,
      "left_acquisition_time_s": 1.5000000000009532,
      "left_pickup_verified_time_s": 2.400000000001076,
      "minimum_physical_block_lift_after_pickup_m": 0.04676334028059398,
      "maximum_world_support_after_pickup": 0
    }
  },
  "aborted": {
    "phase": "release_search_2",
    "time": 12.153149999978346,
    "reported_sdf_depth_m": 1.0562170081413037e-05,
    "radial_offset_m": 3.5162024743437225e-05,
    "bolt_tilt_rad": 0.008854687146360445,
    "block_grip_slip_m": 0.00022422605356700958,
    "block_grip_rotation_slip_rad": 0.00037157018297236333,
    "bolt_grip_slip_m": 0.0,
    "world_block_support_contacts": 0,
    "minimum_native_joint_margin_rad": 0.0965462910151158,
    "warnings": 0,
    "external_drive_zero": true
  },
  "wall_seconds": 350.17406202900384,
  "legacy_continuous_loaded_force_criterion": {
    "would_have_tagged_engagement": false,
    "first_pass_time_s": null,
    "required_streak_s": 0.2
  },
  "reported_sdf_depth_note": "Native contact dist proxy; not an independent overlap certificate"
}
