t=0.0001 phase=center_measured_grasp clock=0.000000 thread_up=0.066723 hand_up=0.195974 overlap_mm=1.304557 formed_um=0.000 radial_um=100.649
t=0.1001 phase=center_measured_grasp clock=0.000000 thread_up=0.000000 hand_up=0.262396 overlap_mm=1.321618 formed_um=0.000 radial_um=55.413
t=0.2001 phase=transfer_bolt_weight clock=0.000000 thread_up=0.000000 hand_up=0.262402 overlap_mm=1.349580 formed_um=0.000 radial_um=0.102
t=0.3001 phase=transfer_bolt_weight clock=0.000000 thread_up=0.000000 hand_up=0.262347 overlap_mm=1.383789 formed_um=0.000 radial_um=2.584
t=0.4001 phase=transfer_bolt_weight clock=0.000000 thread_up=0.129723 hand_up=0.132126 overlap_mm=1.399987 formed_um=0.000 radial_um=2.132
t=0.5000 phase=transfer_bolt_weight clock=0.000000 thread_up=0.255932 hand_up=0.006817 overlap_mm=1.400022 formed_um=0.000 radial_um=1.124
t=0.6001 phase=transfer_bolt_weight clock=0.000000 thread_up=0.269361 hand_up=-0.006829 overlap_mm=1.400027 formed_um=0.000 radial_um=0.827
t=0.7001 phase=transfer_bolt_weight clock=0.000000 thread_up=0.261705 hand_up=0.000688 overlap_mm=1.400026 formed_um=0.000 radial_um=0.704
t=0.8001 phase=transfer_bolt_weight clock=0.000000 thread_up=0.256056 hand_up=0.006290 overlap_mm=1.400035 formed_um=0.000 radial_um=0.611
t=0.9001 phase=transfer_bolt_weight clock=0.000000 thread_up=0.263532 hand_up=-0.001106 overlap_mm=1.400034 formed_um=0.000 radial_um=0.546
t=1.0001 phase=transfer_bolt_weight clock=0.000000 thread_up=0.260200 hand_up=0.002179 overlap_mm=1.400030 formed_um=0.000 radial_um=0.523
t=1.1000 phase=transfer_bolt_weight clock=0.000000 thread_up=0.270166 hand_up=-0.007600 overlap_mm=1.400039 formed_um=0.000 radial_um=0.452
t=1.2001 phase=reverse_seat_1 clock=-0.000404 thread_up=0.244880 hand_up=0.016464 overlap_mm=1.400023 formed_um=0.000 radial_um=0.670
t=1.3001 phase=reverse_seat_1 clock=-0.009971 thread_up=0.637846 hand_up=-0.369361 overlap_mm=1.399831 formed_um=0.000 radial_um=10.738
t=1.4001 phase=reverse_seat_1 clock=-0.042114 thread_up=0.251913 hand_up=0.008416 overlap_mm=1.399256 formed_um=0.000 radial_um=30.415
t=1.5001 phase=reverse_seat_1 clock=-0.105035 thread_up=0.000000 hand_up=0.254336 overlap_mm=1.398485 formed_um=0.000 radial_um=48.508
t=1.6000 phase=reverse_seat_1 clock=-0.202047 thread_up=0.000000 hand_up=0.251713 overlap_mm=1.395149 formed_um=0.000 radial_um=55.765
t=1.7001 phase=reverse_seat_1 clock=-0.332340 thread_up=0.000000 hand_up=0.254898 overlap_mm=1.391784 formed_um=0.000 radial_um=49.920
t=1.8001 phase=reverse_seat_1 clock=-0.491742 thread_up=0.000000 hand_up=0.256410 overlap_mm=1.386155 formed_um=0.000 radial_um=30.618
t=1.9001 phase=reverse_seat_1 clock=-0.673485 thread_up=0.000000 hand_up=0.260083 overlap_mm=1.382167 formed_um=0.000 radial_um=14.375
t=2.0000 phase=reverse_seat_1 clock=-0.868962 thread_up=0.000000 hand_up=0.262786 overlap_mm=1.373798 formed_um=0.000 radial_um=47.271
t=2.1000 phase=reverse_seat_1 clock=-1.068498 thread_up=0.000000 hand_up=0.262792 overlap_mm=1.259081 formed_um=0.000 radial_um=83.667
t=2.2001 phase=reverse_seat_1 clock=-1.262104 thread_up=0.000000 hand_up=0.262522 overlap_mm=1.010756 formed_um=0.000 radial_um=108.742
t=2.3001 phase=reverse_seat_1 clock=-1.440249 thread_up=0.000000 hand_up=0.262013 overlap_mm=0.730255 formed_um=0.000 radial_um=96.889
t=2.4001 phase=reverse_seat_1 clock=-1.594613 thread_up=0.000000 hand_up=0.261695 overlap_mm=0.595905 formed_um=0.000 radial_um=29.646
t=2.5001 phase=reverse_seat_1 clock=-1.718860 thread_up=0.000000 hand_up=0.261974 overlap_mm=0.711548 formed_um=0.000 radial_um=75.523
t=2.6000 phase=reverse_seat_1 clock=-1.809394 thread_up=0.000000 hand_up=0.262404 overlap_mm=0.985970 formed_um=0.000 radial_um=132.703
t=2.7001 phase=reverse_seat_1 clock=-1.866122 thread_up=0.000000 hand_up=0.262555 overlap_mm=1.272455 formed_um=0.000 radial_um=119.036
t=2.8001 phase=reverse_seat_1 clock=-1.893222 thread_up=0.000000 hand_up=0.262381 overlap_mm=1.448045 formed_um=0.000 radial_um=78.251
t=2.9001 phase=stop_reverse_seat_1 clock=-1.895011 thread_up=0.305963 hand_up=-0.043574 overlap_mm=1.459462 formed_um=0.000 radial_um=55.520
t=3.0001 phase=stop_reverse_seat_1 clock=-1.895011 thread_up=0.000000 hand_up=0.256156 overlap_mm=1.461202 formed_um=0.000 radial_um=40.425
t=3.1000 phase=stop_reverse_seat_1 clock=-1.895011 thread_up=0.000000 hand_up=0.256519 overlap_mm=1.470138 formed_um=0.000 radial_um=40.402
t=3.2001 phase=stop_reverse_seat_1 clock=-1.895011 thread_up=0.204151 hand_up=0.057183 overlap_mm=1.471247 formed_um=0.000 radial_um=45.117
t=3.3001 phase=stop_reverse_seat_1 clock=-1.895011 thread_up=0.000000 hand_up=0.252468 overlap_mm=1.475723 formed_um=0.000 radial_um=49.338
t=3.4001 phase=stop_reverse_seat_1 clock=-1.895011 thread_up=0.190250 hand_up=0.071223 overlap_mm=1.477758 formed_um=0.000 radial_um=57.729
t=3.5001 phase=stop_reverse_seat_1 clock=-1.895011 thread_up=0.246034 hand_up=0.016503 overlap_mm=1.485604 formed_um=0.000 radial_um=62.763
t=3.5508 phase=stop_reverse_seat_1 clock=-1.895011 thread_up=0.253628 hand_up=0.008603 overlap_mm=1.488081 formed_um=0.000 radial_um=63.763
{"all_original_guards_held": true, "aborted": null, "actual_duration_s": 3.5507500000000003, "wall_seconds": 485.42437419600174, "ever_weight_transfer_ready": true, "final_weight_window": {"observer": "diagnostic-native-bolt-weight-transfer-v1", "ready_for_diagnostic_release_attempt": false, "bolt_weight_N": 0.26241400403581094, "required_window_s": 0.1, "observed_window_s": 0.009749999999999969, "original_native_samples": 195, "mean_thread_weight_fraction": 1.1214061067948606, "mean_positive_hand_upward_weight_fraction": 0.006269267791120031, "signed_thread_gravity_opposing_impulse_Ns": 0.002869158499683924, "positive_hand_upward_impulse_Ns": 1.6040150718545323e-05, "loaded_actual_interior_flank_duration_s": 0.0, "loaded_thread_gravity_support_duty_fraction": 1.0, "entry_only_native_contact_window": true, "loaded_actual_interior_flank_contact_observed": false, "scope": "Measured bolt-weight transfer while aligned and slow. May still be cone-only; never a full-flank capture, passive reset or successful thread proof."}, "partial_formed_loaded_release_allowed": false, "final100ms": {"time_s": 9.8990749999836, "elapsed_s": 3.5007749999999995, "net_feed_N": 0.26241400403581094, "axial_motor_feed_N": -0.01017072442995166, "thread_gravity_opposing_force_N": 0.2549977720977011, "hand_gravity_opposing_force_N": 0.007418193521735013, "relative_bolt_axial_velocity_m_per_s": 5.1820098610627336e-05, "radial_offset_m": 6.19442491956452e-05, "bolt_tilt_rad": 0.0037824423460547374, "thread_overlap_m": 0.0014860673131124214, "formed_flank_overlap_m": 0.0, "interior_flank_gravity_opposing_force_N": 0.0, "interior_flank_summed_normal_force_N": 0.0, "loaded_actual_interior_flank_contact_count": 0.0, "native_thread_depth_m": 1.2363311090708463e-07, "right_grip_slip_m": 0.00011489286921203682, "table_upward_force_N": 1.2464610012197435, "left_hand_upward_force_N": 0.00733398828104022, "external_drive_zero": 1.0, "right_pad_gravity_opposing_force_N": 0.007418193521735013, "native_thread_contact_count": 0.654, "bolt_world_support_contact_count": 0.0, "nonthread_block_bolt_contact_count": 0.0, "all_checks_held": 1.0, "base_z_m": -0.022513818104033557, "yaw_unwrapped_rad": -0.554171669134848, "desired_turn_theta_rad": -1.8950109110778504, "desired_turn_angular_speed_rad_s": 0.0, "relative_bolt_angular_speed_rad_per_s": 0.004809256362881456, "relative_hand_angular_speed_rad_per_s": 0.0027725953541391716, "phase_index": 3.0, "minimum_joint_margin_rad": 0.24845471129838517, "block_translation_m": 1.6823802039459186e-06, "block_rotation_rad": 1.8916734038748136e-05, "block_lift_m": -3.221138738540635e-07, "left_pad_0_N": 16.002928330172722, "left_pad_1_N": 15.990726389061146, "right_pad_0_N": 5.8990005539771975, "right_pad_1_N": 6.018331259028031, "left_grip_slip_m": 2.7888242095660255e-06, "right_grip_rotation_slip_rad": 0.0036072172580775066, "left_grip_rotation_slip_rad": 6.19012125927025e-05, "table_loaded_ready": 1.0}}
