{
  "output": "outputs/m8_table_supported/full_canonical_v1_audits/independent_left_pad_force_history_audit.json",
  "all_consistency_checks_passed": true,
  "recomputed_stats": {
    "observer": "native-bilateral-pad-load-v1",
    "minimum_loaded_force_N": 0.1,
    "observed_physics_steps": 296524,
    "observed_duration_s": 14.8262,
    "minimum_normal_force_N": [
      15.94851763306627,
      15.83238022021067
    ],
    "unloaded_physics_steps": [
      0,
      0
    ],
    "unloaded_duration_s": [
      0.0,
      0.0
    ],
    "maximum_consecutive_unloaded_duration_s": [
      0.0,
      0.0
    ],
    "continuously_bilateral_loaded": true
  }
}
